<html>
<body>
<pre>
<h1>µVision Build Log</h1>
<h2>Tool Versions:</h2>
IDE-Version: ¦ÌVision V5.32.0.0
Copyright (C) 2020 ARM Ltd and ARM Germany GmbH. All rights reserved.
License Information: wang zitons, kisrea, LIC=D0D7S-LDCEE-Y85FK-ZY829-WMZ36-2R9QF
 
Tool Versions:
Toolchain:       MDK-ARM Plus  Version: 5.32.0.0
Toolchain Path:  C:\Keil_v5\ARM\ARMCC\Bin
C Compiler:      Armcc.exe V5.06 update 7 (build 960)
Assembler:       Armasm.exe V5.06 update 7 (build 960)
Linker/Locator:  ArmLink.exe V5.06 update 7 (build 960)
Library Manager: ArmAr.exe V5.06 update 7 (build 960)
Hex Converter:   FromElf.exe V5.06 update 7 (build 960)
CPU DLL:         SARMCM3.DLL V5.32.0.0
Dialog DLL:      DARMSTM.DLL V1.68.0.0
Target DLL:      CMSIS_AGDI.dll V1.32.12.0
Dialog DLL:      TARMSTM.DLL V1.66.0.0
 
<h2>Project:</h2>
D:\Project\n7f8\keil\Project.uvprojx
Project File Date:  01/24/2024

<h2>Output:</h2>
*** Using Compiler 'V5.06 update 7 (build 960)', folder: 'C:\Keil_v5\ARM\ARMCC\Bin'
Build target 'Target 1'
compiling serial.c...
Hardware\SERIAL\serial.c(79): warning:  #177-D: variable "sumcheck"  was declared but never referenced
      u8 sumcheck = 0;
Hardware\SERIAL\serial.c(80): warning:  #177-D: variable "addcheck"  was declared but never referenced
      u8 addcheck = 0;
Hardware\SERIAL\serial.c(159): warning:  #167-D: argument of type "u8 *" is incompatible with parameter of type "char *restrict"
      strcpy(last_sent_buffer,tbuf);
Hardware\SERIAL\serial.c(159): warning:  #167-D: argument of type "u8 *" is incompatible with parameter of type "const char *restrict"
      strcpy(last_sent_buffer,tbuf);
Hardware\SERIAL\serial.c: 4 warnings, 0 errors
linking...
Program Size: Code=22484 RO-data=3724 RW-data=204 ZI-data=1828  
FromELF: creating hex file...
".\Objects\Project.axf" - 0 Error(s), 4 Warning(s).

<h2>Software Packages used:</h2>

Package Vendor: Keil
                https://www.keil.com/pack/Keil.STM32F1xx_DFP.2.4.1.pack
                Keil.STM32F1xx_DFP.2.4.1
                STMicroelectronics STM32F1 Series Device Support, Drivers and Examples

<h2>Collection of Component include folders:</h2>
  C:\Users\zitons\AppData\Local\Arm\Packs\Keil\STM32F1xx_DFP\2.4.1\Device\Include

<h2>Collection of Component Files used:</h2>
Build Time Elapsed:  00:00:01
</pre>
</body>
</html>
