Component: ARM Compiler 5.06 update 7 (build 960) Tool: armlink [4d3601]

==============================================================================

Section Cross References

    system_stm32f10x.o(i.SetSysClock) refers to system_stm32f10x.o(i.SetSysClockTo72) for SetSysClockTo72
    system_stm32f10x.o(i.SystemCoreClockUpdate) refers to system_stm32f10x.o(.data) for SystemCoreClock
    system_stm32f10x.o(i.SystemInit) refers to system_stm32f10x.o(i.SetSysClock) for SetSysClock
    startup_stm32f10x_hd.o(STACK) refers (Special) to heapauxi.o(.text) for __use_two_region_memory
    startup_stm32f10x_hd.o(HEAP) refers (Special) to heapauxi.o(.text) for __use_two_region_memory
    startup_stm32f10x_hd.o(RESET) refers (Special) to heapauxi.o(.text) for __use_two_region_memory
    startup_stm32f10x_hd.o(RESET) refers to startup_stm32f10x_hd.o(STACK) for __initial_sp
    startup_stm32f10x_hd.o(RESET) refers to startup_stm32f10x_hd.o(.text) for Reset_Handler
    startup_stm32f10x_hd.o(RESET) refers to stm32f10x_it.o(i.NMI_Handler) for NMI_Handler
    startup_stm32f10x_hd.o(RESET) refers to stm32f10x_it.o(i.HardFault_Handler) for HardFault_Handler
    startup_stm32f10x_hd.o(RESET) refers to stm32f10x_it.o(i.MemManage_Handler) for MemManage_Handler
    startup_stm32f10x_hd.o(RESET) refers to stm32f10x_it.o(i.BusFault_Handler) for BusFault_Handler
    startup_stm32f10x_hd.o(RESET) refers to stm32f10x_it.o(i.UsageFault_Handler) for UsageFault_Handler
    startup_stm32f10x_hd.o(RESET) refers to stm32f10x_it.o(i.SVC_Handler) for SVC_Handler
    startup_stm32f10x_hd.o(RESET) refers to stm32f10x_it.o(i.DebugMon_Handler) for DebugMon_Handler
    startup_stm32f10x_hd.o(RESET) refers to stm32f10x_it.o(i.PendSV_Handler) for PendSV_Handler
    startup_stm32f10x_hd.o(RESET) refers to stm32f10x_it.o(i.SysTick_Handler) for SysTick_Handler
    startup_stm32f10x_hd.o(RESET) refers to main.o(i.EXTI3_IRQHandler) for EXTI3_IRQHandler
    startup_stm32f10x_hd.o(RESET) refers to timer.o(i.TIM2_IRQHandler) for TIM2_IRQHandler
    startup_stm32f10x_hd.o(.text) refers (Special) to heapauxi.o(.text) for __use_two_region_memory
    startup_stm32f10x_hd.o(.text) refers to system_stm32f10x.o(i.SystemInit) for SystemInit
    startup_stm32f10x_hd.o(.text) refers to __main.o(!!!main) for __main
    startup_stm32f10x_hd.o(.text) refers to startup_stm32f10x_hd.o(HEAP) for Heap_Mem
    startup_stm32f10x_hd.o(.text) refers to startup_stm32f10x_hd.o(STACK) for Stack_Mem
    stm32f10x_adc.o(i.ADC_DeInit) refers to stm32f10x_rcc.o(i.RCC_APB2PeriphResetCmd) for RCC_APB2PeriphResetCmd
    stm32f10x_bkp.o(i.BKP_DeInit) refers to stm32f10x_rcc.o(i.RCC_BackupResetCmd) for RCC_BackupResetCmd
    stm32f10x_can.o(i.CAN_DeInit) refers to stm32f10x_rcc.o(i.RCC_APB1PeriphResetCmd) for RCC_APB1PeriphResetCmd
    stm32f10x_can.o(i.CAN_GetITStatus) refers to stm32f10x_can.o(i.CheckITStatus) for CheckITStatus
    stm32f10x_cec.o(i.CEC_DeInit) refers to stm32f10x_rcc.o(i.RCC_APB1PeriphResetCmd) for RCC_APB1PeriphResetCmd
    stm32f10x_dac.o(i.DAC_DeInit) refers to stm32f10x_rcc.o(i.RCC_APB1PeriphResetCmd) for RCC_APB1PeriphResetCmd
    stm32f10x_flash.o(i.FLASH_EnableWriteProtection) refers to stm32f10x_flash.o(i.FLASH_WaitForLastOperation) for FLASH_WaitForLastOperation
    stm32f10x_flash.o(i.FLASH_EraseAllBank1Pages) refers to stm32f10x_flash.o(i.FLASH_WaitForLastBank1Operation) for FLASH_WaitForLastBank1Operation
    stm32f10x_flash.o(i.FLASH_EraseAllPages) refers to stm32f10x_flash.o(i.FLASH_WaitForLastOperation) for FLASH_WaitForLastOperation
    stm32f10x_flash.o(i.FLASH_EraseOptionBytes) refers to stm32f10x_flash.o(i.FLASH_GetReadOutProtectionStatus) for FLASH_GetReadOutProtectionStatus
    stm32f10x_flash.o(i.FLASH_EraseOptionBytes) refers to stm32f10x_flash.o(i.FLASH_WaitForLastOperation) for FLASH_WaitForLastOperation
    stm32f10x_flash.o(i.FLASH_ErasePage) refers to stm32f10x_flash.o(i.FLASH_WaitForLastOperation) for FLASH_WaitForLastOperation
    stm32f10x_flash.o(i.FLASH_ProgramHalfWord) refers to stm32f10x_flash.o(i.FLASH_WaitForLastOperation) for FLASH_WaitForLastOperation
    stm32f10x_flash.o(i.FLASH_ProgramOptionByteData) refers to stm32f10x_flash.o(i.FLASH_WaitForLastOperation) for FLASH_WaitForLastOperation
    stm32f10x_flash.o(i.FLASH_ProgramWord) refers to stm32f10x_flash.o(i.FLASH_WaitForLastOperation) for FLASH_WaitForLastOperation
    stm32f10x_flash.o(i.FLASH_ReadOutProtection) refers to stm32f10x_flash.o(i.FLASH_WaitForLastOperation) for FLASH_WaitForLastOperation
    stm32f10x_flash.o(i.FLASH_UserOptionByteConfig) refers to stm32f10x_flash.o(i.FLASH_WaitForLastOperation) for FLASH_WaitForLastOperation
    stm32f10x_flash.o(i.FLASH_WaitForLastBank1Operation) refers to stm32f10x_flash.o(i.FLASH_GetBank1Status) for FLASH_GetBank1Status
    stm32f10x_flash.o(i.FLASH_WaitForLastOperation) refers to stm32f10x_flash.o(i.FLASH_GetBank1Status) for FLASH_GetBank1Status
[...]
    .ARM.Collect$$rtentry$$00000009          0x080001b2   Section        0  __rtentry2.o(.ARM.Collect$$rtentry$$00000009)
    .ARM.Collect$$rtentry$$0000000A          0x080001b2   Section        4  __rtentry2.o(.ARM.Collect$$rtentry$$0000000A)
    .ARM.Collect$$rtentry$$0000000C          0x080001b6   Section        0  __rtentry2.o(.ARM.Collect$$rtentry$$0000000C)
    .ARM.Collect$$rtentry$$0000000D          0x080001b6   Section        8  __rtentry2.o(.ARM.Collect$$rtentry$$0000000D)
    .ARM.Collect$$rtexit$$00000000           0x080001be   Section        2  rtexit.o(.ARM.Collect$$rtexit$$00000000)
    .ARM.Collect$$rtexit$$00000002           0x080001c0   Section        0  rtexit2.o(.ARM.Collect$$rtexit$$00000002)
    .ARM.Collect$$rtexit$$00000003           0x080001c0   Section        4  rtexit2.o(.ARM.Collect$$rtexit$$00000003)
    .ARM.Collect$$rtexit$$00000004           0x080001c4   Section        6  rtexit2.o(.ARM.Collect$$rtexit$$00000004)
    .text                                    0x080001cc   Section       64  startup_stm32f10x_hd.o(.text)
    .text                                    0x0800020c   Section       72  llsdiv.o(.text)
    .text                                    0x08000254   Section        0  memcmp.o(.text)
    .text                                    0x080002ac   Section       16  aeabi_memset.o(.text)
    .text                                    0x080002bc   Section        0  heapauxi.o(.text)
    .text                                    0x080002c2   Section      238  lludivv7m.o(.text)
    .text                                    0x080003b0   Section        0  _rserrno.o(.text)
    .text                                    0x080003c6   Section       68  rt_memclr.o(.text)
    .text                                    0x0800040c   Section        8  rt_errno_addr_intlibspace.o(.text)
    .text                                    0x08000414   Section       78  rt_memclr_w.o(.text)
    .text                                    0x08000464   Section        8  libspace.o(.text)
    .text                                    0x0800046c   Section       74  sys_stackheap_outer.o(.text)
    .text                                    0x080004b6   Section        0  exit.o(.text)
    .text                                    0x080004c8   Section        0  sys_exit.o(.text)
    .text                                    0x080004d4   Section        2  use_no_semi.o(.text)
    .text                                    0x080004d6   Section        0  indicate_semi.o(.text)
    i.BusFault_Handler                       0x080004d6   Section        0  stm32f10x_it.o(i.BusFault_Handler)
    i.DMP_Init                               0x080004dc   Section        0  mpu6050.o(i.DMP_Init)
    i.DebugMon_Handler                       0x08000564   Section        0  stm32f10x_it.o(i.DebugMon_Handler)
    i.Delay_init                             0x08000568   Section        0  delay.o(i.Delay_init)
    i.Delay_ms                               0x080005ac   Section        0  delay.o(i.Delay_ms)
    i.Delay_us                               0x080005f8   Section        0  delay.o(i.Delay_us)
    i.EXTI3_IRQHandler                       0x08000644   Section        0  main.o(i.EXTI3_IRQHandler)
    i.EXTI_ClearITPendingBit                 0x0800067c   Section        0  stm32f10x_exti.o(i.EXTI_ClearITPendingBit)
    i.EXTI_Init                              0x08000688   Section        0  stm32f10x_exti.o(i.EXTI_Init)
    i.GPIO_EXTILineConfig                    0x0800071c   Section        0  stm32f10x_gpio.o(i.GPIO_EXTILineConfig)
    i.GPIO_Init                              0x0800075c   Section        0  stm32f10x_gpio.o(i.GPIO_Init)
    i.HardFault_Handler                      0x08000872   Section        0  stm32f10x_it.o(i.HardFault_Handler)
    i.I2C_ReadOneByte                        0x08000876   Section        0  ioi2c.o(i.I2C_ReadOneByte)
    i.IIC_Ack                                0x080008bc   Section        0  ioi2c.o(i.IIC_Ack)
    i.IIC_Init                               0x08000908   Section        0  ioi2c.o(i.IIC_Init)
    i.IIC_NAck                               0x08000934   Section        0  ioi2c.o(i.IIC_NAck)
    i.IIC_Read_Byte                          0x08000980   Section        0  ioi2c.o(i.IIC_Read_Byte)
    i.IIC_Send_Byte                          0x080009f0   Section        0  ioi2c.o(i.IIC_Send_Byte)
    i.IIC_Start                              0x08000a54   Section        0  ioi2c.o(i.IIC_Start)
    i.IIC_Stop                               0x08000abc   Section        0  ioi2c.o(i.IIC_Stop)
    i.IIC_Wait_Ack                           0x08000b04   Section        0  ioi2c.o(i.IIC_Wait_Ack)
    i.IICreadByte                            0x08000b6c   Section        0  ioi2c.o(i.IICreadByte)
    i.IICreadBytes                           0x08000b84   Section        0  ioi2c.o(i.IICreadBytes)
    i.IICwriteBit                            0x08000bf8   Section        0  ioi2c.o(i.IICwriteBit)
    i.IICwriteBits                           0x08000c38   Section        0  ioi2c.o(i.IICwriteBits)
    i.IICwriteByte                           0x08000ca2   Section        0  ioi2c.o(i.IICwriteByte)
    i.IICwriteBytes                          0x08000cb6   Section        0  ioi2c.o(i.IICwriteBytes)
    i.MBOT_EXTI_Init                         0x08000cfc   Section        0  myexti.o(i.MBOT_EXTI_Init)
    i.MPU6050_getDeviceID                    0x08000d68   Section        0  mpu6050.o(i.MPU6050_getDeviceID)
    i.MPU6050_initialize                     0x08000d80   Section        0  mpu6050.o(i.MPU6050_initialize)
    i.MPU6050_setClockSource                 0x08000da8   Section        0  mpu6050.o(i.MPU6050_setClockSource)
    i.MPU6050_setFullScaleAccelRange         0x08000dbc   Section        0  mpu6050.o(i.MPU6050_setFullScaleAccelRange)
    i.MPU6050_setFullScaleGyroRange          0x08000dd0   Section        0  mpu6050.o(i.MPU6050_setFullScaleGyroRange)
    i.MPU6050_setI2CBypassEnabled            0x08000de4   Section        0  mpu6050.o(i.MPU6050_setI2CBypassEnabled)
    i.MPU6050_setI2CMasterModeEnabled        0x08000df6   Section        0  mpu6050.o(i.MPU6050_setI2CMasterModeEnabled)
    i.MPU6050_setSleepEnabled                0x08000e08   Section        0  mpu6050.o(i.MPU6050_setSleepEnabled)
    i.MemManage_Handler                      0x08000e1a   Section        0  stm32f10x_it.o(i.MemManage_Handler)
    i.NMI_Handler                            0x08000e1e   Section        0  stm32f10x_it.o(i.NMI_Handler)
    i.NVIC_Init                              0x08000e20   Section        0  misc.o(i.NVIC_Init)
    i.PendSV_Handler                         0x08000e90   Section        0  stm32f10x_it.o(i.PendSV_Handler)
    i.RCC_APB2PeriphClockCmd                 0x08000e94   Section        0  stm32f10x_rcc.o(i.RCC_APB2PeriphClockCmd)
    i.Read_DMP                               0x08000eb4   Section        0  mpu6050.o(i.Read_DMP)
    i.SVC_Handler                            0x080010b0   Section        0  stm32f10x_it.o(i.SVC_Handler)
    i.SetSysClock                            0x080010b2   Section        0  system_stm32f10x.o(i.SetSysClock)
    SetSysClock                              0x080010b3   Thumb Code     8  system_stm32f10x.o(i.SetSysClock)
    i.SetSysClockTo72                        0x080010bc   Section        0  system_stm32f10x.o(i.SetSysClockTo72)
    SetSysClockTo72                          0x080010bd   Thumb Code   214  system_stm32f10x.o(i.SetSysClockTo72)
    i.SysTick_CLKSourceConfig                0x0800119c   Section        0  misc.o(i.SysTick_CLKSourceConfig)
    i.SysTick_Handler                        0x080011c4   Section        0  stm32f10x_it.o(i.SysTick_Handler)
    i.SystemInit                             0x080011c8   Section        0  system_stm32f10x.o(i.SystemInit)
    i.TIM2_IRQHandler                        0x08001228   Section        0  timer.o(i.TIM2_IRQHandler)
    i.TIM_ClearITPendingBit                  0x08001240   Section        0  stm32f10x_tim.o(i.TIM_ClearITPendingBit)
    i.TIM_GetITStatus                        0x08001246   Section        0  stm32f10x_tim.o(i.TIM_GetITStatus)
    i.UsageFault_Handler                     0x08001268   Section        0  stm32f10x_it.o(i.UsageFault_Handler)
    i.__ARM_fpclassify                       0x0800126c   Section        0  fpclassify.o(i.__ARM_fpclassify)
    i.__kernel_poly                          0x08001294   Section        0  poly.o(i.__kernel_poly)
    i.__mathlib_dbl_infnan                   0x0800133e   Section        0  dunder.o(i.__mathlib_dbl_infnan)
    i.__mathlib_dbl_infnan2                  0x08001344   Section        0  dunder.o(i.__mathlib_dbl_infnan2)
    i.__mathlib_dbl_underflow                0x08001348   Section        0  dunder.o(i.__mathlib_dbl_underflow)
    i.accel_self_test                        0x08001358   Section        0  inv_mpu.o(i.accel_self_test)
    accel_self_test                          0x08001359   Thumb Code   164  inv_mpu.o(i.accel_self_test)
    i.atan                                   0x08001400   Section        0  atan.o(i.atan)
    i.atan2                                  0x08001620   Section        0  atan2.o(i.atan2)
    i.decode_gesture                         0x080017bc   Section        0  inv_mpu_dmp_motion_driver.o(i.decode_gesture)
    decode_gesture                           0x080017bd   Thumb Code    94  inv_mpu_dmp_motion_driver.o(i.decode_gesture)
    i.dmp_enable_6x_lp_quat                  0x08001820   Section        0  inv_mpu_dmp_motion_driver.o(i.dmp_enable_6x_lp_quat)
    i.dmp_enable_feature                     0x0800185c   Section        0  inv_mpu_dmp_motion_driver.o(i.dmp_enable_feature)
    i.dmp_enable_gyro_cal                    0x08001a78   Section        0  inv_mpu_dmp_motion_driver.o(i.dmp_enable_gyro_cal)
    i.dmp_enable_lp_quat                     0x08001ad0   Section        0  inv_mpu_dmp_motion_driver.o(i.dmp_enable_lp_quat)
    i.dmp_load_motion_driver_firmware        0x08001b0c   Section        0  inv_mpu_dmp_motion_driver.o(i.dmp_load_motion_driver_firmware)
    i.dmp_read_fifo                          0x08001b24   Section        0  inv_mpu_dmp_motion_driver.o(i.dmp_read_fifo)
    i.dmp_set_accel_bias                     0x08001cf0   Section        0  inv_mpu_dmp_motion_driver.o(i.dmp_set_accel_bias)
    i.dmp_set_fifo_rate                      0x08001e20   Section        0  inv_mpu_dmp_motion_driver.o(i.dmp_set_fifo_rate)
    i.dmp_set_gyro_bias                      0x08001e90   Section        0  inv_mpu_dmp_motion_driver.o(i.dmp_set_gyro_bias)
    i.dmp_set_orientation                    0x08001fc0   Section        0  inv_mpu_dmp_motion_driver.o(i.dmp_set_orientation)
    i.dmp_set_shake_reject_thresh            0x080020f8   Section        0  inv_mpu_dmp_motion_driver.o(i.dmp_set_shake_reject_thresh)
    i.dmp_set_shake_reject_time              0x08002130   Section        0  inv_mpu_dmp_motion_driver.o(i.dmp_set_shake_reject_time)
    i.dmp_set_shake_reject_timeout           0x08002156   Section        0  inv_mpu_dmp_motion_driver.o(i.dmp_set_shake_reject_timeout)
    i.dmp_set_tap_axes                       0x0800217c   Section        0  inv_mpu_dmp_motion_driver.o(i.dmp_set_tap_axes)
    i.dmp_set_tap_count                      0x080021c2   Section        0  inv_mpu_dmp_motion_driver.o(i.dmp_set_tap_count)
    i.dmp_set_tap_thresh                     0x080021e8   Section        0  inv_mpu_dmp_motion_driver.o(i.dmp_set_tap_thresh)
    i.dmp_set_tap_time                       0x08002388   Section        0  inv_mpu_dmp_motion_driver.o(i.dmp_set_tap_time)
    i.dmp_set_tap_time_multi                 0x080023ae   Section        0  inv_mpu_dmp_motion_driver.o(i.dmp_set_tap_time_multi)
    i.getAngle                               0x080023d4   Section        0  mpu6050.o(i.getAngle)
    i.get_accel_prod_shift                   0x08002428   Section        0  inv_mpu.o(i.get_accel_prod_shift)
    get_accel_prod_shift                     0x08002429   Thumb Code   168  inv_mpu.o(i.get_accel_prod_shift)
    i.get_st_biases                          0x080024dc   Section        0  inv_mpu.o(i.get_st_biases)
    get_st_biases                            0x080024dd   Thumb Code  1128  inv_mpu.o(i.get_st_biases)
    i.gyro_self_test                         0x08002948   Section        0  inv_mpu.o(i.gyro_self_test)
    gyro_self_test                           0x08002949   Thumb Code   256  inv_mpu.o(i.gyro_self_test)
    i.i2cRead                                0x08002a58   Section        0  ioi2c.o(i.i2cRead)
    i.i2cWrite                               0x08002ace   Section        0  ioi2c.o(i.i2cWrite)
    i.inv_orientation_matrix_to_scalar       0x08002b2e   Section        0  mpu6050.o(i.inv_orientation_matrix_to_scalar)
    inv_orientation_matrix_to_scalar         0x08002b2f   Thumb Code    40  mpu6050.o(i.inv_orientation_matrix_to_scalar)
    i.inv_row_2_scale                        0x08002b56   Section        0  mpu6050.o(i.inv_row_2_scale)
    inv_row_2_scale                          0x08002b57   Thumb Code    78  mpu6050.o(i.inv_row_2_scale)
    i.main                                   0x08002ba4   Section        0  main.o(i.main)
    i.mpu_configure_fifo                     0x08002bd8   Section        0  inv_mpu.o(i.mpu_configure_fifo)
    i.mpu_get_accel_fsr                      0x08002c48   Section        0  inv_mpu.o(i.mpu_get_accel_fsr)
    i.mpu_get_accel_sens                     0x08002c94   Section        0  inv_mpu.o(i.mpu_get_accel_sens)
    i.mpu_get_fifo_config                    0x08002ce8   Section        0  inv_mpu.o(i.mpu_get_fifo_config)
    i.mpu_get_gyro_fsr                       0x08002cf8   Section        0  inv_mpu.o(i.mpu_get_gyro_fsr)
    i.mpu_get_gyro_sens                      0x08002d3c   Section        0  inv_mpu.o(i.mpu_get_gyro_sens)
    i.mpu_get_lpf                            0x08002d8c   Section        0  inv_mpu.o(i.mpu_get_lpf)
    i.mpu_get_sample_rate                    0x08002ddc   Section        0  inv_mpu.o(i.mpu_get_sample_rate)
    i.mpu_init                               0x08002dfc   Section        0  inv_mpu.o(i.mpu_init)
    i.mpu_load_firmware                      0x08002f8c   Section        0  inv_mpu.o(i.mpu_load_firmware)
    i.mpu_lp_accel_mode                      0x08003044   Section        0  inv_mpu.o(i.mpu_lp_accel_mode)
    i.mpu_read_fifo_stream                   0x08003124   Section        0  inv_mpu.o(i.mpu_read_fifo_stream)
    i.mpu_read_mem                           0x080031e4   Section        0  inv_mpu.o(i.mpu_read_mem)
    i.mpu_reset_fifo                         0x08003264   Section        0  inv_mpu.o(i.mpu_reset_fifo)
    i.mpu_run_self_test                      0x08003420   Section        0  inv_mpu.o(i.mpu_run_self_test)
    i.mpu_set_accel_fsr                      0x0800353c   Section        0  inv_mpu.o(i.mpu_set_accel_fsr)
    i.mpu_set_bypass                         0x080035c0   Section        0  inv_mpu.o(i.mpu_set_bypass)
    i.mpu_set_dmp_state                      0x0800370c   Section        0  inv_mpu.o(i.mpu_set_dmp_state)
    i.mpu_set_gyro_fsr                       0x0800379c   Section        0  inv_mpu.o(i.mpu_set_gyro_fsr)
    i.mpu_set_int_latched                    0x08003824   Section        0  inv_mpu.o(i.mpu_set_int_latched)
    i.mpu_set_lpf                            0x08003890   Section        0  inv_mpu.o(i.mpu_set_lpf)
    i.mpu_set_sample_rate                    0x08003914   Section        0  inv_mpu.o(i.mpu_set_sample_rate)
    i.mpu_set_sensors                        0x080039b0   Section        0  inv_mpu.o(i.mpu_set_sensors)
    i.mpu_write_mem                          0x08003a80   Section        0  inv_mpu.o(i.mpu_write_mem)
    i.myget_ms                               0x08003b00   Section        0  inv_mpu.o(i.myget_ms)
    i.run_self_test                          0x08003b02   Section        0  mpu6050.o(i.run_self_test)
    run_self_test                            0x08003b03   Thumb Code   144  mpu6050.o(i.run_self_test)
    i.set_int_enable                         0x08003b94   Section        0  inv_mpu.o(i.set_int_enable)
    set_int_enable                           0x08003b95   Thumb Code   138  inv_mpu.o(i.set_int_enable)
    x$fpl$d2f                                0x08003c24   Section       98  d2f.o(x$fpl$d2f)
    x$fpl$dadd                               0x08003c88   Section      336  daddsub_clz.o(x$fpl$dadd)
    _dadd1                                   0x08003c99   Thumb Code     0  daddsub_clz.o(x$fpl$dadd)
    x$fpl$dcheck1                            0x08003dd8   Section       16  dcheck1.o(x$fpl$dcheck1)
    x$fpl$dcmpinf                            0x08003de8   Section       24  dcmpi.o(x$fpl$dcmpinf)
    x$fpl$ddiv                               0x08003e00   Section      688  ddiv.o(x$fpl$ddiv)
    ddiv_entry                               0x08003e07   Thumb Code     0  ddiv.o(x$fpl$ddiv)
    x$fpl$deqf                               0x080040b0   Section      120  deqf.o(x$fpl$deqf)
    x$fpl$dmul                               0x08004128   Section      340  dmul.o(x$fpl$dmul)
    x$fpl$dnaninf                            0x0800427c   Section      156  dnaninf.o(x$fpl$dnaninf)
    x$fpl$dretinf                            0x08004318   Section       12  dretinf.o(x$fpl$dretinf)
    x$fpl$drsb                               0x08004324   Section       22  daddsub_clz.o(x$fpl$drsb)
    x$fpl$dsub                               0x0800433c   Section      468  daddsub_clz.o(x$fpl$dsub)
    _dsub1                                   0x0800434d   Thumb Code     0  daddsub_clz.o(x$fpl$dsub)
    x$fpl$f2d                                0x08004510   Section       86  f2d.o(x$fpl$f2d)
    x$fpl$fadd                               0x08004568   Section      196  faddsub_clz.o(x$fpl$fadd)
    _fadd1                                   0x08004577   Thumb Code     0  faddsub_clz.o(x$fpl$fadd)
    x$fpl$fcmpinf                            0x0800462c   Section       24  fcmpi.o(x$fpl$fcmpinf)
    x$fpl$fdiv                               0x08004644   Section      388  fdiv.o(x$fpl$fdiv)
    _fdiv1                                   0x08004645   Thumb Code     0  fdiv.o(x$fpl$fdiv)
    x$fpl$feqf                               0x080047c8   Section      104  feqf.o(x$fpl$feqf)
    x$fpl$ffix                               0x08004830   Section       54  ffix.o(x$fpl$ffix)
    x$fpl$ffixu                              0x08004868   Section       62  ffixu.o(x$fpl$ffixu)
    x$fpl$fflt                               0x080048a8   Section       48  fflt_clz.o(x$fpl$fflt)
    x$fpl$ffltu                              0x080048d8   Section       38  fflt_clz.o(x$fpl$ffltu)
    x$fpl$fleqf                              0x08004900   Section      104  fleqf.o(x$fpl$fleqf)
    x$fpl$fmul                               0x08004968   Section      258  fmul.o(x$fpl$fmul)
    x$fpl$fnaninf                            0x08004a6a   Section      140  fnaninf.o(x$fpl$fnaninf)
    x$fpl$fretinf                            0x08004af6   Section       10  fretinf.o(x$fpl$fretinf)
    x$fpl$frleqf                             0x08004b00   Section       98  frleqf.o(x$fpl$frleqf)
    x$fpl$fsub                               0x08004b64   Section      234  faddsub_clz.o(x$fpl$fsub)
    _fsub1                                   0x08004b73   Thumb Code     0  faddsub_clz.o(x$fpl$fsub)
    x$fpl$retnan                             0x08004c4e   Section      100  retnan.o(x$fpl$retnan)
    x$fpl$scalbn                             0x08004cb2   Section       92  scalbn.o(x$fpl$scalbn)
    x$fpl$trapveneer                         0x08004d0e   Section       48  trapv.o(x$fpl$trapveneer)
    x$fpl$usenofp                            0x08004d3e   Section        0  usenofp.o(x$fpl$usenofp)
    .constdata                               0x08004d40   Section       80  inv_mpu.o(.constdata)
    .constdata                               0x08004d90   Section     3062  inv_mpu_dmp_motion_driver.o(.constdata)
    dmp_memory                               0x08004d90   Data        3062  inv_mpu_dmp_motion_driver.o(.constdata)
    .constdata                               0x08005988   Section      152  atan.o(.constdata)
    atanhi                                   0x08005988   Data          32  atan.o(.constdata)
    atanlo                                   0x080059a8   Data          32  atan.o(.constdata)
    aTodd                                    0x080059c8   Data          40  atan.o(.constdata)
    aTeven                                   0x080059f0   Data          48  atan.o(.constdata)
    .constdata                               0x08005a20   Section        8  qnan.o(.constdata)
    .data                                    0x20000000   Section       20  system_stm32f10x.o(.data)
    .data                                    0x20000014   Section        4  delay.o(.data)
    fac_us                                   0x20000014   Data           1  delay.o(.data)
    fac_ms                                   0x20000016   Data           2  delay.o(.data)
    .data                                    0x20000018   Section       44  inv_mpu.o(.data)
    st                                       0x20000018   Data          44  inv_mpu.o(.data)
    .data                                    0x20000044   Section       60  mpu6050.o(.data)
    gyro_orientation                         0x20000070   Data           9  mpu6050.o(.data)
    .data                                    0x20000080   Section        8  main.o(.data)
    .bss                                     0x20000088   Section       16  inv_mpu_dmp_motion_driver.o(.bss)
    dmp                                      0x20000088   Data          16  inv_mpu_dmp_motion_driver.o(.bss)
    .bss                                     0x20000098   Section      146  mpu6050.o(.bss)
    .bss                                     0x2000012a   Section       14  main.o(.bss)
    .bss                                     0x20000138   Section       96  libspace.o(.bss)
    HEAP                                     0x20000198   Section      512  startup_stm32f10x_hd.o(HEAP)
    Heap_Mem                                 0x20000198   Data         512  startup_stm32f10x_hd.o(HEAP)
    STACK                                    0x20000398   Section     1024  startup_stm32f10x_hd.o(STACK)
    Stack_Mem                                0x20000398   Data        1024  startup_stm32f10x_hd.o(STACK)
    __initial_sp                             0x20000798   Data           0  startup_stm32f10x_hd.o(STACK)

    Global Symbols

    Symbol Name                              Value     Ov Type        Size  Object(Section)

    BuildAttributes$$THM_ISAv4$P$D$K$B$S$PE$A:L22UL41UL21$X:L11$S22US41US21$IEEE1$IW$USESV6$~STKCKD$USESV7$~SHL$OTIME$ROPI$IEEEX$EBA8$UX$STANDARDLIB$REQ8$PRES8$EABIv2 0x00000000   Number         0  anon$$obj.o ABSOLUTE
    __ARM_use_no_argv                        0x00000000   Number         0  main.o ABSOLUTE
    __ARM_exceptions_init                     - Undefined Weak Reference
    __alloca_initialize                       - Undefined Weak Reference
    __arm_fini_                               - Undefined Weak Reference
    __arm_preinit_                            - Undefined Weak Reference
    __cpp_initialize__aeabi_                  - Undefined Weak Reference
    __cxa_finalize                            - Undefined Weak Reference
    __rt_locale                               - Undefined Weak Reference
    __sigvec_lookup                           - Undefined Weak Reference
    _atexit_init                              - Undefined Weak Reference
    _call_atexit_fns                          - Undefined Weak Reference
    _clock_init                               - Undefined Weak Reference
    _fp_trap_init                             - Undefined Weak Reference
    _fp_trap_shutdown                         - Undefined Weak Reference
    _get_lc_collate                           - Undefined Weak Reference
    _get_lc_ctype                             - Undefined Weak Reference
    _get_lc_monetary                          - Undefined Weak Reference
    _get_lc_numeric                           - Undefined Weak Reference
    _get_lc_time                              - Undefined Weak Reference
    _getenv_init                              - Undefined Weak Reference
    _handle_redirection                       - Undefined Weak Reference
    _init_alloc                               - Undefined Weak Reference
    _init_user_alloc                          - Undefined Weak Reference
    _initio                                   - Undefined Weak Reference
    _rand_init                                - Undefined Weak Reference
    _signal_finish                            - Undefined Weak Reference
    _signal_init                              - Undefined Weak Reference
    _terminate_alloc                          - Undefined Weak Reference
    _terminate_user_alloc                     - Undefined Weak Reference
    _terminateio                              - Undefined Weak Reference
    __Vectors_Size                           0x00000130   Number         0  startup_stm32f10x_hd.o ABSOLUTE
    __Vectors                                0x08000000   Data           4  startup_stm32f10x_hd.o(RESET)
    __Vectors_End                            0x08000130   Data           0  startup_stm32f10x_hd.o(RESET)
    __main                                   0x08000131   Thumb Code     8  __main.o(!!!main)
    __scatterload                            0x08000139   Thumb Code     0  __scatter.o(!!!scatter)
    __scatterload_rt2                        0x08000139   Thumb Code    44  __scatter.o(!!!scatter)
    __scatterload_rt2_thumb_only             0x08000139   Thumb Code     0  __scatter.o(!!!scatter)
    __scatterload_null                       0x08000147   Thumb Code     0  __scatter.o(!!!scatter)
    __scatterload_copy                       0x0800016d   Thumb Code    26  __scatter_copy.o(!!handler_copy)
    __scatterload_zeroinit                   0x08000189   Thumb Code    28  __scatter_zi.o(!!handler_zi)
    __rt_lib_init                            0x080001a5   Thumb Code     0  libinit.o(.ARM.Collect$$libinit$$00000000)
    __rt_lib_init_alloca_1                   0x080001a7   Thumb Code     0  libinit2.o(.ARM.Collect$$libinit$$0000002E)
    __rt_lib_init_argv_1                     0x080001a7   Thumb Code     0  libinit2.o(.ARM.Collect$$libinit$$0000002C)
    __rt_lib_init_atexit_1                   0x080001a7   Thumb Code     0  libinit2.o(.ARM.Collect$$libinit$$0000001B)
    __rt_lib_init_clock_1                    0x080001a7   Thumb Code     0  libinit2.o(.ARM.Collect$$libinit$$00000021)
    __rt_lib_init_cpp_1                      0x080001a7   Thumb Code     0  libinit2.o(.ARM.Collect$$libinit$$00000032)
    __rt_lib_init_exceptions_1               0x080001a7   Thumb Code     0  libinit2.o(.ARM.Collect$$libinit$$00000030)
    __rt_lib_init_fp_1                       0x080001a7   Thumb Code     0  libinit2.o(.ARM.Collect$$libinit$$00000002)
    __rt_lib_init_fp_trap_1                  0x080001a7   Thumb Code     0  libinit2.o(.ARM.Collect$$libinit$$0000001F)
    __rt_lib_init_getenv_1                   0x080001a7   Thumb Code     0  libinit2.o(.ARM.Collect$$libinit$$00000023)
    __rt_lib_init_heap_1                     0x080001a7   Thumb Code     0  libinit2.o(.ARM.Collect$$libinit$$0000000A)
    __rt_lib_init_lc_collate_1               0x080001a7   Thumb Code     0  libinit2.o(.ARM.Collect$$libinit$$00000011)
    __rt_lib_init_lc_ctype_1                 0x080001a7   Thumb Code     0  libinit2.o(.ARM.Collect$$libinit$$00000013)
    __rt_lib_init_lc_monetary_1              0x080001a7   Thumb Code     0  libinit2.o(.ARM.Collect$$libinit$$00000015)
    __rt_lib_init_lc_numeric_1               0x080001a7   Thumb Code     0  libinit2.o(.ARM.Collect$$libinit$$00000017)
    __rt_lib_init_lc_time_1                  0x080001a7   Thumb Code     0  libinit2.o(.ARM.Collect$$libinit$$00000019)
    __rt_lib_init_preinit_1                  0x080001a7   Thumb Code     0  libinit2.o(.ARM.Collect$$libinit$$00000004)
    __rt_lib_init_rand_1                     0x080001a7   Thumb Code     0  libinit2.o(.ARM.Collect$$libinit$$0000000E)
    __rt_lib_init_return                     0x080001a7   Thumb Code     0  libinit2.o(.ARM.Collect$$libinit$$00000033)
    __rt_lib_init_signal_1                   0x080001a7   Thumb Code     0  libinit2.o(.ARM.Collect$$libinit$$0000001D)
    __rt_lib_init_stdio_1                    0x080001a7   Thumb Code     0  libinit2.o(.ARM.Collect$$libinit$$00000025)
    __rt_lib_init_user_alloc_1               0x080001a7   Thumb Code     0  libinit2.o(.ARM.Collect$$libinit$$0000000C)
    __rt_lib_shutdown                        0x080001a9   Thumb Code     0  libshutdown.o(.ARM.Collect$$libshutdown$$00000000)
    __rt_lib_shutdown_cpp_1                  0x080001ab   Thumb Code     0  libshutdown2.o(.ARM.Collect$$libshutdown$$00000004)
    __rt_lib_shutdown_fini_1                 0x080001ab   Thumb Code     0  libshutdown2.o(.ARM.Collect$$libshutdown$$00000002)
    __rt_lib_shutdown_fp_trap_1              0x080001ab   Thumb Code     0  libshutdown2.o(.ARM.Collect$$libshutdown$$00000009)
    __rt_lib_shutdown_heap_1                 0x080001ab   Thumb Code     0  libshutdown2.o(.ARM.Collect$$libshutdown$$00000011)
    __rt_lib_shutdown_return                 0x080001ab   Thumb Code     0  libshutdown2.o(.ARM.Collect$$libshutdown$$00000012)
    __rt_lib_shutdown_signal_1               0x080001ab   Thumb Code     0  libshutdown2.o(.ARM.Collect$$libshutdown$$0000000C)
    __rt_lib_shutdown_stdio_1                0x080001ab   Thumb Code     0  libshutdown2.o(.ARM.Collect$$libshutdown$$00000006)
    __rt_lib_shutdown_user_alloc_1           0x080001ab   Thumb Code     0  libshutdown2.o(.ARM.Collect$$libshutdown$$0000000E)
    __rt_entry                               0x080001ad   Thumb Code     0  __rtentry.o(.ARM.Collect$$rtentry$$00000000)
    __rt_entry_presh_1                       0x080001ad   Thumb Code     0  __rtentry2.o(.ARM.Collect$$rtentry$$00000002)
    __rt_entry_sh                            0x080001ad   Thumb Code     0  __rtentry4.o(.ARM.Collect$$rtentry$$00000004)
    __rt_entry_li                            0x080001b3   Thumb Code     0  __rtentry2.o(.ARM.Collect$$rtentry$$0000000A)
    __rt_entry_postsh_1                      0x080001b3   Thumb Code     0  __rtentry2.o(.ARM.Collect$$rtentry$$00000009)
    __rt_entry_main                          0x080001b7   Thumb Code     0  __rtentry2.o(.ARM.Collect$$rtentry$$0000000D)
    __rt_entry_postli_1                      0x080001b7   Thumb Code     0  __rtentry2.o(.ARM.Collect$$rtentry$$0000000C)
    __rt_exit                                0x080001bf   Thumb Code     0  rtexit.o(.ARM.Collect$$rtexit$$00000000)
    __rt_exit_ls                             0x080001c1   Thumb Code     0  rtexit2.o(.ARM.Collect$$rtexit$$00000003)
    __rt_exit_prels_1                        0x080001c1   Thumb Code     0  rtexit2.o(.ARM.Collect$$rtexit$$00000002)
    __rt_exit_exit                           0x080001c5   Thumb Code     0  rtexit2.o(.ARM.Collect$$rtexit$$00000004)
    Reset_Handler                            0x080001cd   Thumb Code     8  startup_stm32f10x_hd.o(.text)
    ADC1_2_IRQHandler                        0x080001e7   Thumb Code     0  startup_stm32f10x_hd.o(.text)
    ADC3_IRQHandler                          0x080001e7   Thumb Code     0  startup_stm32f10x_hd.o(.text)
    CAN1_RX1_IRQHandler                      0x080001e7   Thumb Code     0  startup_stm32f10x_hd.o(.text)
    CAN1_SCE_IRQHandler                      0x080001e7   Thumb Code     0  startup_stm32f10x_hd.o(.text)
    DMA1_Channel1_IRQHandler                 0x080001e7   Thumb Code     0  startup_stm32f10x_hd.o(.text)
    DMA1_Channel2_IRQHandler                 0x080001e7   Thumb Code     0  startup_stm32f10x_hd.o(.text)
    DMA1_Channel3_IRQHandler                 0x080001e7   Thumb Code     0  startup_stm32f10x_hd.o(.text)
    DMA1_Channel4_IRQHandler                 0x080001e7   Thumb Code     0  startup_stm32f10x_hd.o(.text)
    DMA1_Channel5_IRQHandler                 0x080001e7   Thumb Code     0  startup_stm32f10x_hd.o(.text)
    DMA1_Channel6_IRQHandler                 0x080001e7   Thumb Code     0  startup_stm32f10x_hd.o(.text)
    DMA1_Channel7_IRQHandler                 0x080001e7   Thumb Code     0  startup_stm32f10x_hd.o(.text)
    DMA2_Channel1_IRQHandler                 0x080001e7   Thumb Code     0  startup_stm32f10x_hd.o(.text)
    DMA2_Channel2_IRQHandler                 0x080001e7   Thumb Code     0  startup_stm32f10x_hd.o(.text)
    DMA2_Channel3_IRQHandler                 0x080001e7   Thumb Code     0  startup_stm32f10x_hd.o(.text)
    DMA2_Channel4_5_IRQHandler               0x080001e7   Thumb Code     0  startup_stm32f10x_hd.o(.text)
    EXTI0_IRQHandler                         0x080001e7   Thumb Code     0  startup_stm32f10x_hd.o(.text)
    EXTI15_10_IRQHandler                     0x080001e7   Thumb Code     0  startup_stm32f10x_hd.o(.text)
    EXTI1_IRQHandler                         0x080001e7   Thumb Code     0  startup_stm32f10x_hd.o(.text)
    EXTI2_IRQHandler                         0x080001e7   Thumb Code     0  startup_stm32f10x_hd.o(.text)
    EXTI4_IRQHandler                         0x080001e7   Thumb Code     0  startup_stm32f10x_hd.o(.text)
    EXTI9_5_IRQHandler                       0x080001e7   Thumb Code     0  startup_stm32f10x_hd.o(.text)
    FLASH_IRQHandler                         0x080001e7   Thumb Code     0  startup_stm32f10x_hd.o(.text)
    FSMC_IRQHandler                          0x080001e7   Thumb Code     0  startup_stm32f10x_hd.o(.text)
    I2C1_ER_IRQHandler                       0x080001e7   Thumb Code     0  startup_stm32f10x_hd.o(.text)
    I2C1_EV_IRQHandler                       0x080001e7   Thumb Code     0  startup_stm32f10x_hd.o(.text)
    I2C2_ER_IRQHandler                       0x080001e7   Thumb Code     0  startup_stm32f10x_hd.o(.text)
    I2C2_EV_IRQHandler                       0x080001e7   Thumb Code     0  startup_stm32f10x_hd.o(.text)
    PVD_IRQHandler                           0x080001e7   Thumb Code     0  startup_stm32f10x_hd.o(.text)
    RCC_IRQHandler                           0x080001e7   Thumb Code     0  startup_stm32f10x_hd.o(.text)
    RTCAlarm_IRQHandler                      0x080001e7   Thumb Code     0  startup_stm32f10x_hd.o(.text)
    RTC_IRQHandler                           0x080001e7   Thumb Code     0  startup_stm32f10x_hd.o(.text)
    SDIO_IRQHandler                          0x080001e7   Thumb Code     0  startup_stm32f10x_hd.o(.text)
    SPI1_IRQHandler                          0x080001e7   Thumb Code     0  startup_stm32f10x_hd.o(.text)
    SPI2_IRQHandler                          0x080001e7   Thumb Code     0  startup_stm32f10x_hd.o(.text)
    SPI3_IRQHandler                          0x080001e7   Thumb Code     0  startup_stm32f10x_hd.o(.text)
    TAMPER_IRQHandler                        0x080001e7   Thumb Code     0  startup_stm32f10x_hd.o(.text)
    TIM1_BRK_IRQHandler                      0x080001e7   Thumb Code     0  startup_stm32f10x_hd.o(.text)
    TIM1_CC_IRQHandler                       0x080001e7   Thumb Code     0  startup_stm32f10x_hd.o(.text)
    TIM1_TRG_COM_IRQHandler                  0x080001e7   Thumb Code     0  startup_stm32f10x_hd.o(.text)
    TIM1_UP_IRQHandler                       0x080001e7   Thumb Code     0  startup_stm32f10x_hd.o(.text)
    TIM3_IRQHandler                          0x080001e7   Thumb Code     0  startup_stm32f10x_hd.o(.text)
    TIM4_IRQHandler                          0x080001e7   Thumb Code     0  startup_stm32f10x_hd.o(.text)
    TIM5_IRQHandler                          0x080001e7   Thumb Code     0  startup_stm32f10x_hd.o(.text)
    TIM6_IRQHandler                          0x080001e7   Thumb Code     0  startup_stm32f10x_hd.o(.text)
    TIM7_IRQHandler                          0x080001e7   Thumb Code     0  startup_stm32f10x_hd.o(.text)
    TIM8_BRK_IRQHandler                      0x080001e7   Thumb Code     0  startup_stm32f10x_hd.o(.text)
    TIM8_CC_IRQHandler                       0x080001e7   Thumb Code     0  startup_stm32f10x_hd.o(.text)
    TIM8_TRG_COM_IRQHandler                  0x080001e7   Thumb Code     0  startup_stm32f10x_hd.o(.text)
    TIM8_UP_IRQHandler                       0x080001e7   Thumb Code     0  startup_stm32f10x_hd.o(.text)
    UART4_IRQHandler                         0x080001e7   Thumb Code     0  startup_stm32f10x_hd.o(.text)
    UART5_IRQHandler                         0x080001e7   Thumb Code     0  startup_stm32f10x_hd.o(.text)
    USART1_IRQHandler                        0x080001e7   Thumb Code     0  startup_stm32f10x_hd.o(.text)
    USART2_IRQHandler                        0x080001e7   Thumb Code     0  startup_stm32f10x_hd.o(.text)
    USART3_IRQHandler                        0x080001e7   Thumb Code     0  startup_stm32f10x_hd.o(.text)
    USBWakeUp_IRQHandler                     0x080001e7   Thumb Code     0  startup_stm32f10x_hd.o(.text)
    USB_HP_CAN1_TX_IRQHandler                0x080001e7   Thumb Code     0  startup_stm32f10x_hd.o(.text)
    USB_LP_CAN1_RX0_IRQHandler               0x080001e7   Thumb Code     0  startup_stm32f10x_hd.o(.text)
    WWDG_IRQHandler                          0x080001e7   Thumb Code     0  startup_stm32f10x_hd.o(.text)
    __user_initial_stackheap                 0x080001e9   Thumb Code     0  startup_stm32f10x_hd.o(.text)
    __aeabi_ldivmod                          0x0800020d   Thumb Code     0  llsdiv.o(.text)
    _ll_sdiv                                 0x0800020d   Thumb Code    72  llsdiv.o(.text)
    memcmp                                   0x08000255   Thumb Code    88  memcmp.o(.text)
    __aeabi_memset                           0x080002ad   Thumb Code    16  aeabi_memset.o(.text)
    __use_two_region_memory                  0x080002bd   Thumb Code     2  heapauxi.o(.text)
    __rt_heap_escrow$2region                 0x080002bf   Thumb Code     2  heapauxi.o(.text)
    __rt_heap_expand$2region                 0x080002c1   Thumb Code     2  heapauxi.o(.text)
    __aeabi_uldivmod                         0x080002c3   Thumb Code     0  lludivv7m.o(.text)
    _ll_udiv                                 0x080002c3   Thumb Code   238  lludivv7m.o(.text)
    __read_errno                             0x080003b1   Thumb Code    10  _rserrno.o(.text)
    __set_errno                              0x080003bb   Thumb Code    12  _rserrno.o(.text)
    __aeabi_memclr                           0x080003c7   Thumb Code     0  rt_memclr.o(.text)
    __rt_memclr                              0x080003c7   Thumb Code    68  rt_memclr.o(.text)
    _memset                                  0x080003cb   Thumb Code     0  rt_memclr.o(.text)
    __aeabi_errno_addr                       0x0800040d   Thumb Code     8  rt_errno_addr_intlibspace.o(.text)
    __errno$intlibspace                      0x0800040d   Thumb Code     0  rt_errno_addr_intlibspace.o(.text)
    __rt_errno_addr$intlibspace              0x0800040d   Thumb Code     0  rt_errno_addr_intlibspace.o(.text)
    __aeabi_memclr4                          0x08000415   Thumb Code     0  rt_memclr_w.o(.text)
    __aeabi_memclr8                          0x08000415   Thumb Code     0  rt_memclr_w.o(.text)
    __rt_memclr_w                            0x08000415   Thumb Code    78  rt_memclr_w.o(.text)
    _memset_w                                0x08000419   Thumb Code     0  rt_memclr_w.o(.text)
    __user_libspace                          0x08000465   Thumb Code     8  libspace.o(.text)
    __user_perproc_libspace                  0x08000465   Thumb Code     0  libspace.o(.text)
    __user_perthread_libspace                0x08000465   Thumb Code     0  libspace.o(.text)
    __user_setup_stackheap                   0x0800046d   Thumb Code    74  sys_stackheap_outer.o(.text)
    exit                                     0x080004b7   Thumb Code    18  exit.o(.text)
    _sys_exit                                0x080004c9   Thumb Code     8  sys_exit.o(.text)
    __I$use$semihosting                      0x080004d5   Thumb Code     0  use_no_semi.o(.text)
    __use_no_semihosting_swi                 0x080004d5   Thumb Code     2  use_no_semi.o(.text)
    BusFault_Handler                         0x080004d7   Thumb Code     4  stm32f10x_it.o(i.BusFault_Handler)
    __semihosting_library_function           0x080004d7   Thumb Code     0  indicate_semi.o(.text)
    DMP_Init                                 0x080004dd   Thumb Code   122  mpu6050.o(i.DMP_Init)
    DebugMon_Handler                         0x08000565   Thumb Code     2  stm32f10x_it.o(i.DebugMon_Handler)
    Delay_init                               0x08000569   Thumb Code    50  delay.o(i.Delay_init)
    Delay_ms                                 0x080005ad   Thumb Code    72  delay.o(i.Delay_ms)
    Delay_us                                 0x080005f9   Thumb Code    72  delay.o(i.Delay_us)
    EXTI3_IRQHandler                         0x08000645   Thumb Code    42  main.o(i.EXTI3_IRQHandler)
    EXTI_ClearITPendingBit                   0x0800067d   Thumb Code     6  stm32f10x_exti.o(i.EXTI_ClearITPendingBit)
    EXTI_Init                                0x08000689   Thumb Code   142  stm32f10x_exti.o(i.EXTI_Init)
    GPIO_EXTILineConfig                      0x0800071d   Thumb Code    60  stm32f10x_gpio.o(i.GPIO_EXTILineConfig)
    GPIO_Init                                0x0800075d   Thumb Code   278  stm32f10x_gpio.o(i.GPIO_Init)
    HardFault_Handler                        0x08000873   Thumb Code     4  stm32f10x_it.o(i.HardFault_Handler)
    I2C_ReadOneByte                          0x08000877   Thumb Code    70  ioi2c.o(i.I2C_ReadOneByte)
    IIC_Ack                                  0x080008bd   Thumb Code    64  ioi2c.o(i.IIC_Ack)
    IIC_Init                                 0x08000909   Thumb Code    38  ioi2c.o(i.IIC_Init)
    IIC_NAck                                 0x08000935   Thumb Code    62  ioi2c.o(i.IIC_NAck)
    IIC_Read_Byte                            0x08000981   Thumb Code    98  ioi2c.o(i.IIC_Read_Byte)
    IIC_Send_Byte                            0x080009f1   Thumb Code    88  ioi2c.o(i.IIC_Send_Byte)
    IIC_Start                                0x08000a55   Thumb Code    92  ioi2c.o(i.IIC_Start)
    IIC_Stop                                 0x08000abd   Thumb Code    60  ioi2c.o(i.IIC_Stop)
    IIC_Wait_Ack                             0x08000b05   Thumb Code    92  ioi2c.o(i.IIC_Wait_Ack)
    IICreadByte                              0x08000b6d   Thumb Code    22  ioi2c.o(i.IICreadByte)
    IICreadBytes                             0x08000b85   Thumb Code   112  ioi2c.o(i.IICreadBytes)
    IICwriteBit                              0x08000bf9   Thumb Code    64  ioi2c.o(i.IICwriteBit)
    IICwriteBits                             0x08000c39   Thumb Code   106  ioi2c.o(i.IICwriteBits)
    IICwriteByte                             0x08000ca3   Thumb Code    20  ioi2c.o(i.IICwriteByte)
    IICwriteBytes                            0x08000cb7   Thumb Code    70  ioi2c.o(i.IICwriteBytes)
    MBOT_EXTI_Init                           0x08000cfd   Thumb Code   104  myexti.o(i.MBOT_EXTI_Init)
    MPU6050_getDeviceID                      0x08000d69   Thumb Code    20  mpu6050.o(i.MPU6050_getDeviceID)
    MPU6050_initialize                       0x08000d81   Thumb Code    40  mpu6050.o(i.MPU6050_initialize)
    MPU6050_setClockSource                   0x08000da9   Thumb Code    20  mpu6050.o(i.MPU6050_setClockSource)
    MPU6050_setFullScaleAccelRange           0x08000dbd   Thumb Code    20  mpu6050.o(i.MPU6050_setFullScaleAccelRange)
    MPU6050_setFullScaleGyroRange            0x08000dd1   Thumb Code    20  mpu6050.o(i.MPU6050_setFullScaleGyroRange)
    MPU6050_setI2CBypassEnabled              0x08000de5   Thumb Code    18  mpu6050.o(i.MPU6050_setI2CBypassEnabled)
    MPU6050_setI2CMasterModeEnabled          0x08000df7   Thumb Code    18  mpu6050.o(i.MPU6050_setI2CMasterModeEnabled)
    MPU6050_setSleepEnabled                  0x08000e09   Thumb Code    18  mpu6050.o(i.MPU6050_setSleepEnabled)
    MemManage_Handler                        0x08000e1b   Thumb Code     4  stm32f10x_it.o(i.MemManage_Handler)
    NMI_Handler                              0x08000e1f   Thumb Code     2  stm32f10x_it.o(i.NMI_Handler)
    NVIC_Init                                0x08000e21   Thumb Code   100  misc.o(i.NVIC_Init)
    PendSV_Handler                           0x08000e91   Thumb Code     2  stm32f10x_it.o(i.PendSV_Handler)
    RCC_APB2PeriphClockCmd                   0x08000e95   Thumb Code    26  stm32f10x_rcc.o(i.RCC_APB2PeriphClockCmd)
    Read_DMP                                 0x08000eb5   Thumb Code   466  mpu6050.o(i.Read_DMP)
    SVC_Handler                              0x080010b1   Thumb Code     2  stm32f10x_it.o(i.SVC_Handler)
    SysTick_CLKSourceConfig                  0x0800119d   Thumb Code    40  misc.o(i.SysTick_CLKSourceConfig)
    SysTick_Handler                          0x080011c5   Thumb Code     2  stm32f10x_it.o(i.SysTick_Handler)
    SystemInit                               0x080011c9   Thumb Code    78  system_stm32f10x.o(i.SystemInit)
    TIM2_IRQHandler                          0x08001229   Thumb Code    24  timer.o(i.TIM2_IRQHandler)
    TIM_ClearITPendingBit                    0x08001241   Thumb Code     6  stm32f10x_tim.o(i.TIM_ClearITPendingBit)
    TIM_GetITStatus                          0x08001247   Thumb Code    34  stm32f10x_tim.o(i.TIM_GetITStatus)
    UsageFault_Handler                       0x08001269   Thumb Code     4  stm32f10x_it.o(i.UsageFault_Handler)
    __ARM_fpclassify                         0x0800126d   Thumb Code    40  fpclassify.o(i.__ARM_fpclassify)
    __kernel_poly                            0x08001295   Thumb Code   170  poly.o(i.__kernel_poly)
    __mathlib_dbl_infnan                     0x0800133f   Thumb Code     6  dunder.o(i.__mathlib_dbl_infnan)
    __mathlib_dbl_infnan2                    0x08001345   Thumb Code     4  dunder.o(i.__mathlib_dbl_infnan2)
    __mathlib_dbl_underflow                  0x08001349   Thumb Code    10  dunder.o(i.__mathlib_dbl_underflow)
    atan                                     0x08001401   Thumb Code   474  atan.o(i.atan)
    atan2                                    0x08001621   Thumb Code   374  atan2.o(i.atan2)
    dmp_enable_6x_lp_quat                    0x08001821   Thumb Code    60  inv_mpu_dmp_motion_driver.o(i.dmp_enable_6x_lp_quat)
    dmp_enable_feature                       0x0800185d   Thumb Code   530  inv_mpu_dmp_motion_driver.o(i.dmp_enable_feature)
    dmp_enable_gyro_cal                      0x08001a79   Thumb Code    62  inv_mpu_dmp_motion_driver.o(i.dmp_enable_gyro_cal)
    dmp_enable_lp_quat                       0x08001ad1   Thumb Code    60  inv_mpu_dmp_motion_driver.o(i.dmp_enable_lp_quat)
    dmp_load_motion_driver_firmware          0x08001b0d   Thumb Code    20  inv_mpu_dmp_motion_driver.o(i.dmp_load_motion_driver_firmware)
    dmp_read_fifo                            0x08001b25   Thumb Code   456  inv_mpu_dmp_motion_driver.o(i.dmp_read_fifo)
    dmp_set_accel_bias                       0x08001cf1   Thumb Code   300  inv_mpu_dmp_motion_driver.o(i.dmp_set_accel_bias)
    dmp_set_fifo_rate                        0x08001e21   Thumb Code    96  inv_mpu_dmp_motion_driver.o(i.dmp_set_fifo_rate)
    dmp_set_gyro_bias                        0x08001e91   Thumb Code   294  inv_mpu_dmp_motion_driver.o(i.dmp_set_gyro_bias)
    dmp_set_orientation                      0x08001fc1   Thumb Code   290  inv_mpu_dmp_motion_driver.o(i.dmp_set_orientation)
    dmp_set_shake_reject_thresh              0x080020f9   Thumb Code    56  inv_mpu_dmp_motion_driver.o(i.dmp_set_shake_reject_thresh)
    dmp_set_shake_reject_time                0x08002131   Thumb Code    38  inv_mpu_dmp_motion_driver.o(i.dmp_set_shake_reject_time)
    dmp_set_shake_reject_timeout             0x08002157   Thumb Code    38  inv_mpu_dmp_motion_driver.o(i.dmp_set_shake_reject_timeout)
    dmp_set_tap_axes                         0x0800217d   Thumb Code    70  inv_mpu_dmp_motion_driver.o(i.dmp_set_tap_axes)
    dmp_set_tap_count                        0x080021c3   Thumb Code    38  inv_mpu_dmp_motion_driver.o(i.dmp_set_tap_count)
    dmp_set_tap_thresh                       0x080021e9   Thumb Code   396  inv_mpu_dmp_motion_driver.o(i.dmp_set_tap_thresh)
    dmp_set_tap_time                         0x08002389   Thumb Code    38  inv_mpu_dmp_motion_driver.o(i.dmp_set_tap_time)
    dmp_set_tap_time_multi                   0x080023af   Thumb Code    38  inv_mpu_dmp_motion_driver.o(i.dmp_set_tap_time_multi)
    getAngle                                 0x080023d5   Thumb Code    74  mpu6050.o(i.getAngle)
    i2cRead                                  0x08002a59   Thumb Code   118  ioi2c.o(i.i2cRead)
    i2cWrite                                 0x08002acf   Thumb Code    96  ioi2c.o(i.i2cWrite)
    main                                     0x08002ba5   Thumb Code    40  main.o(i.main)
    mpu_configure_fifo                       0x08002bd9   Thumb Code   106  inv_mpu.o(i.mpu_configure_fifo)
    mpu_get_accel_fsr                        0x08002c49   Thumb Code    72  inv_mpu.o(i.mpu_get_accel_fsr)
    mpu_get_accel_sens                       0x08002c95   Thumb Code    78  inv_mpu.o(i.mpu_get_accel_sens)
    mpu_get_fifo_config                      0x08002ce9   Thumb Code    12  inv_mpu.o(i.mpu_get_fifo_config)
    mpu_get_gyro_fsr                         0x08002cf9   Thumb Code    64  inv_mpu.o(i.mpu_get_gyro_fsr)
    mpu_get_gyro_sens                        0x08002d3d   Thumb Code    58  inv_mpu.o(i.mpu_get_gyro_sens)
    mpu_get_lpf                              0x08002d8d   Thumb Code    74  inv_mpu.o(i.mpu_get_lpf)
    mpu_get_sample_rate                      0x08002ddd   Thumb Code    26  inv_mpu.o(i.mpu_get_sample_rate)
    mpu_init                                 0x08002dfd   Thumb Code   396  inv_mpu.o(i.mpu_init)
    mpu_load_firmware                        0x08002f8d   Thumb Code   180  inv_mpu.o(i.mpu_load_firmware)
    mpu_lp_accel_mode                        0x08003045   Thumb Code   218  inv_mpu.o(i.mpu_lp_accel_mode)
    mpu_read_fifo_stream                     0x08003125   Thumb Code   186  inv_mpu.o(i.mpu_read_fifo_stream)
    mpu_read_mem                             0x080031e5   Thumb Code   122  inv_mpu.o(i.mpu_read_mem)
    mpu_reset_fifo                           0x08003265   Thumb Code   438  inv_mpu.o(i.mpu_reset_fifo)
    mpu_run_self_test                        0x08003421   Thumb Code   278  inv_mpu.o(i.mpu_run_self_test)
    mpu_set_accel_fsr                        0x0800353d   Thumb Code   126  inv_mpu.o(i.mpu_set_accel_fsr)
    mpu_set_bypass                           0x080035c1   Thumb Code   328  inv_mpu.o(i.mpu_set_bypass)
    mpu_set_dmp_state                        0x0800370d   Thumb Code   138  inv_mpu.o(i.mpu_set_dmp_state)
    mpu_set_gyro_fsr                         0x0800379d   Thumb Code   132  inv_mpu.o(i.mpu_set_gyro_fsr)
    mpu_set_int_latched                      0x08003825   Thumb Code   102  inv_mpu.o(i.mpu_set_int_latched)
    mpu_set_lpf                              0x08003891   Thumb Code   126  inv_mpu.o(i.mpu_set_lpf)
    mpu_set_sample_rate                      0x08003915   Thumb Code   152  inv_mpu.o(i.mpu_set_sample_rate)
    mpu_set_sensors                          0x080039b1   Thumb Code   202  inv_mpu.o(i.mpu_set_sensors)
    mpu_write_mem                            0x08003a81   Thumb Code   122  inv_mpu.o(i.mpu_write_mem)
    myget_ms                                 0x08003b01   Thumb Code     2  inv_mpu.o(i.myget_ms)
    __aeabi_d2f                              0x08003c25   Thumb Code     0  d2f.o(x$fpl$d2f)
    _d2f                                     0x08003c25   Thumb Code    98  d2f.o(x$fpl$d2f)
    __aeabi_dadd                             0x08003c89   Thumb Code     0  daddsub_clz.o(x$fpl$dadd)
    _dadd                                    0x08003c89   Thumb Code   332  daddsub_clz.o(x$fpl$dadd)
    __fpl_dcheck_NaN1                        0x08003dd9   Thumb Code    10  dcheck1.o(x$fpl$dcheck1)
    __fpl_dcmp_Inf                           0x08003de9   Thumb Code    24  dcmpi.o(x$fpl$dcmpinf)
    __aeabi_ddiv                             0x08003e01   Thumb Code     0  ddiv.o(x$fpl$ddiv)
    _ddiv                                    0x08003e01   Thumb Code   552  ddiv.o(x$fpl$ddiv)
    __aeabi_cdcmpeq                          0x080040b1   Thumb Code     0  deqf.o(x$fpl$deqf)
    _dcmpeq                                  0x080040b1   Thumb Code   120  deqf.o(x$fpl$deqf)
    __aeabi_dmul                             0x08004129   Thumb Code     0  dmul.o(x$fpl$dmul)
    _dmul                                    0x08004129   Thumb Code   332  dmul.o(x$fpl$dmul)
    __fpl_dnaninf                            0x0800427d   Thumb Code   156  dnaninf.o(x$fpl$dnaninf)
    __fpl_dretinf                            0x08004319   Thumb Code    12  dretinf.o(x$fpl$dretinf)
    __aeabi_drsub                            0x08004325   Thumb Code     0  daddsub_clz.o(x$fpl$drsb)
    _drsb                                    0x08004325   Thumb Code    22  daddsub_clz.o(x$fpl$drsb)
    __aeabi_dsub                             0x0800433d   Thumb Code     0  daddsub_clz.o(x$fpl$dsub)
    _dsub                                    0x0800433d   Thumb Code   464  daddsub_clz.o(x$fpl$dsub)
    __aeabi_f2d                              0x08004511   Thumb Code     0  f2d.o(x$fpl$f2d)
    _f2d                                     0x08004511   Thumb Code    86  f2d.o(x$fpl$f2d)
    __aeabi_fadd                             0x08004569   Thumb Code     0  faddsub_clz.o(x$fpl$fadd)
    _fadd                                    0x08004569   Thumb Code   196  faddsub_clz.o(x$fpl$fadd)
    __fpl_fcmp_Inf                           0x0800462d   Thumb Code    24  fcmpi.o(x$fpl$fcmpinf)
    __aeabi_fdiv                             0x08004645   Thumb Code     0  fdiv.o(x$fpl$fdiv)
    _fdiv                                    0x08004645   Thumb Code   384  fdiv.o(x$fpl$fdiv)
    __aeabi_cfcmpeq                          0x080047c9   Thumb Code     0  feqf.o(x$fpl$feqf)
    _fcmpeq                                  0x080047c9   Thumb Code   104  feqf.o(x$fpl$feqf)
    __aeabi_f2iz                             0x08004831   Thumb Code     0  ffix.o(x$fpl$ffix)
    _ffix                                    0x08004831   Thumb Code    54  ffix.o(x$fpl$ffix)
    __aeabi_f2uiz                            0x08004869   Thumb Code     0  ffixu.o(x$fpl$ffixu)
    _ffixu                                   0x08004869   Thumb Code    62  ffixu.o(x$fpl$ffixu)
    __aeabi_i2f                              0x080048a9   Thumb Code     0  fflt_clz.o(x$fpl$fflt)
    _fflt                                    0x080048a9   Thumb Code    48  fflt_clz.o(x$fpl$fflt)
    __aeabi_ui2f                             0x080048d9   Thumb Code     0  fflt_clz.o(x$fpl$ffltu)
    _ffltu                                   0x080048d9   Thumb Code    38  fflt_clz.o(x$fpl$ffltu)
    __aeabi_cfcmple                          0x08004901   Thumb Code     0  fleqf.o(x$fpl$fleqf)
    _fcmple                                  0x08004901   Thumb Code   104  fleqf.o(x$fpl$fleqf)
    __fpl_fcmple_InfNaN                      0x08004953   Thumb Code     0  fleqf.o(x$fpl$fleqf)
    __aeabi_fmul                             0x08004969   Thumb Code     0  fmul.o(x$fpl$fmul)
    _fmul                                    0x08004969   Thumb Code   258  fmul.o(x$fpl$fmul)
    __fpl_fnaninf                            0x08004a6b   Thumb Code   140  fnaninf.o(x$fpl$fnaninf)
    __fpl_fretinf                            0x08004af7   Thumb Code    10  fretinf.o(x$fpl$fretinf)
    __aeabi_cfrcmple                         0x08004b01   Thumb Code     0  frleqf.o(x$fpl$frleqf)
    _frcmple                                 0x08004b01   Thumb Code    98  frleqf.o(x$fpl$frleqf)
    __aeabi_fsub                             0x08004b65   Thumb Code     0  faddsub_clz.o(x$fpl$fsub)
    _fsub                                    0x08004b65   Thumb Code   234  faddsub_clz.o(x$fpl$fsub)
    __fpl_return_NaN                         0x08004c4f   Thumb Code   100  retnan.o(x$fpl$retnan)
    __ARM_scalbn                             0x08004cb3   Thumb Code    92  scalbn.o(x$fpl$scalbn)
    __fpl_cmpreturn                          0x08004d0f   Thumb Code    48  trapv.o(x$fpl$trapveneer)
    __I$use$fp                               0x08004d3e   Number         0  usenofp.o(x$fpl$usenofp)
    hw                                       0x08004d40   Data          12  inv_mpu.o(.constdata)
    reg                                      0x08004d4c   Data          27  inv_mpu.o(.constdata)
    test                                     0x08004d68   Data          40  inv_mpu.o(.constdata)
    __mathlib_zero                           0x08005a20   Data           8  qnan.o(.constdata)
    Region$$Table$$Base                      0x08005a28   Number         0  anon$$obj.o(Region$$Table)
    Region$$Table$$Limit                     0x08005a48   Number         0  anon$$obj.o(Region$$Table)
    SystemCoreClock                          0x20000000   Data           4  system_stm32f10x.o(.data)
    AHBPrescTable                            0x20000004   Data          16  system_stm32f10x.o(.data)
    gyro                                     0x20000044   Data           6  mpu6050.o(.data)
    accel                                    0x2000004a   Data           6  mpu6050.o(.data)
    sensors                                  0x20000050   Data           2  mpu6050.o(.data)
    Pitch                                    0x20000054   Data           4  mpu6050.o(.data)
    Roll                                     0x20000058   Data           4  mpu6050.o(.data)
    Yaw                                      0x2000005c   Data           4  mpu6050.o(.data)
    q0                                       0x20000060   Data           4  mpu6050.o(.data)
    q1                                       0x20000064   Data           4  mpu6050.o(.data)
    q2                                       0x20000068   Data           4  mpu6050.o(.data)
    q3                                       0x2000006c   Data           4  mpu6050.o(.data)
    Gx_offset                                0x2000007a   Data           2  mpu6050.o(.data)
    Gy_offset                                0x2000007c   Data           2  mpu6050.o(.data)
    Gz_offset                                0x2000007e   Data           2  mpu6050.o(.data)
    yaw                                      0x20000080   Data           4  main.o(.data)
    yaw_acc_error                            0x20000084   Data           4  main.o(.data)
    buffer                                   0x20000098   Data          14  mpu6050.o(.bss)
    MPU6050_FIFO                             0x200000a6   Data         132  mpu6050.o(.bss)
    addr                                     0x2000012a   Data          14  main.o(.bss)
    __libspace_start                         0x20000138   Data          96  libspace.o(.bss)
    __temporary_stack_top$libspace           0x20000198   Data           0  libspace.o(.bss)



==============================================================================

Memory Map of the image

  Image Entry point : 0x08000131

  Load Region LR_IROM1 (Base: 0x08000000, Size: 0x00005ad0, Max: 0x00040000, ABSOLUTE)

    Execution Region ER_IROM1 (Exec base: 0x08000000, Load base: 0x08000000, Size: 0x00005a48, Max: 0x00040000, ABSOLUTE)

    Exec Addr    Load Addr    Size         Type   Attr      Idx    E Section Name        Object

    0x08000000   0x08000000   0x00000130   Data   RO          132    RESET               startup_stm32f10x_hd.o
    0x08000130   0x08000130   0x00000008   Code   RO         4165  * !!!main             c_w.l(__main.o)
    0x08000138   0x08000138   0x00000034   Code   RO         4455    !!!scatter          c_w.l(__scatter.o)
    0x0800016c   0x0800016c   0x0000001a   Code   RO         4457    !!handler_copy      c_w.l(__scatter_copy.o)
    0x08000186   0x08000186   0x00000002   PAD
    0x08000188   0x08000188   0x0000001c   Code   RO         4459    !!handler_zi        c_w.l(__scatter_zi.o)
    0x080001a4   0x080001a4   0x00000002   Code   RO         4316    .ARM.Collect$$libinit$$00000000  c_w.l(libinit.o)
    0x080001a6   0x080001a6   0x00000000   Code   RO         4326    .ARM.Collect$$libinit$$00000002  c_w.l(libinit2.o)
    0x080001a6   0x080001a6   0x00000000   Code   RO         4328    .ARM.Collect$$libinit$$00000004  c_w.l(libinit2.o)
    0x080001a6   0x080001a6   0x00000000   Code   RO         4331    .ARM.Collect$$libinit$$0000000A  c_w.l(libinit2.o)
    0x080001a6   0x080001a6   0x00000000   Code   RO         4333    .ARM.Collect$$libinit$$0000000C  c_w.l(libinit2.o)
    0x080001a6   0x080001a6   0x00000000   Code   RO         4335    .ARM.Collect$$libinit$$0000000E  c_w.l(libinit2.o)
    0x080001a6   0x080001a6   0x00000000   Code   RO         4338    .ARM.Collect$$libinit$$00000011  c_w.l(libinit2.o)
    0x080001a6   0x080001a6   0x00000000   Code   RO         4340    .ARM.Collect$$libinit$$00000013  c_w.l(libinit2.o)
    0x080001a6   0x080001a6   0x00000000   Code   RO         4342    .ARM.Collect$$libinit$$00000015  c_w.l(libinit2.o)
    0x080001a6   0x080001a6   0x00000000   Code   RO         4344    .ARM.Collect$$libinit$$00000017  c_w.l(libinit2.o)
    0x080001a6   0x080001a6   0x00000000   Code   RO         4346    .ARM.Collect$$libinit$$00000019  c_w.l(libinit2.o)
    0x080001a6   0x080001a6   0x00000000   Code   RO         4348    .ARM.Collect$$libinit$$0000001B  c_w.l(libinit2.o)
    0x080001a6   0x080001a6   0x00000000   Code   RO         4350    .ARM.Collect$$libinit$$0000001D  c_w.l(libinit2.o)
    0x080001a6   0x080001a6   0x00000000   Code   RO         4352    .ARM.Collect$$libinit$$0000001F  c_w.l(libinit2.o)
    0x080001a6   0x080001a6   0x00000000   Code   RO         4354    .ARM.Collect$$libinit$$00000021  c_w.l(libinit2.o)
    0x080001a6   0x080001a6   0x00000000   Code   RO         4356    .ARM.Collect$$libinit$$00000023  c_w.l(libinit2.o)
    0x080001a6   0x080001a6   0x00000000   Code   RO         4358    .ARM.Collect$$libinit$$00000025  c_w.l(libinit2.o)
    0x080001a6   0x080001a6   0x00000000   Code   RO         4362    .ARM.Collect$$libinit$$0000002C  c_w.l(libinit2.o)
    0x080001a6   0x080001a6   0x00000000   Code   RO         4364    .ARM.Collect$$libinit$$0000002E  c_w.l(libinit2.o)
    0x080001a6   0x080001a6   0x00000000   Code   RO         4366    .ARM.Collect$$libinit$$00000030  c_w.l(libinit2.o)
    0x080001a6   0x080001a6   0x00000000   Code   RO         4368    .ARM.Collect$$libinit$$00000032  c_w.l(libinit2.o)
    0x080001a6   0x080001a6   0x00000002   Code   RO         4369    .ARM.Collect$$libinit$$00000033  c_w.l(libinit2.o)
    0x080001a8   0x080001a8   0x00000002   Code   RO         4403    .ARM.Collect$$libshutdown$$00000000  c_w.l(libshutdown.o)
    0x080001aa   0x080001aa   0x00000000   Code   RO         4420    .ARM.Collect$$libshutdown$$00000002  c_w.l(libshutdown2.o)
    0x080001aa   0x080001aa   0x00000000   Code   RO         4422    .ARM.Collect$$libshutdown$$00000004  c_w.l(libshutdown2.o)
    0x080001aa   0x080001aa   0x00000000   Code   RO         4424    .ARM.Collect$$libshutdown$$00000006  c_w.l(libshutdown2.o)
    0x080001aa   0x080001aa   0x00000000   Code   RO         4427    .ARM.Collect$$libshutdown$$00000009  c_w.l(libshutdown2.o)
    0x080001aa   0x080001aa   0x00000000   Code   RO         4430    .ARM.Collect$$libshutdown$$0000000C  c_w.l(libshutdown2.o)
    0x080001aa   0x080001aa   0x00000000   Code   RO         4432    .ARM.Collect$$libshutdown$$0000000E  c_w.l(libshutdown2.o)
    0x080001aa   0x080001aa   0x00000000   Code   RO         4435    .ARM.Collect$$libshutdown$$00000011  c_w.l(libshutdown2.o)
    0x080001aa   0x080001aa   0x00000002   Code   RO         4436    .ARM.Collect$$libshutdown$$00000012  c_w.l(libshutdown2.o)
    0x080001ac   0x080001ac   0x00000000   Code   RO         4219    .ARM.Collect$$rtentry$$00000000  c_w.l(__rtentry.o)
    0x080001ac   0x080001ac   0x00000000   Code   RO         4269    .ARM.Collect$$rtentry$$00000002  c_w.l(__rtentry2.o)
    0x080001ac   0x080001ac   0x00000006   Code   RO         4281    .ARM.Collect$$rtentry$$00000004  c_w.l(__rtentry4.o)
    0x080001b2   0x080001b2   0x00000000   Code   RO         4271    .ARM.Collect$$rtentry$$00000009  c_w.l(__rtentry2.o)
    0x080001b2   0x080001b2   0x00000004   Code   RO         4272    .ARM.Collect$$rtentry$$0000000A  c_w.l(__rtentry2.o)
    0x080001b6   0x080001b6   0x00000000   Code   RO         4274    .ARM.Collect$$rtentry$$0000000C  c_w.l(__rtentry2.o)
    0x080001b6   0x080001b6   0x00000008   Code   RO         4275    .ARM.Collect$$rtentry$$0000000D  c_w.l(__rtentry2.o)
    0x080001be   0x080001be   0x00000002   Code   RO         4319    .ARM.Collect$$rtexit$$00000000  c_w.l(rtexit.o)
    0x080001c0   0x080001c0   0x00000000   Code   RO         4373    .ARM.Collect$$rtexit$$00000002  c_w.l(rtexit2.o)
    0x080001c0   0x080001c0   0x00000004   Code   RO         4374    .ARM.Collect$$rtexit$$00000003  c_w.l(rtexit2.o)
    0x080001c4   0x080001c4   0x00000006   Code   RO         4375    .ARM.Collect$$rtexit$$00000004  c_w.l(rtexit2.o)
    0x080001ca   0x080001ca   0x00000002   PAD
    0x080001cc   0x080001cc   0x00000040   Code   RO          133    .text               startup_stm32f10x_hd.o
    0x0800020c   0x0800020c   0x00000048   Code   RO         4157    .text               c_w.l(llsdiv.o)
    0x08000254   0x08000254   0x00000058   Code   RO         4159    .text               c_w.l(memcmp.o)
    0x080002ac   0x080002ac   0x00000010   Code   RO         4161    .text               c_w.l(aeabi_memset.o)
    0x080002bc   0x080002bc   0x00000006   Code   RO         4163    .text               c_w.l(heapauxi.o)
    0x080002c2   0x080002c2   0x000000ee   Code   RO         4220    .text               c_w.l(lludivv7m.o)
    0x080003b0   0x080003b0   0x00000016   Code   RO         4222    .text               c_w.l(_rserrno.o)
    0x080003c6   0x080003c6   0x00000044   Code   RO         4224    .text               c_w.l(rt_memclr.o)
    0x0800040a   0x0800040a   0x00000002   PAD
    0x0800040c   0x0800040c   0x00000008   Code   RO         4290    .text               c_w.l(rt_errno_addr_intlibspace.o)
    0x08000414   0x08000414   0x0000004e   Code   RO         4292    .text               c_w.l(rt_memclr_w.o)
    0x08000462   0x08000462   0x00000002   PAD
    0x08000464   0x08000464   0x00000008   Code   RO         4302    .text               c_w.l(libspace.o)
    0x0800046c   0x0800046c   0x0000004a   Code   RO         4305    .text               c_w.l(sys_stackheap_outer.o)
    0x080004b6   0x080004b6   0x00000012   Code   RO         4309    .text               c_w.l(exit.o)
    0x080004c8   0x080004c8   0x0000000c   Code   RO         4391    .text               c_w.l(sys_exit.o)
    0x080004d4   0x080004d4   0x00000002   Code   RO         4408    .text               c_w.l(use_no_semi.o)
    0x080004d6   0x080004d6   0x00000000   Code   RO         4410    .text               c_w.l(indicate_semi.o)
    0x080004d6   0x080004d6   0x00000004   Code   RO         4092    i.BusFault_Handler  stm32f10x_it.o
    0x080004da   0x080004da   0x00000002   PAD
    0x080004dc   0x080004dc   0x00000088   Code   RO         3928    i.DMP_Init          mpu6050.o
    0x08000564   0x08000564   0x00000002   Code   RO         4093    i.DebugMon_Handler  stm32f10x_it.o
    0x08000566   0x08000566   0x00000002   PAD
    0x08000568   0x08000568   0x00000044   Code   RO         3196    i.Delay_init        delay.o
    0x080005ac   0x080005ac   0x0000004c   Code   RO         3197    i.Delay_ms          delay.o
    0x080005f8   0x080005f8   0x0000004c   Code   RO         3198    i.Delay_us          delay.o
    0x08000644   0x08000644   0x00000038   Code   RO         4060    i.EXTI3_IRQHandler  main.o
    0x0800067c   0x0800067c   0x0000000c   Code   RO          985    i.EXTI_ClearITPendingBit  stm32f10x_exti.o
    0x08000688   0x08000688   0x00000094   Code   RO          990    i.EXTI_Init         stm32f10x_exti.o
    0x0800071c   0x0800071c   0x00000040   Code   RO         1344    i.GPIO_EXTILineConfig  stm32f10x_gpio.o
    0x0800075c   0x0800075c   0x00000116   Code   RO         1347    i.GPIO_Init         stm32f10x_gpio.o
    0x08000872   0x08000872   0x00000004   Code   RO         4094    i.HardFault_Handler  stm32f10x_it.o
    0x08000876   0x08000876   0x00000046   Code   RO         3817    i.I2C_ReadOneByte   ioi2c.o
    0x080008bc   0x080008bc   0x0000004c   Code   RO         3818    i.IIC_Ack           ioi2c.o
    0x08000908   0x08000908   0x0000002c   Code   RO         3819    i.IIC_Init          ioi2c.o
    0x08000934   0x08000934   0x0000004c   Code   RO         3820    i.IIC_NAck          ioi2c.o
    0x08000980   0x08000980   0x00000070   Code   RO         3821    i.IIC_Read_Byte     ioi2c.o
    0x080009f0   0x080009f0   0x00000064   Code   RO         3822    i.IIC_Send_Byte     ioi2c.o
    0x08000a54   0x08000a54   0x00000068   Code   RO         3823    i.IIC_Start         ioi2c.o
    0x08000abc   0x08000abc   0x00000048   Code   RO         3824    i.IIC_Stop          ioi2c.o
    0x08000b04   0x08000b04   0x00000068   Code   RO         3825    i.IIC_Wait_Ack      ioi2c.o
    0x08000b6c   0x08000b6c   0x00000016   Code   RO         3826    i.IICreadByte       ioi2c.o
    0x08000b82   0x08000b82   0x00000002   PAD
    0x08000b84   0x08000b84   0x00000074   Code   RO         3827    i.IICreadBytes      ioi2c.o
    0x08000bf8   0x08000bf8   0x00000040   Code   RO         3828    i.IICwriteBit       ioi2c.o
    0x08000c38   0x08000c38   0x0000006a   Code   RO         3829    i.IICwriteBits      ioi2c.o
    0x08000ca2   0x08000ca2   0x00000014   Code   RO         3830    i.IICwriteByte      ioi2c.o
    0x08000cb6   0x08000cb6   0x00000046   Code   RO         3831    i.IICwriteBytes     ioi2c.o
    0x08000cfc   0x08000cfc   0x0000006c   Code   RO         3802    i.MBOT_EXTI_Init    myexti.o
    0x08000d68   0x08000d68   0x00000018   Code   RO         3929    i.MPU6050_getDeviceID  mpu6050.o
    0x08000d80   0x08000d80   0x00000028   Code   RO         3930    i.MPU6050_initialize  mpu6050.o
    0x08000da8   0x08000da8   0x00000014   Code   RO         3932    i.MPU6050_setClockSource  mpu6050.o
    0x08000dbc   0x08000dbc   0x00000014   Code   RO         3933    i.MPU6050_setFullScaleAccelRange  mpu6050.o
    0x08000dd0   0x08000dd0   0x00000014   Code   RO         3934    i.MPU6050_setFullScaleGyroRange  mpu6050.o
    0x08000de4   0x08000de4   0x00000012   Code   RO         3935    i.MPU6050_setI2CBypassEnabled  mpu6050.o
    0x08000df6   0x08000df6   0x00000012   Code   RO         3936    i.MPU6050_setI2CMasterModeEnabled  mpu6050.o
    0x08000e08   0x08000e08   0x00000012   Code   RO         3937    i.MPU6050_setSleepEnabled  mpu6050.o
    0x08000e1a   0x08000e1a   0x00000004   Code   RO         4095    i.MemManage_Handler  stm32f10x_it.o
    0x08000e1e   0x08000e1e   0x00000002   Code   RO         4096    i.NMI_Handler       stm32f10x_it.o
    0x08000e20   0x08000e20   0x00000070   Code   RO          137    i.NVIC_Init         misc.o
    0x08000e90   0x08000e90   0x00000002   Code   RO         4097    i.PendSV_Handler    stm32f10x_it.o
    0x08000e92   0x08000e92   0x00000002   PAD
    0x08000e94   0x08000e94   0x00000020   Code   RO         1777    i.RCC_APB2PeriphClockCmd  stm32f10x_rcc.o
    0x08000eb4   0x08000eb4   0x000001fc   Code   RO         3939    i.Read_DMP          mpu6050.o
    0x080010b0   0x080010b0   0x00000002   Code   RO         4098    i.SVC_Handler       stm32f10x_it.o
    0x080010b2   0x080010b2   0x00000008   Code   RO           17    i.SetSysClock       system_stm32f10x.o
    0x080010ba   0x080010ba   0x00000002   PAD
    0x080010bc   0x080010bc   0x000000e0   Code   RO           18    i.SetSysClockTo72   system_stm32f10x.o
    0x0800119c   0x0800119c   0x00000028   Code   RO          141    i.SysTick_CLKSourceConfig  misc.o
    0x080011c4   0x080011c4   0x00000002   Code   RO         4099    i.SysTick_Handler   stm32f10x_it.o
    0x080011c6   0x080011c6   0x00000002   PAD
    0x080011c8   0x080011c8   0x00000060   Code   RO           20    i.SystemInit        system_stm32f10x.o
    0x08001228   0x08001228   0x00000018   Code   RO         3225    i.TIM2_IRQHandler   timer.o
    0x08001240   0x08001240   0x00000006   Code   RO         2416    i.TIM_ClearITPendingBit  stm32f10x_tim.o
    0x08001246   0x08001246   0x00000022   Code   RO         2442    i.TIM_GetITStatus   stm32f10x_tim.o
    0x08001268   0x08001268   0x00000004   Code   RO         4100    i.UsageFault_Handler  stm32f10x_it.o
    0x0800126c   0x0800126c   0x00000028   Code   RO         4298    i.__ARM_fpclassify  m_ws.l(fpclassify.o)
    0x08001294   0x08001294   0x000000aa   Code   RO         4300    i.__kernel_poly     m_ws.l(poly.o)
    0x0800133e   0x0800133e   0x00000006   Code   RO         4254    i.__mathlib_dbl_infnan  m_ws.l(dunder.o)
    0x08001344   0x08001344   0x00000004   Code   RO         4255    i.__mathlib_dbl_infnan2  m_ws.l(dunder.o)
    0x08001348   0x08001348   0x00000010   Code   RO         4259    i.__mathlib_dbl_underflow  m_ws.l(dunder.o)
    0x08001358   0x08001358   0x000000a8   Code   RO         3309    i.accel_self_test   inv_mpu.o
    0x08001400   0x08001400   0x00000220   Code   RO         4244    i.atan              m_ws.l(atan.o)
    0x08001620   0x08001620   0x0000019c   Code   RO         4212    i.atan2             m_ws.l(atan2.o)
    0x080017bc   0x080017bc   0x00000064   Code   RO         3613    i.decode_gesture    inv_mpu_dmp_motion_driver.o
    0x08001820   0x08001820   0x0000003c   Code   RO         3614    i.dmp_enable_6x_lp_quat  inv_mpu_dmp_motion_driver.o
    0x0800185c   0x0800185c   0x0000021c   Code   RO         3615    i.dmp_enable_feature  inv_mpu_dmp_motion_driver.o
    0x08001a78   0x08001a78   0x00000058   Code   RO         3616    i.dmp_enable_gyro_cal  inv_mpu_dmp_motion_driver.o
    0x08001ad0   0x08001ad0   0x0000003c   Code   RO         3617    i.dmp_enable_lp_quat  inv_mpu_dmp_motion_driver.o
    0x08001b0c   0x08001b0c   0x00000018   Code   RO         3622    i.dmp_load_motion_driver_firmware  inv_mpu_dmp_motion_driver.o
    0x08001b24   0x08001b24   0x000001cc   Code   RO         3623    i.dmp_read_fifo     inv_mpu_dmp_motion_driver.o
    0x08001cf0   0x08001cf0   0x00000130   Code   RO         3626    i.dmp_set_accel_bias  inv_mpu_dmp_motion_driver.o
    0x08001e20   0x08001e20   0x00000070   Code   RO         3627    i.dmp_set_fifo_rate  inv_mpu_dmp_motion_driver.o
    0x08001e90   0x08001e90   0x00000130   Code   RO         3628    i.dmp_set_gyro_bias  inv_mpu_dmp_motion_driver.o
    0x08001fc0   0x08001fc0   0x00000138   Code   RO         3630    i.dmp_set_orientation  inv_mpu_dmp_motion_driver.o
    0x080020f8   0x080020f8   0x00000038   Code   RO         3633    i.dmp_set_shake_reject_thresh  inv_mpu_dmp_motion_driver.o
    0x08002130   0x08002130   0x00000026   Code   RO         3634    i.dmp_set_shake_reject_time  inv_mpu_dmp_motion_driver.o
    0x08002156   0x08002156   0x00000026   Code   RO         3635    i.dmp_set_shake_reject_timeout  inv_mpu_dmp_motion_driver.o
    0x0800217c   0x0800217c   0x00000046   Code   RO         3636    i.dmp_set_tap_axes  inv_mpu_dmp_motion_driver.o
    0x080021c2   0x080021c2   0x00000026   Code   RO         3637    i.dmp_set_tap_count  inv_mpu_dmp_motion_driver.o
    0x080021e8   0x080021e8   0x000001a0   Code   RO         3638    i.dmp_set_tap_thresh  inv_mpu_dmp_motion_driver.o
    0x08002388   0x08002388   0x00000026   Code   RO         3639    i.dmp_set_tap_time  inv_mpu_dmp_motion_driver.o
    0x080023ae   0x080023ae   0x00000026   Code   RO         3640    i.dmp_set_tap_time_multi  inv_mpu_dmp_motion_driver.o
    0x080023d4   0x080023d4   0x00000054   Code   RO         3941    i.getAngle          mpu6050.o
    0x08002428   0x08002428   0x000000b4   Code   RO         3310    i.get_accel_prod_shift  inv_mpu.o
    0x080024dc   0x080024dc   0x0000046c   Code   RO         3311    i.get_st_biases     inv_mpu.o
    0x08002948   0x08002948   0x00000110   Code   RO         3312    i.gyro_self_test    inv_mpu.o
    0x08002a58   0x08002a58   0x00000076   Code   RO         3832    i.i2cRead           ioi2c.o
    0x08002ace   0x08002ace   0x00000060   Code   RO         3833    i.i2cWrite          ioi2c.o
    0x08002b2e   0x08002b2e   0x00000028   Code   RO         3942    i.inv_orientation_matrix_to_scalar  mpu6050.o
    0x08002b56   0x08002b56   0x0000004e   Code   RO         3943    i.inv_row_2_scale   mpu6050.o
    0x08002ba4   0x08002ba4   0x00000034   Code   RO         4061    i.main              main.o
    0x08002bd8   0x08002bd8   0x00000070   Code   RO         3313    i.mpu_configure_fifo  inv_mpu.o
    0x08002c48   0x08002c48   0x0000004c   Code   RO         3314    i.mpu_get_accel_fsr  inv_mpu.o
    0x08002c94   0x08002c94   0x00000054   Code   RO         3316    i.mpu_get_accel_sens  inv_mpu.o
    0x08002ce8   0x08002ce8   0x00000010   Code   RO         3321    i.mpu_get_fifo_config  inv_mpu.o
    0x08002cf8   0x08002cf8   0x00000044   Code   RO         3322    i.mpu_get_gyro_fsr  inv_mpu.o
    0x08002d3c   0x08002d3c   0x00000050   Code   RO         3324    i.mpu_get_gyro_sens  inv_mpu.o
    0x08002d8c   0x08002d8c   0x00000050   Code   RO         3326    i.mpu_get_lpf       inv_mpu.o
    0x08002ddc   0x08002ddc   0x00000020   Code   RO         3328    i.mpu_get_sample_rate  inv_mpu.o
    0x08002dfc   0x08002dfc   0x00000190   Code   RO         3330    i.mpu_init          inv_mpu.o
    0x08002f8c   0x08002f8c   0x000000b8   Code   RO         3331    i.mpu_load_firmware  inv_mpu.o
    0x08003044   0x08003044   0x000000e0   Code   RO         3332    i.mpu_lp_accel_mode  inv_mpu.o
    0x08003124   0x08003124   0x000000c0   Code   RO         3335    i.mpu_read_fifo_stream  inv_mpu.o
    0x080031e4   0x080031e4   0x00000080   Code   RO         3336    i.mpu_read_mem      inv_mpu.o
    0x08003264   0x08003264   0x000001bc   Code   RO         3339    i.mpu_reset_fifo    inv_mpu.o
    0x08003420   0x08003420   0x0000011c   Code   RO         3340    i.mpu_run_self_test  inv_mpu.o
    0x0800353c   0x0800353c   0x00000084   Code   RO         3342    i.mpu_set_accel_fsr  inv_mpu.o
    0x080035c0   0x080035c0   0x0000014c   Code   RO         3343    i.mpu_set_bypass    inv_mpu.o
    0x0800370c   0x0800370c   0x00000090   Code   RO         3345    i.mpu_set_dmp_state  inv_mpu.o
    0x0800379c   0x0800379c   0x00000088   Code   RO         3346    i.mpu_set_gyro_fsr  inv_mpu.o
    0x08003824   0x08003824   0x0000006c   Code   RO         3347    i.mpu_set_int_latched  inv_mpu.o
    0x08003890   0x08003890   0x00000084   Code   RO         3349    i.mpu_set_lpf       inv_mpu.o
    0x08003914   0x08003914   0x0000009c   Code   RO         3350    i.mpu_set_sample_rate  inv_mpu.o
    0x080039b0   0x080039b0   0x000000d0   Code   RO         3351    i.mpu_set_sensors   inv_mpu.o
    0x08003a80   0x08003a80   0x00000080   Code   RO         3352    i.mpu_write_mem     inv_mpu.o
    0x08003b00   0x08003b00   0x00000002   Code   RO         3353    i.myget_ms          inv_mpu.o
    0x08003b02   0x08003b02   0x00000090   Code   RO         3944    i.run_self_test     mpu6050.o
    0x08003b92   0x08003b92   0x00000002   PAD
    0x08003b94   0x08003b94   0x00000090   Code   RO         3354    i.set_int_enable    inv_mpu.o
    0x08003c24   0x08003c24   0x00000062   Code   RO         4167    x$fpl$d2f           fz_ws.l(d2f.o)
    0x08003c86   0x08003c86   0x00000002   PAD
    0x08003c88   0x08003c88   0x00000150   Code   RO         4169    x$fpl$dadd          fz_ws.l(daddsub_clz.o)
    0x08003dd8   0x08003dd8   0x00000010   Code   RO         4317    x$fpl$dcheck1       fz_ws.l(dcheck1.o)
    0x08003de8   0x08003de8   0x00000018   Code   RO         4294    x$fpl$dcmpinf       fz_ws.l(dcmpi.o)
    0x08003e00   0x08003e00   0x000002b0   Code   RO         4227    x$fpl$ddiv          fz_ws.l(ddiv.o)
    0x080040b0   0x080040b0   0x00000078   Code   RO         4230    x$fpl$deqf          fz_ws.l(deqf.o)
    0x08004128   0x08004128   0x00000154   Code   RO         4175    x$fpl$dmul          fz_ws.l(dmul.o)
    0x0800427c   0x0800427c   0x0000009c   Code   RO         4232    x$fpl$dnaninf       fz_ws.l(dnaninf.o)
    0x08004318   0x08004318   0x0000000c   Code   RO         4234    x$fpl$dretinf       fz_ws.l(dretinf.o)
    0x08004324   0x08004324   0x00000016   Code   RO         4170    x$fpl$drsb          fz_ws.l(daddsub_clz.o)
    0x0800433a   0x0800433a   0x00000002   PAD
    0x0800433c   0x0800433c   0x000001d4   Code   RO         4171    x$fpl$dsub          fz_ws.l(daddsub_clz.o)
    0x08004510   0x08004510   0x00000056   Code   RO         4177    x$fpl$f2d           fz_ws.l(f2d.o)
    0x08004566   0x08004566   0x00000002   PAD
    0x08004568   0x08004568   0x000000c4   Code   RO         4179    x$fpl$fadd          fz_ws.l(faddsub_clz.o)
    0x0800462c   0x0800462c   0x00000018   Code   RO         4236    x$fpl$fcmpinf       fz_ws.l(fcmpi.o)
    0x08004644   0x08004644   0x00000184   Code   RO         4186    x$fpl$fdiv          fz_ws.l(fdiv.o)
    0x080047c8   0x080047c8   0x00000068   Code   RO         4189    x$fpl$feqf          fz_ws.l(feqf.o)
    0x08004830   0x08004830   0x00000036   Code   RO         4191    x$fpl$ffix          fz_ws.l(ffix.o)
    0x08004866   0x08004866   0x00000002   PAD
    0x08004868   0x08004868   0x0000003e   Code   RO         4195    x$fpl$ffixu         fz_ws.l(ffixu.o)
    0x080048a6   0x080048a6   0x00000002   PAD
    0x080048a8   0x080048a8   0x00000030   Code   RO         4200    x$fpl$fflt          fz_ws.l(fflt_clz.o)
    0x080048d8   0x080048d8   0x00000026   Code   RO         4199    x$fpl$ffltu         fz_ws.l(fflt_clz.o)
    0x080048fe   0x080048fe   0x00000002   PAD
    0x08004900   0x08004900   0x00000068   Code   RO         4205    x$fpl$fleqf         fz_ws.l(fleqf.o)
    0x08004968   0x08004968   0x00000102   Code   RO         4207    x$fpl$fmul          fz_ws.l(fmul.o)
    0x08004a6a   0x08004a6a   0x0000008c   Code   RO         4238    x$fpl$fnaninf       fz_ws.l(fnaninf.o)
    0x08004af6   0x08004af6   0x0000000a   Code   RO         4240    x$fpl$fretinf       fz_ws.l(fretinf.o)
    0x08004b00   0x08004b00   0x00000062   Code   RO         4209    x$fpl$frleqf        fz_ws.l(frleqf.o)
    0x08004b62   0x08004b62   0x00000002   PAD
    0x08004b64   0x08004b64   0x000000ea   Code   RO         4181    x$fpl$fsub          fz_ws.l(faddsub_clz.o)
    0x08004c4e   0x08004c4e   0x00000064   Code   RO         4370    x$fpl$retnan        fz_ws.l(retnan.o)
    0x08004cb2   0x08004cb2   0x0000005c   Code   RO         4296    x$fpl$scalbn        fz_ws.l(scalbn.o)
    0x08004d0e   0x08004d0e   0x00000030   Code   RO         4389    x$fpl$trapveneer    fz_ws.l(trapv.o)
    0x08004d3e   0x08004d3e   0x00000000   Code   RO         4242    x$fpl$usenofp       fz_ws.l(usenofp.o)
    0x08004d3e   0x08004d3e   0x00000002   PAD
    0x08004d40   0x08004d40   0x00000050   Data   RO         3355    .constdata          inv_mpu.o
    0x08004d90   0x08004d90   0x00000bf6   Data   RO         3642    .constdata          inv_mpu_dmp_motion_driver.o
    0x08005986   0x08005986   0x00000002   PAD
    0x08005988   0x08005988   0x00000098   Data   RO         4245    .constdata          m_ws.l(atan.o)
    0x08005a20   0x08005a20   0x00000008   Data   RO         4267    .constdata          m_ws.l(qnan.o)
    0x08005a28   0x08005a28   0x00000020   Data   RO         4453    Region$$Table       anon$$obj.o


    Execution Region RW_IRAM1 (Exec base: 0x20000000, Load base: 0x08005a48, Size: 0x00000798, Max: 0x0000c000, ABSOLUTE)

    Exec Addr    Load Addr    Size         Type   Attr      Idx    E Section Name        Object

    0x20000000   0x08005a48   0x00000014   Data   RW           21    .data               system_stm32f10x.o
    0x20000014   0x08005a5c   0x00000004   Data   RW         3199    .data               delay.o
    0x20000018   0x08005a60   0x0000002c   Data   RW         3356    .data               inv_mpu.o
    0x20000044   0x08005a8c   0x0000003c   Data   RW         3946    .data               mpu6050.o
    0x20000080   0x08005ac8   0x00000008   Data   RW         4063    .data               main.o
    0x20000088        -       0x00000010   Zero   RW         3641    .bss                inv_mpu_dmp_motion_driver.o
    0x20000098        -       0x00000092   Zero   RW         3945    .bss                mpu6050.o
    0x2000012a        -       0x0000000e   Zero   RW         4062    .bss                main.o
    0x20000138        -       0x00000060   Zero   RW         4303    .bss                c_w.l(libspace.o)
    0x20000198        -       0x00000200   Zero   RW          131    HEAP                startup_stm32f10x_hd.o
    0x20000398        -       0x00000400   Zero   RW          130    STACK               startup_stm32f10x_hd.o


==============================================================================

Image component sizes


      Code (inc. data)   RO Data    RW Data    ZI Data      Debug   Object Name

         0          0          0          0          0       4540   core_cm3.o
       220         26          0          4          0       1467   delay.o
      5778        202         80         44          0      24794   inv_mpu.o
      3096        122       3062          0         16      19110   inv_mpu_dmp_motion_driver.o
      1370         98          0          0          0      10210   ioi2c.o
       108         26          0          8         14       1451   main.o
       152         12          0          0          0     208074   misc.o
      1168         70          0         60        146      23593   mpu6050.o
       108          4          0          0          0        553   myexti.o
        64         26        304          0       1536        756   startup_stm32f10x_hd.o
         0          0          0          0          0       1620   stm32f10x_adc.o
       160         12          0          0          0       3369   stm32f10x_exti.o
       342          4          0          0          0      10638   stm32f10x_gpio.o
        26          0          0          0          0       3398   stm32f10x_it.o
        32          6          0          0          0        497   stm32f10x_rcc.o
        40          0          0          0          0      21794   stm32f10x_tim.o
       328         28          0         20          0      10221   system_stm32f10x.o
        24          0          0          0          0        398   timer.o

    ----------------------------------------------------------------------
     13030        636       3480        136       1712     346483   Object Totals
         0          0         32          0          0          0   (incl. Generated)
        14          0          2          0          0          0   (incl. Padding)

    ----------------------------------------------------------------------

      Code (inc. data)   RO Data    RW Data    ZI Data      Debug   Library Member Name

         8          0          0          0          0         68   __main.o
         0          0          0          0          0          0   __rtentry.o
        12          0          0          0          0          0   __rtentry2.o
         6          0          0          0          0          0   __rtentry4.o
        52          8          0          0          0          0   __scatter.o
        26          0          0          0          0          0   __scatter_copy.o
        28          0          0          0          0          0   __scatter_zi.o
        22          0          0          0          0        100   _rserrno.o
        16          0          0          0          0         68   aeabi_memset.o
        18          0          0          0          0         80   exit.o
         6          0          0          0          0        152   heapauxi.o
         0          0          0          0          0          0   indicate_semi.o
         2          0          0          0          0          0   libinit.o
         2          0          0          0          0          0   libinit2.o
         2          0          0          0          0          0   libshutdown.o
         2          0          0          0          0          0   libshutdown2.o
         8          4          0          0         96         68   libspace.o
        72          0          0          0          0         76   llsdiv.o
       238          0          0          0          0        100   lludivv7m.o
        88          0          0          0          0         76   memcmp.o
         8          4          0          0          0         68   rt_errno_addr_intlibspace.o
        68          0          0          0          0         68   rt_memclr.o
        78          0          0          0          0         80   rt_memclr_w.o
         2          0          0          0          0          0   rtexit.o
        10          0          0          0          0          0   rtexit2.o
        12          4          0          0          0         68   sys_exit.o
        74          0          0          0          0         80   sys_stackheap_outer.o
         2          0          0          0          0         68   use_no_semi.o
        98          4          0          0          0         92   d2f.o
       826         16          0          0          0        348   daddsub_clz.o
        16          4          0          0          0         68   dcheck1.o
        24          0          0          0          0         68   dcmpi.o
       688        140          0          0          0        208   ddiv.o
       120          4          0          0          0         92   deqf.o
       340         12          0          0          0        104   dmul.o
       156          4          0          0          0         92   dnaninf.o
        12          0          0          0          0         68   dretinf.o
        86          4          0          0          0         84   f2d.o
       430          8          0          0          0        168   faddsub_clz.o
        24          0          0          0          0         68   fcmpi.o
       388         76          0          0          0         96   fdiv.o
       104          4          0          0          0         84   feqf.o
        54          4          0          0          0         84   ffix.o
        62          4          0          0          0         84   ffixu.o
        86          0          0          0          0        136   fflt_clz.o
       104          4          0          0          0         84   fleqf.o
       258          4          0          0          0         84   fmul.o
       140          4          0          0          0         84   fnaninf.o
        10          0          0          0          0         68   fretinf.o
        98          0          0          0          0         68   frleqf.o
       100          0          0          0          0         68   retnan.o
        92          0          0          0          0         68   scalbn.o
        48          0          0          0          0         68   trapv.o
         0          0          0          0          0          0   usenofp.o
       544         70        152          0          0        124   atan.o
       412         38          0          0          0        144   atan2.o
        26          6          0          0          0        204   dunder.o
        40          0          0          0          0         68   fpclassify.o
       170          0          0          0          0         96   poly.o
         0          0          8          0          0          0   qnan.o

    ----------------------------------------------------------------------
      6442        430        160          0         96       4392   Library Totals
        24          0          0          0          0          0   (incl. Padding)

    ----------------------------------------------------------------------

      Code (inc. data)   RO Data    RW Data    ZI Data      Debug   Library Name

       862         20          0          0         96       1220   c_w.l
      4364        296          0          0          0       2536   fz_ws.l
      1192        114        160          0          0        636   m_ws.l

    ----------------------------------------------------------------------
      6442        430        160          0         96       4392   Library Totals

    ----------------------------------------------------------------------

==============================================================================


      Code (inc. data)   RO Data    RW Data    ZI Data      Debug   

     19472       1066       3640        136       1808     343071   Grand Totals
     19472       1066       3640        136       1808     343071   ELF Image Totals
     19472       1066       3640        136          0          0   ROM Totals

==============================================================================

    Total RO  Size (Code + RO Data)                23112 (  22.57kB)
    Total RW  Size (RW Data + ZI Data)              1944 (   1.90kB)
    Total ROM Size (Code + RO Data + RW Data)      23248 (  22.70kB)

==============================================================================

