Component: ARM Compiler 5.06 update 7 (build 960) Tool: armlink [4d3601]

==============================================================================

Section Cross References

    system_stm32f10x.o(i.SetSysClock) refers to system_stm32f10x.o(i.SetSysClockTo72) for SetSysClockTo72
    system_stm32f10x.o(i.SystemCoreClockUpdate) refers to system_stm32f10x.o(.data) for SystemCoreClock
    system_stm32f10x.o(i.SystemInit) refers to system_stm32f10x.o(i.SetSysClock) for SetSysClock
    startup_stm32f10x_hd.o(STACK) refers (Special) to heapauxi.o(.text) for __use_two_region_memory
    startup_stm32f10x_hd.o(HEAP) refers (Special) to heapauxi.o(.text) for __use_two_region_memory
    startup_stm32f10x_hd.o(RESET) refers (Special) to heapauxi.o(.text) for __use_two_region_memory
    startup_stm32f10x_hd.o(RESET) refers to startup_stm32f10x_hd.o(STACK) for __initial_sp
    startup_stm32f10x_hd.o(RESET) refers to startup_stm32f10x_hd.o(.text) for Reset_Handler
    startup_stm32f10x_hd.o(RESET) refers to stm32f10x_it.o(i.NMI_Handler) for NMI_Handler
    startup_stm32f10x_hd.o(RESET) refers to stm32f10x_it.o(i.HardFault_Handler) for HardFault_Handler
    startup_stm32f10x_hd.o(RESET) refers to stm32f10x_it.o(i.MemManage_Handler) for MemManage_Handler
    startup_stm32f10x_hd.o(RESET) refers to stm32f10x_it.o(i.BusFault_Handler) for BusFault_Handler
    startup_stm32f10x_hd.o(RESET) refers to stm32f10x_it.o(i.UsageFault_Handler) for UsageFault_Handler
    startup_stm32f10x_hd.o(RESET) refers to stm32f10x_it.o(i.SVC_Handler) for SVC_Handler
    startup_stm32f10x_hd.o(RESET) refers to stm32f10x_it.o(i.DebugMon_Handler) for DebugMon_Handler
    startup_stm32f10x_hd.o(RESET) refers to stm32f10x_it.o(i.PendSV_Handler) for PendSV_Handler
    startup_stm32f10x_hd.o(RESET) refers to stm32f10x_it.o(i.SysTick_Handler) for SysTick_Handler
    startup_stm32f10x_hd.o(RESET) refers to main.o(i.EXTI3_IRQHandler) for EXTI3_IRQHandler
    startup_stm32f10x_hd.o(RESET) refers to timer.o(i.TIM2_IRQHandler) for TIM2_IRQHandler
    startup_stm32f10x_hd.o(.text) refers (Special) to heapauxi.o(.text) for __use_two_region_memory
    startup_stm32f10x_hd.o(.text) refers to system_stm32f10x.o(i.SystemInit) for SystemInit
    startup_stm32f10x_hd.o(.text) refers to __main.o(!!!main) for __main
    startup_stm32f10x_hd.o(.text) refers to startup_stm32f10x_hd.o(HEAP) for Heap_Mem
    startup_stm32f10x_hd.o(.text) refers to startup_stm32f10x_hd.o(STACK) for Stack_Mem
    stm32f10x_adc.o(i.ADC_DeInit) refers to stm32f10x_rcc.o(i.RCC_APB2PeriphResetCmd) for RCC_APB2PeriphResetCmd
    stm32f10x_bkp.o(i.BKP_DeInit) refers to stm32f10x_rcc.o(i.RCC_BackupResetCmd) for RCC_BackupResetCmd
    stm32f10x_can.o(i.CAN_DeInit) refers to stm32f10x_rcc.o(i.RCC_APB1PeriphResetCmd) for RCC_APB1PeriphResetCmd
    stm32f10x_can.o(i.CAN_GetITStatus) refers to stm32f10x_can.o(i.CheckITStatus) for CheckITStatus
    stm32f10x_cec.o(i.CEC_DeInit) refers to stm32f10x_rcc.o(i.RCC_APB1PeriphResetCmd) for RCC_APB1PeriphResetCmd
    stm32f10x_dac.o(i.DAC_DeInit) refers to stm32f10x_rcc.o(i.RCC_APB1PeriphResetCmd) for RCC_APB1PeriphResetCmd
    stm32f10x_flash.o(i.FLASH_EnableWriteProtection) refers to stm32f10x_flash.o(i.FLASH_WaitForLastOperation) for FLASH_WaitForLastOperation
    stm32f10x_flash.o(i.FLASH_EraseAllBank1Pages) refers to stm32f10x_flash.o(i.FLASH_WaitForLastBank1Operation) for FLASH_WaitForLastBank1Operation
    stm32f10x_flash.o(i.FLASH_EraseAllPages) refers to stm32f10x_flash.o(i.FLASH_WaitForLastOperation) for FLASH_WaitForLastOperation
    stm32f10x_flash.o(i.FLASH_EraseOptionBytes) refers to stm32f10x_flash.o(i.FLASH_GetReadOutProtectionStatus) for FLASH_GetReadOutProtectionStatus
    stm32f10x_flash.o(i.FLASH_EraseOptionBytes) refers to stm32f10x_flash.o(i.FLASH_WaitForLastOperation) for FLASH_WaitForLastOperation
    stm32f10x_flash.o(i.FLASH_ErasePage) refers to stm32f10x_flash.o(i.FLASH_WaitForLastOperation) for FLASH_WaitForLastOperation
    stm32f10x_flash.o(i.FLASH_ProgramHalfWord) refers to stm32f10x_flash.o(i.FLASH_WaitForLastOperation) for FLASH_WaitForLastOperation
    stm32f10x_flash.o(i.FLASH_ProgramOptionByteData) refers to stm32f10x_flash.o(i.FLASH_WaitForLastOperation) for FLASH_WaitForLastOperation
    stm32f10x_flash.o(i.FLASH_ProgramWord) refers to stm32f10x_flash.o(i.FLASH_WaitForLastOperation) for FLASH_WaitForLastOperation
    stm32f10x_flash.o(i.FLASH_ReadOutProtection) refers to stm32f10x_flash.o(i.FLASH_WaitForLastOperation) for FLASH_WaitForLastOperation
    stm32f10x_flash.o(i.FLASH_UserOptionByteConfig) refers to stm32f10x_flash.o(i.FLASH_WaitForLastOperation) for FLASH_WaitForLastOperation
    stm32f10x_flash.o(i.FLASH_WaitForLastBank1Operation) refers to stm32f10x_flash.o(i.FLASH_GetBank1Status) for FLASH_GetBank1Status
    stm32f10x_flash.o(i.FLASH_WaitForLastOperation) refers to stm32f10x_flash.o(i.FLASH_GetBank1Status) for FLASH_GetBank1Status
[...]
    i.RCC_GetClocksFreq                      0x08000f5c   Section        0  stm32f10x_rcc.o(i.RCC_GetClocksFreq)
    i.Read_DMP                               0x08001030   Section        0  mpu6050.o(i.Read_DMP)
    i.SVC_Handler                            0x0800128c   Section        0  stm32f10x_it.o(i.SVC_Handler)
    i.Serial_Init                            0x08001290   Section        0  serial.o(i.Serial_Init)
    i.SetSysClock                            0x080012fc   Section        0  system_stm32f10x.o(i.SetSysClock)
    SetSysClock                              0x080012fd   Thumb Code     8  system_stm32f10x.o(i.SetSysClock)
    i.SetSysClockTo72                        0x08001304   Section        0  system_stm32f10x.o(i.SetSysClockTo72)
    SetSysClockTo72                          0x08001305   Thumb Code   214  system_stm32f10x.o(i.SetSysClockTo72)
    i.SysTick_CLKSourceConfig                0x080013e4   Section        0  misc.o(i.SysTick_CLKSourceConfig)
    i.SysTick_Handler                        0x0800140c   Section        0  stm32f10x_it.o(i.SysTick_Handler)
    i.SystemInit                             0x08001410   Section        0  system_stm32f10x.o(i.SystemInit)
    i.TIM2_IRQHandler                        0x08001470   Section        0  timer.o(i.TIM2_IRQHandler)
    i.TIM_ClearITPendingBit                  0x08001488   Section        0  stm32f10x_tim.o(i.TIM_ClearITPendingBit)
    i.TIM_GetITStatus                        0x0800148e   Section        0  stm32f10x_tim.o(i.TIM_GetITStatus)
    i.USART_Cmd                              0x080014b0   Section        0  stm32f10x_usart.o(i.USART_Cmd)
    i.USART_GetFlagStatus                    0x080014c8   Section        0  stm32f10x_usart.o(i.USART_GetFlagStatus)
    i.USART_Init                             0x080014e4   Section        0  stm32f10x_usart.o(i.USART_Init)
    i.USART_SendData                         0x080015bc   Section        0  stm32f10x_usart.o(i.USART_SendData)
    i.UsageFault_Handler                     0x080015c4   Section        0  stm32f10x_it.o(i.UsageFault_Handler)
    i.__ARM_fpclassify                       0x080015c8   Section        0  fpclassify.o(i.__ARM_fpclassify)
    i.__kernel_poly                          0x080015f0   Section        0  poly.o(i.__kernel_poly)
    i.__mathlib_dbl_infnan                   0x0800169a   Section        0  dunder.o(i.__mathlib_dbl_infnan)
    i.__mathlib_dbl_infnan2                  0x080016a0   Section        0  dunder.o(i.__mathlib_dbl_infnan2)
    i.__mathlib_dbl_invalid                  0x080016a4   Section        0  dunder.o(i.__mathlib_dbl_invalid)
    i.__mathlib_dbl_underflow                0x080016b0   Section        0  dunder.o(i.__mathlib_dbl_underflow)
    i.accel_self_test                        0x080016c0   Section        0  inv_mpu.o(i.accel_self_test)
    accel_self_test                          0x080016c1   Thumb Code   164  inv_mpu.o(i.accel_self_test)
    i.asin                                   0x08001768   Section        0  asin.o(i.asin)
    i.atan                                   0x080019d8   Section        0  atan.o(i.atan)
    i.atan2                                  0x08001bf8   Section        0  atan2.o(i.atan2)
    i.decode_gesture                         0x08001d94   Section        0  inv_mpu_dmp_motion_driver.o(i.decode_gesture)
    decode_gesture                           0x08001d95   Thumb Code    94  inv_mpu_dmp_motion_driver.o(i.decode_gesture)
    i.dmp_enable_6x_lp_quat                  0x08001df8   Section        0  inv_mpu_dmp_motion_driver.o(i.dmp_enable_6x_lp_quat)
    i.dmp_enable_feature                     0x08001e34   Section        0  inv_mpu_dmp_motion_driver.o(i.dmp_enable_feature)
    i.dmp_enable_gyro_cal                    0x08002050   Section        0  inv_mpu_dmp_motion_driver.o(i.dmp_enable_gyro_cal)
    i.dmp_enable_lp_quat                     0x080020a8   Section        0  inv_mpu_dmp_motion_driver.o(i.dmp_enable_lp_quat)
    i.dmp_load_motion_driver_firmware        0x080020e4   Section        0  inv_mpu_dmp_motion_driver.o(i.dmp_load_motion_driver_firmware)
    i.dmp_read_fifo                          0x080020fc   Section        0  inv_mpu_dmp_motion_driver.o(i.dmp_read_fifo)
    i.dmp_set_accel_bias                     0x080022c8   Section        0  inv_mpu_dmp_motion_driver.o(i.dmp_set_accel_bias)
    i.dmp_set_fifo_rate                      0x080023f8   Section        0  inv_mpu_dmp_motion_driver.o(i.dmp_set_fifo_rate)
    i.dmp_set_gyro_bias                      0x08002468   Section        0  inv_mpu_dmp_motion_driver.o(i.dmp_set_gyro_bias)
    i.dmp_set_orientation                    0x08002598   Section        0  inv_mpu_dmp_motion_driver.o(i.dmp_set_orientation)
    i.dmp_set_shake_reject_thresh            0x080026d0   Section        0  inv_mpu_dmp_motion_driver.o(i.dmp_set_shake_reject_thresh)
    i.dmp_set_shake_reject_time              0x08002708   Section        0  inv_mpu_dmp_motion_driver.o(i.dmp_set_shake_reject_time)
    i.dmp_set_shake_reject_timeout           0x0800272e   Section        0  inv_mpu_dmp_motion_driver.o(i.dmp_set_shake_reject_timeout)
    i.dmp_set_tap_axes                       0x08002754   Section        0  inv_mpu_dmp_motion_driver.o(i.dmp_set_tap_axes)
    i.dmp_set_tap_count                      0x0800279a   Section        0  inv_mpu_dmp_motion_driver.o(i.dmp_set_tap_count)
    i.dmp_set_tap_thresh                     0x080027c0   Section        0  inv_mpu_dmp_motion_driver.o(i.dmp_set_tap_thresh)
    i.dmp_set_tap_time                       0x08002960   Section        0  inv_mpu_dmp_motion_driver.o(i.dmp_set_tap_time)
    i.dmp_set_tap_time_multi                 0x08002986   Section        0  inv_mpu_dmp_motion_driver.o(i.dmp_set_tap_time_multi)
    i.getAngle                               0x080029ac   Section        0  mpu6050.o(i.getAngle)
    i.get_accel_prod_shift                   0x08002a00   Section        0  inv_mpu.o(i.get_accel_prod_shift)
    get_accel_prod_shift                     0x08002a01   Thumb Code   168  inv_mpu.o(i.get_accel_prod_shift)
    i.get_st_biases                          0x08002ab4   Section        0  inv_mpu.o(i.get_st_biases)
    get_st_biases                            0x08002ab5   Thumb Code  1128  inv_mpu.o(i.get_st_biases)
    i.gyro_self_test                         0x08002f20   Section        0  inv_mpu.o(i.gyro_self_test)
    gyro_self_test                           0x08002f21   Thumb Code   256  inv_mpu.o(i.gyro_self_test)
    i.i2cRead                                0x08003030   Section        0  ioi2c.o(i.i2cRead)
    i.i2cWrite                               0x080030a6   Section        0  ioi2c.o(i.i2cWrite)
    i.inv_orientation_matrix_to_scalar       0x08003106   Section        0  mpu6050.o(i.inv_orientation_matrix_to_scalar)
    inv_orientation_matrix_to_scalar         0x08003107   Thumb Code    40  mpu6050.o(i.inv_orientation_matrix_to_scalar)
    i.inv_row_2_scale                        0x0800312e   Section        0  mpu6050.o(i.inv_row_2_scale)
    inv_row_2_scale                          0x0800312f   Thumb Code    78  mpu6050.o(i.inv_row_2_scale)
    i.main                                   0x0800317c   Section        0  main.o(i.main)
    i.mpu_configure_fifo                     0x08003284   Section        0  inv_mpu.o(i.mpu_configure_fifo)
    i.mpu_get_accel_fsr                      0x080032f4   Section        0  inv_mpu.o(i.mpu_get_accel_fsr)
    i.mpu_get_accel_sens                     0x08003340   Section        0  inv_mpu.o(i.mpu_get_accel_sens)
    i.mpu_get_fifo_config                    0x08003394   Section        0  inv_mpu.o(i.mpu_get_fifo_config)
    i.mpu_get_gyro_fsr                       0x080033a4   Section        0  inv_mpu.o(i.mpu_get_gyro_fsr)
    i.mpu_get_gyro_sens                      0x080033e8   Section        0  inv_mpu.o(i.mpu_get_gyro_sens)
    i.mpu_get_lpf                            0x08003438   Section        0  inv_mpu.o(i.mpu_get_lpf)
    i.mpu_get_sample_rate                    0x08003488   Section        0  inv_mpu.o(i.mpu_get_sample_rate)
    i.mpu_init                               0x080034a8   Section        0  inv_mpu.o(i.mpu_init)
    i.mpu_load_firmware                      0x08003638   Section        0  inv_mpu.o(i.mpu_load_firmware)
    i.mpu_lp_accel_mode                      0x080036f0   Section        0  inv_mpu.o(i.mpu_lp_accel_mode)
    i.mpu_read_fifo_stream                   0x080037d0   Section        0  inv_mpu.o(i.mpu_read_fifo_stream)
    i.mpu_read_mem                           0x08003890   Section        0  inv_mpu.o(i.mpu_read_mem)
    i.mpu_reset_fifo                         0x08003910   Section        0  inv_mpu.o(i.mpu_reset_fifo)
    i.mpu_run_self_test                      0x08003acc   Section        0  inv_mpu.o(i.mpu_run_self_test)
    i.mpu_set_accel_fsr                      0x08003be8   Section        0  inv_mpu.o(i.mpu_set_accel_fsr)
    i.mpu_set_bypass                         0x08003c6c   Section        0  inv_mpu.o(i.mpu_set_bypass)
    i.mpu_set_dmp_state                      0x08003db8   Section        0  inv_mpu.o(i.mpu_set_dmp_state)
    i.mpu_set_gyro_fsr                       0x08003e48   Section        0  inv_mpu.o(i.mpu_set_gyro_fsr)
    i.mpu_set_int_latched                    0x08003ed0   Section        0  inv_mpu.o(i.mpu_set_int_latched)
    i.mpu_set_lpf                            0x08003f3c   Section        0  inv_mpu.o(i.mpu_set_lpf)
    i.mpu_set_sample_rate                    0x08003fc0   Section        0  inv_mpu.o(i.mpu_set_sample_rate)
    i.mpu_set_sensors                        0x0800405c   Section        0  inv_mpu.o(i.mpu_set_sensors)
    i.mpu_write_mem                          0x0800412c   Section        0  inv_mpu.o(i.mpu_write_mem)
    i.myget_ms                               0x080041ac   Section        0  inv_mpu.o(i.myget_ms)
    i.run_self_test                          0x080041ae   Section        0  mpu6050.o(i.run_self_test)
    run_self_test                            0x080041af   Thumb Code   144  mpu6050.o(i.run_self_test)
    i.set_int_enable                         0x08004240   Section        0  inv_mpu.o(i.set_int_enable)
    set_int_enable                           0x08004241   Thumb Code   138  inv_mpu.o(i.set_int_enable)
    i.sqrt                                   0x080042d0   Section        0  sqrt.o(i.sqrt)
    i.usart1_niming_report                   0x0800431c   Section        0  serial.o(i.usart1_niming_report)
    i.usart1_report_imu_V7_1                 0x080043a8   Section        0  serial.o(i.usart1_report_imu_V7_1)
    i.usart1_send_char                       0x080043ec   Section        0  serial.o(i.usart1_send_char)
    x$fpl$d2f                                0x0800440c   Section       98  d2f.o(x$fpl$d2f)
    x$fpl$dadd                               0x08004470   Section      336  daddsub_clz.o(x$fpl$dadd)
    _dadd1                                   0x08004481   Thumb Code     0  daddsub_clz.o(x$fpl$dadd)
    x$fpl$dcheck1                            0x080045c0   Section       16  dcheck1.o(x$fpl$dcheck1)
    x$fpl$dcmpinf                            0x080045d0   Section       24  dcmpi.o(x$fpl$dcmpinf)
    x$fpl$ddiv                               0x080045e8   Section      688  ddiv.o(x$fpl$ddiv)
    ddiv_entry                               0x080045ef   Thumb Code     0  ddiv.o(x$fpl$ddiv)
    x$fpl$deqf                               0x08004898   Section      120  deqf.o(x$fpl$deqf)
    x$fpl$dmul                               0x08004910   Section      340  dmul.o(x$fpl$dmul)
    x$fpl$dnaninf                            0x08004a64   Section      156  dnaninf.o(x$fpl$dnaninf)
    x$fpl$dretinf                            0x08004b00   Section       12  dretinf.o(x$fpl$dretinf)
    x$fpl$drsb                               0x08004b0c   Section       22  daddsub_clz.o(x$fpl$drsb)
    x$fpl$dsqrt                              0x08004b24   Section      460  dsqrt_noumaal.o(x$fpl$dsqrt)
    x$fpl$dsub                               0x08004cf0   Section      468  daddsub_clz.o(x$fpl$dsub)
    _dsub1                                   0x08004d01   Thumb Code     0  daddsub_clz.o(x$fpl$dsub)
    x$fpl$f2d                                0x08004ec4   Section       86  f2d.o(x$fpl$f2d)
    x$fpl$fadd                               0x08004f1c   Section      196  faddsub_clz.o(x$fpl$fadd)
    _fadd1                                   0x08004f2b   Thumb Code     0  faddsub_clz.o(x$fpl$fadd)
    x$fpl$fcmpinf                            0x08004fe0   Section       24  fcmpi.o(x$fpl$fcmpinf)
    x$fpl$fdiv                               0x08004ff8   Section      388  fdiv.o(x$fpl$fdiv)
    _fdiv1                                   0x08004ff9   Thumb Code     0  fdiv.o(x$fpl$fdiv)
    x$fpl$feqf                               0x0800517c   Section      104  feqf.o(x$fpl$feqf)
    x$fpl$ffix                               0x080051e4   Section       54  ffix.o(x$fpl$ffix)
    x$fpl$ffixu                              0x0800521c   Section       62  ffixu.o(x$fpl$ffixu)
    x$fpl$fflt                               0x0800525c   Section       48  fflt_clz.o(x$fpl$fflt)
    x$fpl$ffltu                              0x0800528c   Section       38  fflt_clz.o(x$fpl$ffltu)
    x$fpl$fleqf                              0x080052b4   Section      104  fleqf.o(x$fpl$fleqf)
    x$fpl$fmul                               0x0800531c   Section      258  fmul.o(x$fpl$fmul)
    x$fpl$fnaninf                            0x0800541e   Section      140  fnaninf.o(x$fpl$fnaninf)
    x$fpl$fretinf                            0x080054aa   Section       10  fretinf.o(x$fpl$fretinf)
    x$fpl$frleqf                             0x080054b4   Section       98  frleqf.o(x$fpl$frleqf)
    x$fpl$fsub                               0x08005518   Section      234  faddsub_clz.o(x$fpl$fsub)
    _fsub1                                   0x08005527   Thumb Code     0  faddsub_clz.o(x$fpl$fsub)
    x$fpl$retnan                             0x08005602   Section      100  retnan.o(x$fpl$retnan)
    x$fpl$scalbn                             0x08005666   Section       92  scalbn.o(x$fpl$scalbn)
    x$fpl$trapveneer                         0x080056c2   Section       48  trapv.o(x$fpl$trapveneer)
    x$fpl$usenofp                            0x080056f2   Section        0  usenofp.o(x$fpl$usenofp)
    .constdata                               0x080056f4   Section       80  inv_mpu.o(.constdata)
    .constdata                               0x08005744   Section     3062  inv_mpu_dmp_motion_driver.o(.constdata)
    dmp_memory                               0x08005744   Data        3062  inv_mpu_dmp_motion_driver.o(.constdata)
    .constdata                               0x08006340   Section       80  asin.o(.constdata)
    pS                                       0x08006340   Data          48  asin.o(.constdata)
    qS                                       0x08006370   Data          32  asin.o(.constdata)
    .constdata                               0x08006390   Section      152  atan.o(.constdata)
    atanhi                                   0x08006390   Data          32  atan.o(.constdata)
    atanlo                                   0x080063b0   Data          32  atan.o(.constdata)
    aTodd                                    0x080063d0   Data          40  atan.o(.constdata)
    aTeven                                   0x080063f8   Data          48  atan.o(.constdata)
    .constdata                               0x08006428   Section        8  qnan.o(.constdata)
    .data                                    0x20000000   Section       20  system_stm32f10x.o(.data)
    .data                                    0x20000014   Section       20  stm32f10x_rcc.o(.data)
    APBAHBPrescTable                         0x20000014   Data          16  stm32f10x_rcc.o(.data)
    ADCPrescTable                            0x20000024   Data           4  stm32f10x_rcc.o(.data)
    .data                                    0x20000028   Section        4  delay.o(.data)
    fac_us                                   0x20000028   Data           1  delay.o(.data)
    fac_ms                                   0x2000002a   Data           2  delay.o(.data)
    .data                                    0x2000002c   Section       44  inv_mpu.o(.data)
    st                                       0x2000002c   Data          44  inv_mpu.o(.data)
    .data                                    0x20000058   Section       66  mpu6050.o(.data)
    gyro_orientation                         0x20000084   Data           9  mpu6050.o(.data)
    .data                                    0x2000009c   Section       29  main.o(.data)
    .bss                                     0x200000bc   Section       16  inv_mpu_dmp_motion_driver.o(.bss)
    dmp                                      0x200000bc   Data          16  inv_mpu_dmp_motion_driver.o(.bss)
    .bss                                     0x200000cc   Section      146  mpu6050.o(.bss)
    .bss                                     0x20000160   Section       96  libspace.o(.bss)
    HEAP                                     0x200001c0   Section      512  startup_stm32f10x_hd.o(HEAP)
    Heap_Mem                                 0x200001c0   Data         512  startup_stm32f10x_hd.o(HEAP)
    STACK                                    0x200003c0   Section     1024  startup_stm32f10x_hd.o(STACK)
    Stack_Mem                                0x200003c0   Data        1024  startup_stm32f10x_hd.o(STACK)
    __initial_sp                             0x200007c0   Data           0  startup_stm32f10x_hd.o(STACK)

    Global Symbols

    Symbol Name                              Value     Ov Type        Size  Object(Section)

    BuildAttributes$$THM_ISAv4$P$D$K$B$S$PE$A:L22UL41UL21$X:L11$S22US41US21$IEEE1$IW$USESV6$~STKCKD$USESV7$~SHL$OTIME$ROPI$IEEEX$EBA8$UX$STANDARDLIB$REQ8$PRES8$EABIv2 0x00000000   Number         0  anon$$obj.o ABSOLUTE
    __ARM_use_no_argv                        0x00000000   Number         0  main.o ABSOLUTE
    __ARM_exceptions_init                     - Undefined Weak Reference
    __alloca_initialize                       - Undefined Weak Reference
    __arm_fini_                               - Undefined Weak Reference
    __arm_preinit_                            - Undefined Weak Reference
    __cpp_initialize__aeabi_                  - Undefined Weak Reference
    __cxa_finalize                            - Undefined Weak Reference
    __rt_locale                               - Undefined Weak Reference
    __sigvec_lookup                           - Undefined Weak Reference
    _atexit_init                              - Undefined Weak Reference
    _call_atexit_fns                          - Undefined Weak Reference
    _clock_init                               - Undefined Weak Reference
    _fp_trap_init                             - Undefined Weak Reference
    _fp_trap_shutdown                         - Undefined Weak Reference
    _get_lc_collate                           - Undefined Weak Reference
    _get_lc_ctype                             - Undefined Weak Reference
    _get_lc_monetary                          - Undefined Weak Reference
    _get_lc_numeric                           - Undefined Weak Reference
    _get_lc_time                              - Undefined Weak Reference
    _getenv_init                              - Undefined Weak Reference
    _handle_redirection                       - Undefined Weak Reference
    _init_alloc                               - Undefined Weak Reference
    _init_user_alloc                          - Undefined Weak Reference
    _initio                                   - Undefined Weak Reference
    _rand_init                                - Undefined Weak Reference
    _signal_finish                            - Undefined Weak Reference
    _signal_init                              - Undefined Weak Reference
    _terminate_alloc                          - Undefined Weak Reference
    _terminate_user_alloc                     - Undefined Weak Reference
    _terminateio                              - Undefined Weak Reference
    __Vectors_Size                           0x00000130   Number         0  startup_stm32f10x_hd.o ABSOLUTE
    __Vectors                                0x08000000   Data           4  startup_stm32f10x_hd.o(RESET)
    __Vectors_End                            0x08000130   Data           0  startup_stm32f10x_hd.o(RESET)
    __main                                   0x08000131   Thumb Code     8  __main.o(!!!main)
    __scatterload                            0x08000139   Thumb Code     0  __scatter.o(!!!scatter)
    __scatterload_rt2                        0x08000139   Thumb Code    44  __scatter.o(!!!scatter)
    __scatterload_rt2_thumb_only             0x08000139   Thumb Code     0  __scatter.o(!!!scatter)
    __scatterload_null                       0x08000147   Thumb Code     0  __scatter.o(!!!scatter)
    __scatterload_copy                       0x0800016d   Thumb Code    26  __scatter_copy.o(!!handler_copy)
    __scatterload_zeroinit                   0x08000189   Thumb Code    28  __scatter_zi.o(!!handler_zi)
    __rt_lib_init                            0x080001a5   Thumb Code     0  libinit.o(.ARM.Collect$$libinit$$00000000)
    __rt_lib_init_alloca_1                   0x080001a7   Thumb Code     0  libinit2.o(.ARM.Collect$$libinit$$0000002E)
    __rt_lib_init_argv_1                     0x080001a7   Thumb Code     0  libinit2.o(.ARM.Collect$$libinit$$0000002C)
    __rt_lib_init_atexit_1                   0x080001a7   Thumb Code     0  libinit2.o(.ARM.Collect$$libinit$$0000001B)
    __rt_lib_init_clock_1                    0x080001a7   Thumb Code     0  libinit2.o(.ARM.Collect$$libinit$$00000021)
    __rt_lib_init_cpp_1                      0x080001a7   Thumb Code     0  libinit2.o(.ARM.Collect$$libinit$$00000032)
    __rt_lib_init_exceptions_1               0x080001a7   Thumb Code     0  libinit2.o(.ARM.Collect$$libinit$$00000030)
    __rt_lib_init_fp_1                       0x080001a7   Thumb Code     0  libinit2.o(.ARM.Collect$$libinit$$00000002)
    __rt_lib_init_fp_trap_1                  0x080001a7   Thumb Code     0  libinit2.o(.ARM.Collect$$libinit$$0000001F)
    __rt_lib_init_getenv_1                   0x080001a7   Thumb Code     0  libinit2.o(.ARM.Collect$$libinit$$00000023)
    __rt_lib_init_heap_1                     0x080001a7   Thumb Code     0  libinit2.o(.ARM.Collect$$libinit$$0000000A)
    __rt_lib_init_lc_collate_1               0x080001a7   Thumb Code     0  libinit2.o(.ARM.Collect$$libinit$$00000011)
    __rt_lib_init_lc_ctype_1                 0x080001a7   Thumb Code     0  libinit2.o(.ARM.Collect$$libinit$$00000013)
    __rt_lib_init_lc_monetary_1              0x080001a7   Thumb Code     0  libinit2.o(.ARM.Collect$$libinit$$00000015)
    __rt_lib_init_lc_numeric_1               0x080001a7   Thumb Code     0  libinit2.o(.ARM.Collect$$libinit$$00000017)
    __rt_lib_init_lc_time_1                  0x080001a7   Thumb Code     0  libinit2.o(.ARM.Collect$$libinit$$00000019)
    __rt_lib_init_preinit_1                  0x080001a7   Thumb Code     0  libinit2.o(.ARM.Collect$$libinit$$00000004)
    __rt_lib_init_rand_1                     0x080001a7   Thumb Code     0  libinit2.o(.ARM.Collect$$libinit$$0000000E)
    __rt_lib_init_return                     0x080001a7   Thumb Code     0  libinit2.o(.ARM.Collect$$libinit$$00000033)
    __rt_lib_init_signal_1                   0x080001a7   Thumb Code     0  libinit2.o(.ARM.Collect$$libinit$$0000001D)
    __rt_lib_init_stdio_1                    0x080001a7   Thumb Code     0  libinit2.o(.ARM.Collect$$libinit$$00000025)
    __rt_lib_init_user_alloc_1               0x080001a7   Thumb Code     0  libinit2.o(.ARM.Collect$$libinit$$0000000C)
    __rt_lib_shutdown                        0x080001a9   Thumb Code     0  libshutdown.o(.ARM.Collect$$libshutdown$$00000000)
    __rt_lib_shutdown_cpp_1                  0x080001ab   Thumb Code     0  libshutdown2.o(.ARM.Collect$$libshutdown$$00000004)
    __rt_lib_shutdown_fini_1                 0x080001ab   Thumb Code     0  libshutdown2.o(.ARM.Collect$$libshutdown$$00000002)
    __rt_lib_shutdown_fp_trap_1              0x080001ab   Thumb Code     0  libshutdown2.o(.ARM.Collect$$libshutdown$$00000009)
    __rt_lib_shutdown_heap_1                 0x080001ab   Thumb Code     0  libshutdown2.o(.ARM.Collect$$libshutdown$$00000011)
    __rt_lib_shutdown_return                 0x080001ab   Thumb Code     0  libshutdown2.o(.ARM.Collect$$libshutdown$$00000012)
    __rt_lib_shutdown_signal_1               0x080001ab   Thumb Code     0  libshutdown2.o(.ARM.Collect$$libshutdown$$0000000C)
    __rt_lib_shutdown_stdio_1                0x080001ab   Thumb Code     0  libshutdown2.o(.ARM.Collect$$libshutdown$$00000006)
    __rt_lib_shutdown_user_alloc_1           0x080001ab   Thumb Code     0  libshutdown2.o(.ARM.Collect$$libshutdown$$0000000E)
    __rt_entry                               0x080001ad   Thumb Code     0  __rtentry.o(.ARM.Collect$$rtentry$$00000000)
    __rt_entry_presh_1                       0x080001ad   Thumb Code     0  __rtentry2.o(.ARM.Collect$$rtentry$$00000002)
    __rt_entry_sh                            0x080001ad   Thumb Code     0  __rtentry4.o(.ARM.Collect$$rtentry$$00000004)
    __rt_entry_li                            0x080001b3   Thumb Code     0  __rtentry2.o(.ARM.Collect$$rtentry$$0000000A)
    __rt_entry_postsh_1                      0x080001b3   Thumb Code     0  __rtentry2.o(.ARM.Collect$$rtentry$$00000009)
    __rt_entry_main                          0x080001b7   Thumb Code     0  __rtentry2.o(.ARM.Collect$$rtentry$$0000000D)
    __rt_entry_postli_1                      0x080001b7   Thumb Code     0  __rtentry2.o(.ARM.Collect$$rtentry$$0000000C)
    __rt_exit                                0x080001bf   Thumb Code     0  rtexit.o(.ARM.Collect$$rtexit$$00000000)
    __rt_exit_ls                             0x080001c1   Thumb Code     0  rtexit2.o(.ARM.Collect$$rtexit$$00000003)
    __rt_exit_prels_1                        0x080001c1   Thumb Code     0  rtexit2.o(.ARM.Collect$$rtexit$$00000002)
    __rt_exit_exit                           0x080001c5   Thumb Code     0  rtexit2.o(.ARM.Collect$$rtexit$$00000004)
    Reset_Handler                            0x080001cd   Thumb Code     8  startup_stm32f10x_hd.o(.text)
    ADC1_2_IRQHandler                        0x080001e7   Thumb Code     0  startup_stm32f10x_hd.o(.text)
    ADC3_IRQHandler                          0x080001e7   Thumb Code     0  startup_stm32f10x_hd.o(.text)
    CAN1_RX1_IRQHandler                      0x080001e7   Thumb Code     0  startup_stm32f10x_hd.o(.text)
    CAN1_SCE_IRQHandler                      0x080001e7   Thumb Code     0  startup_stm32f10x_hd.o(.text)
    DMA1_Channel1_IRQHandler                 0x080001e7   Thumb Code     0  startup_stm32f10x_hd.o(.text)
    DMA1_Channel2_IRQHandler                 0x080001e7   Thumb Code     0  startup_stm32f10x_hd.o(.text)
    DMA1_Channel3_IRQHandler                 0x080001e7   Thumb Code     0  startup_stm32f10x_hd.o(.text)
    DMA1_Channel4_IRQHandler                 0x080001e7   Thumb Code     0  startup_stm32f10x_hd.o(.text)
    DMA1_Channel5_IRQHandler                 0x080001e7   Thumb Code     0  startup_stm32f10x_hd.o(.text)
    DMA1_Channel6_IRQHandler                 0x080001e7   Thumb Code     0  startup_stm32f10x_hd.o(.text)
    DMA1_Channel7_IRQHandler                 0x080001e7   Thumb Code     0  startup_stm32f10x_hd.o(.text)
    DMA2_Channel1_IRQHandler                 0x080001e7   Thumb Code     0  startup_stm32f10x_hd.o(.text)
    DMA2_Channel2_IRQHandler                 0x080001e7   Thumb Code     0  startup_stm32f10x_hd.o(.text)
    DMA2_Channel3_IRQHandler                 0x080001e7   Thumb Code     0  startup_stm32f10x_hd.o(.text)
    DMA2_Channel4_5_IRQHandler               0x080001e7   Thumb Code     0  startup_stm32f10x_hd.o(.text)
    EXTI0_IRQHandler                         0x080001e7   Thumb Code     0  startup_stm32f10x_hd.o(.text)
    EXTI15_10_IRQHandler                     0x080001e7   Thumb Code     0  startup_stm32f10x_hd.o(.text)
    EXTI1_IRQHandler                         0x080001e7   Thumb Code     0  startup_stm32f10x_hd.o(.text)
    EXTI2_IRQHandler                         0x080001e7   Thumb Code     0  startup_stm32f10x_hd.o(.text)
    EXTI4_IRQHandler                         0x080001e7   Thumb Code     0  startup_stm32f10x_hd.o(.text)
    EXTI9_5_IRQHandler                       0x080001e7   Thumb Code     0  startup_stm32f10x_hd.o(.text)
    FLASH_IRQHandler                         0x080001e7   Thumb Code     0  startup_stm32f10x_hd.o(.text)
    FSMC_IRQHandler                          0x080001e7   Thumb Code     0  startup_stm32f10x_hd.o(.text)
    I2C1_ER_IRQHandler                       0x080001e7   Thumb Code     0  startup_stm32f10x_hd.o(.text)
    I2C1_EV_IRQHandler                       0x080001e7   Thumb Code     0  startup_stm32f10x_hd.o(.text)
    I2C2_ER_IRQHandler                       0x080001e7   Thumb Code     0  startup_stm32f10x_hd.o(.text)
    I2C2_EV_IRQHandler                       0x080001e7   Thumb Code     0  startup_stm32f10x_hd.o(.text)
    PVD_IRQHandler                           0x080001e7   Thumb Code     0  startup_stm32f10x_hd.o(.text)
    RCC_IRQHandler                           0x080001e7   Thumb Code     0  startup_stm32f10x_hd.o(.text)
    RTCAlarm_IRQHandler                      0x080001e7   Thumb Code     0  startup_stm32f10x_hd.o(.text)
    RTC_IRQHandler                           0x080001e7   Thumb Code     0  startup_stm32f10x_hd.o(.text)
    SDIO_IRQHandler                          0x080001e7   Thumb Code     0  startup_stm32f10x_hd.o(.text)
    SPI1_IRQHandler                          0x080001e7   Thumb Code     0  startup_stm32f10x_hd.o(.text)
    SPI2_IRQHandler                          0x080001e7   Thumb Code     0  startup_stm32f10x_hd.o(.text)
    SPI3_IRQHandler                          0x080001e7   Thumb Code     0  startup_stm32f10x_hd.o(.text)
    TAMPER_IRQHandler                        0x080001e7   Thumb Code     0  startup_stm32f10x_hd.o(.text)
    TIM1_BRK_IRQHandler                      0x080001e7   Thumb Code     0  startup_stm32f10x_hd.o(.text)
    TIM1_CC_IRQHandler                       0x080001e7   Thumb Code     0  startup_stm32f10x_hd.o(.text)
    TIM1_TRG_COM_IRQHandler                  0x080001e7   Thumb Code     0  startup_stm32f10x_hd.o(.text)
    TIM1_UP_IRQHandler                       0x080001e7   Thumb Code     0  startup_stm32f10x_hd.o(.text)
    TIM3_IRQHandler                          0x080001e7   Thumb Code     0  startup_stm32f10x_hd.o(.text)
    TIM4_IRQHandler                          0x080001e7   Thumb Code     0  startup_stm32f10x_hd.o(.text)
    TIM5_IRQHandler                          0x080001e7   Thumb Code     0  startup_stm32f10x_hd.o(.text)
    TIM6_IRQHandler                          0x080001e7   Thumb Code     0  startup_stm32f10x_hd.o(.text)
    TIM7_IRQHandler                          0x080001e7   Thumb Code     0  startup_stm32f10x_hd.o(.text)
    TIM8_BRK_IRQHandler                      0x080001e7   Thumb Code     0  startup_stm32f10x_hd.o(.text)
    TIM8_CC_IRQHandler                       0x080001e7   Thumb Code     0  startup_stm32f10x_hd.o(.text)
    TIM8_TRG_COM_IRQHandler                  0x080001e7   Thumb Code     0  startup_stm32f10x_hd.o(.text)
    TIM8_UP_IRQHandler                       0x080001e7   Thumb Code     0  startup_stm32f10x_hd.o(.text)
    UART4_IRQHandler                         0x080001e7   Thumb Code     0  startup_stm32f10x_hd.o(.text)
    UART5_IRQHandler                         0x080001e7   Thumb Code     0  startup_stm32f10x_hd.o(.text)
    USART1_IRQHandler                        0x080001e7   Thumb Code     0  startup_stm32f10x_hd.o(.text)
    USART2_IRQHandler                        0x080001e7   Thumb Code     0  startup_stm32f10x_hd.o(.text)
    USART3_IRQHandler                        0x080001e7   Thumb Code     0  startup_stm32f10x_hd.o(.text)
    USBWakeUp_IRQHandler                     0x080001e7   Thumb Code     0  startup_stm32f10x_hd.o(.text)
    USB_HP_CAN1_TX_IRQHandler                0x080001e7   Thumb Code     0  startup_stm32f10x_hd.o(.text)
    USB_LP_CAN1_RX0_IRQHandler               0x080001e7   Thumb Code     0  startup_stm32f10x_hd.o(.text)
    WWDG_IRQHandler                          0x080001e7   Thumb Code     0  startup_stm32f10x_hd.o(.text)
    __user_initial_stackheap                 0x080001e9   Thumb Code     0  startup_stm32f10x_hd.o(.text)
    __aeabi_ldivmod                          0x0800020d   Thumb Code     0  llsdiv.o(.text)
    _ll_sdiv                                 0x0800020d   Thumb Code    72  llsdiv.o(.text)
    memcmp                                   0x08000255   Thumb Code    88  memcmp.o(.text)
    __aeabi_memset                           0x080002ad   Thumb Code    16  aeabi_memset.o(.text)
    __use_two_region_memory                  0x080002bd   Thumb Code     2  heapauxi.o(.text)
    __rt_heap_escrow$2region                 0x080002bf   Thumb Code     2  heapauxi.o(.text)
    __rt_heap_expand$2region                 0x080002c1   Thumb Code     2  heapauxi.o(.text)
    __aeabi_uldivmod                         0x080002c3   Thumb Code     0  lludivv7m.o(.text)
    _ll_udiv                                 0x080002c3   Thumb Code   238  lludivv7m.o(.text)
    __read_errno                             0x080003b1   Thumb Code    10  _rserrno.o(.text)
    __set_errno                              0x080003bb   Thumb Code    12  _rserrno.o(.text)
    __aeabi_memclr                           0x080003c7   Thumb Code     0  rt_memclr.o(.text)
    __rt_memclr                              0x080003c7   Thumb Code    68  rt_memclr.o(.text)
    _memset                                  0x080003cb   Thumb Code     0  rt_memclr.o(.text)
    __aeabi_errno_addr                       0x0800040d   Thumb Code     8  rt_errno_addr_intlibspace.o(.text)
    __errno$intlibspace                      0x0800040d   Thumb Code     0  rt_errno_addr_intlibspace.o(.text)
    __rt_errno_addr$intlibspace              0x0800040d   Thumb Code     0  rt_errno_addr_intlibspace.o(.text)
    __aeabi_memclr4                          0x08000415   Thumb Code     0  rt_memclr_w.o(.text)
    __aeabi_memclr8                          0x08000415   Thumb Code     0  rt_memclr_w.o(.text)
    __rt_memclr_w                            0x08000415   Thumb Code    78  rt_memclr_w.o(.text)
    _memset_w                                0x08000419   Thumb Code     0  rt_memclr_w.o(.text)
    __user_libspace                          0x08000465   Thumb Code     8  libspace.o(.text)
    __user_perproc_libspace                  0x08000465   Thumb Code     0  libspace.o(.text)
    __user_perthread_libspace                0x08000465   Thumb Code     0  libspace.o(.text)
    __user_setup_stackheap                   0x0800046d   Thumb Code    74  sys_stackheap_outer.o(.text)
    exit                                     0x080004b7   Thumb Code    18  exit.o(.text)
    _sys_exit                                0x080004c9   Thumb Code     8  sys_exit.o(.text)
    __I$use$semihosting                      0x080004d5   Thumb Code     0  use_no_semi.o(.text)
    __use_no_semihosting_swi                 0x080004d5   Thumb Code     2  use_no_semi.o(.text)
    BusFault_Handler                         0x080004d7   Thumb Code     4  stm32f10x_it.o(i.BusFault_Handler)
    __semihosting_library_function           0x080004d7   Thumb Code     0  indicate_semi.o(.text)
    DMP_Init                                 0x080004dd   Thumb Code   126  mpu6050.o(i.DMP_Init)
    DebugMon_Handler                         0x0800056d   Thumb Code     2  stm32f10x_it.o(i.DebugMon_Handler)
    Delay_init                               0x08000571   Thumb Code    50  delay.o(i.Delay_init)
    Delay_ms                                 0x080005b5   Thumb Code    72  delay.o(i.Delay_ms)
    Delay_us                                 0x08000601   Thumb Code    72  delay.o(i.Delay_us)
    EXTI3_IRQHandler                         0x0800064d   Thumb Code    42  main.o(i.EXTI3_IRQHandler)
    EXTI_ClearITPendingBit                   0x08000685   Thumb Code     6  stm32f10x_exti.o(i.EXTI_ClearITPendingBit)
    EXTI_Init                                0x08000691   Thumb Code   142  stm32f10x_exti.o(i.EXTI_Init)
    GPIO_EXTILineConfig                      0x08000725   Thumb Code    60  stm32f10x_gpio.o(i.GPIO_EXTILineConfig)
    GPIO_Init                                0x08000765   Thumb Code   278  stm32f10x_gpio.o(i.GPIO_Init)
    HardFault_Handler                        0x0800087b   Thumb Code     4  stm32f10x_it.o(i.HardFault_Handler)
    I2C_ReadOneByte                          0x0800087f   Thumb Code    70  ioi2c.o(i.I2C_ReadOneByte)
    IIC_Ack                                  0x080008c5   Thumb Code    64  ioi2c.o(i.IIC_Ack)
    IIC_Init                                 0x08000911   Thumb Code    38  ioi2c.o(i.IIC_Init)
    IIC_NAck                                 0x0800093d   Thumb Code    62  ioi2c.o(i.IIC_NAck)
    IIC_Read_Byte                            0x08000989   Thumb Code    98  ioi2c.o(i.IIC_Read_Byte)
    IIC_Send_Byte                            0x080009f9   Thumb Code    88  ioi2c.o(i.IIC_Send_Byte)
    IIC_Start                                0x08000a5d   Thumb Code    92  ioi2c.o(i.IIC_Start)
    IIC_Stop                                 0x08000ac5   Thumb Code    60  ioi2c.o(i.IIC_Stop)
    IIC_Wait_Ack                             0x08000b0d   Thumb Code    92  ioi2c.o(i.IIC_Wait_Ack)
    IICreadByte                              0x08000b75   Thumb Code    22  ioi2c.o(i.IICreadByte)
    IICreadBytes                             0x08000b8d   Thumb Code   112  ioi2c.o(i.IICreadBytes)
    IICwriteBit                              0x08000c01   Thumb Code    64  ioi2c.o(i.IICwriteBit)
    IICwriteBits                             0x08000c41   Thumb Code   106  ioi2c.o(i.IICwriteBits)
    IICwriteByte                             0x08000cab   Thumb Code    20  ioi2c.o(i.IICwriteByte)
    IICwriteBytes                            0x08000cbf   Thumb Code    70  ioi2c.o(i.IICwriteBytes)
    MBOT_EXTI_Init                           0x08000d05   Thumb Code   104  myexti.o(i.MBOT_EXTI_Init)
    MPU6050_getDeviceID                      0x08000d71   Thumb Code    20  mpu6050.o(i.MPU6050_getDeviceID)
    MPU6050_initialize                       0x08000d89   Thumb Code    40  mpu6050.o(i.MPU6050_initialize)
    MPU6050_setClockSource                   0x08000db1   Thumb Code    20  mpu6050.o(i.MPU6050_setClockSource)
    MPU6050_setFullScaleAccelRange           0x08000dc5   Thumb Code    20  mpu6050.o(i.MPU6050_setFullScaleAccelRange)
    MPU6050_setFullScaleGyroRange            0x08000dd9   Thumb Code    20  mpu6050.o(i.MPU6050_setFullScaleGyroRange)
    MPU6050_setI2CBypassEnabled              0x08000ded   Thumb Code    18  mpu6050.o(i.MPU6050_setI2CBypassEnabled)
    MPU6050_setI2CMasterModeEnabled          0x08000dff   Thumb Code    18  mpu6050.o(i.MPU6050_setI2CMasterModeEnabled)
    MPU6050_setSleepEnabled                  0x08000e11   Thumb Code    18  mpu6050.o(i.MPU6050_setSleepEnabled)
    MPU6050_testConnection                   0x08000e23   Thumb Code    18  mpu6050.o(i.MPU6050_testConnection)
    MPU_Get_Accelerometer                    0x08000e35   Thumb Code    70  mpu6050.o(i.MPU_Get_Accelerometer)
    MPU_Get_Gyroscope                        0x08000e7b   Thumb Code    70  mpu6050.o(i.MPU_Get_Gyroscope)
    MemManage_Handler                        0x08000ec1   Thumb Code     4  stm32f10x_it.o(i.MemManage_Handler)
    NMI_Handler                              0x08000ec5   Thumb Code     2  stm32f10x_it.o(i.NMI_Handler)
    NVIC_Init                                0x08000ec9   Thumb Code   100  misc.o(i.NVIC_Init)
    PendSV_Handler                           0x08000f39   Thumb Code     2  stm32f10x_it.o(i.PendSV_Handler)
    RCC_APB2PeriphClockCmd                   0x08000f3d   Thumb Code    26  stm32f10x_rcc.o(i.RCC_APB2PeriphClockCmd)
    RCC_GetClocksFreq                        0x08000f5d   Thumb Code   192  stm32f10x_rcc.o(i.RCC_GetClocksFreq)
    Read_DMP                                 0x08001031   Thumb Code   560  mpu6050.o(i.Read_DMP)
    SVC_Handler                              0x0800128d   Thumb Code     2  stm32f10x_it.o(i.SVC_Handler)
    Serial_Init                              0x08001291   Thumb Code   100  serial.o(i.Serial_Init)
    SysTick_CLKSourceConfig                  0x080013e5   Thumb Code    40  misc.o(i.SysTick_CLKSourceConfig)
    SysTick_Handler                          0x0800140d   Thumb Code     2  stm32f10x_it.o(i.SysTick_Handler)
    SystemInit                               0x08001411   Thumb Code    78  system_stm32f10x.o(i.SystemInit)
    TIM2_IRQHandler                          0x08001471   Thumb Code    24  timer.o(i.TIM2_IRQHandler)
    TIM_ClearITPendingBit                    0x08001489   Thumb Code     6  stm32f10x_tim.o(i.TIM_ClearITPendingBit)
    TIM_GetITStatus                          0x0800148f   Thumb Code    34  stm32f10x_tim.o(i.TIM_GetITStatus)
    USART_Cmd                                0x080014b1   Thumb Code    24  stm32f10x_usart.o(i.USART_Cmd)
    USART_GetFlagStatus                      0x080014c9   Thumb Code    26  stm32f10x_usart.o(i.USART_GetFlagStatus)
    USART_Init                               0x080014e5   Thumb Code   210  stm32f10x_usart.o(i.USART_Init)
    USART_SendData                           0x080015bd   Thumb Code     8  stm32f10x_usart.o(i.USART_SendData)
    UsageFault_Handler                       0x080015c5   Thumb Code     4  stm32f10x_it.o(i.UsageFault_Handler)
    __ARM_fpclassify                         0x080015c9   Thumb Code    40  fpclassify.o(i.__ARM_fpclassify)
    __kernel_poly                            0x080015f1   Thumb Code   170  poly.o(i.__kernel_poly)
    __mathlib_dbl_infnan                     0x0800169b   Thumb Code     6  dunder.o(i.__mathlib_dbl_infnan)
    __mathlib_dbl_infnan2                    0x080016a1   Thumb Code     4  dunder.o(i.__mathlib_dbl_infnan2)
    __mathlib_dbl_invalid                    0x080016a5   Thumb Code    12  dunder.o(i.__mathlib_dbl_invalid)
    __mathlib_dbl_underflow                  0x080016b1   Thumb Code    10  dunder.o(i.__mathlib_dbl_underflow)
    asin                                     0x08001769   Thumb Code   572  asin.o(i.asin)
    atan                                     0x080019d9   Thumb Code   474  atan.o(i.atan)
    atan2                                    0x08001bf9   Thumb Code   374  atan2.o(i.atan2)
    dmp_enable_6x_lp_quat                    0x08001df9   Thumb Code    60  inv_mpu_dmp_motion_driver.o(i.dmp_enable_6x_lp_quat)
    dmp_enable_feature                       0x08001e35   Thumb Code   530  inv_mpu_dmp_motion_driver.o(i.dmp_enable_feature)
    dmp_enable_gyro_cal                      0x08002051   Thumb Code    62  inv_mpu_dmp_motion_driver.o(i.dmp_enable_gyro_cal)
    dmp_enable_lp_quat                       0x080020a9   Thumb Code    60  inv_mpu_dmp_motion_driver.o(i.dmp_enable_lp_quat)
    dmp_load_motion_driver_firmware          0x080020e5   Thumb Code    20  inv_mpu_dmp_motion_driver.o(i.dmp_load_motion_driver_firmware)
    dmp_read_fifo                            0x080020fd   Thumb Code   456  inv_mpu_dmp_motion_driver.o(i.dmp_read_fifo)
    dmp_set_accel_bias                       0x080022c9   Thumb Code   300  inv_mpu_dmp_motion_driver.o(i.dmp_set_accel_bias)
    dmp_set_fifo_rate                        0x080023f9   Thumb Code    96  inv_mpu_dmp_motion_driver.o(i.dmp_set_fifo_rate)
    dmp_set_gyro_bias                        0x08002469   Thumb Code   294  inv_mpu_dmp_motion_driver.o(i.dmp_set_gyro_bias)
    dmp_set_orientation                      0x08002599   Thumb Code   290  inv_mpu_dmp_motion_driver.o(i.dmp_set_orientation)
    dmp_set_shake_reject_thresh              0x080026d1   Thumb Code    56  inv_mpu_dmp_motion_driver.o(i.dmp_set_shake_reject_thresh)
    dmp_set_shake_reject_time                0x08002709   Thumb Code    38  inv_mpu_dmp_motion_driver.o(i.dmp_set_shake_reject_time)
    dmp_set_shake_reject_timeout             0x0800272f   Thumb Code    38  inv_mpu_dmp_motion_driver.o(i.dmp_set_shake_reject_timeout)
    dmp_set_tap_axes                         0x08002755   Thumb Code    70  inv_mpu_dmp_motion_driver.o(i.dmp_set_tap_axes)
    dmp_set_tap_count                        0x0800279b   Thumb Code    38  inv_mpu_dmp_motion_driver.o(i.dmp_set_tap_count)
    dmp_set_tap_thresh                       0x080027c1   Thumb Code   396  inv_mpu_dmp_motion_driver.o(i.dmp_set_tap_thresh)
    dmp_set_tap_time                         0x08002961   Thumb Code    38  inv_mpu_dmp_motion_driver.o(i.dmp_set_tap_time)
    dmp_set_tap_time_multi                   0x08002987   Thumb Code    38  inv_mpu_dmp_motion_driver.o(i.dmp_set_tap_time_multi)
    getAngle                                 0x080029ad   Thumb Code    74  mpu6050.o(i.getAngle)
    i2cRead                                  0x08003031   Thumb Code   118  ioi2c.o(i.i2cRead)
    i2cWrite                                 0x080030a7   Thumb Code    96  ioi2c.o(i.i2cWrite)
    main                                     0x0800317d   Thumb Code   208  main.o(i.main)
    mpu_configure_fifo                       0x08003285   Thumb Code   106  inv_mpu.o(i.mpu_configure_fifo)
    mpu_get_accel_fsr                        0x080032f5   Thumb Code    72  inv_mpu.o(i.mpu_get_accel_fsr)
    mpu_get_accel_sens                       0x08003341   Thumb Code    78  inv_mpu.o(i.mpu_get_accel_sens)
    mpu_get_fifo_config                      0x08003395   Thumb Code    12  inv_mpu.o(i.mpu_get_fifo_config)
    mpu_get_gyro_fsr                         0x080033a5   Thumb Code    64  inv_mpu.o(i.mpu_get_gyro_fsr)
    mpu_get_gyro_sens                        0x080033e9   Thumb Code    58  inv_mpu.o(i.mpu_get_gyro_sens)
    mpu_get_lpf                              0x08003439   Thumb Code    74  inv_mpu.o(i.mpu_get_lpf)
    mpu_get_sample_rate                      0x08003489   Thumb Code    26  inv_mpu.o(i.mpu_get_sample_rate)
    mpu_init                                 0x080034a9   Thumb Code   396  inv_mpu.o(i.mpu_init)
    mpu_load_firmware                        0x08003639   Thumb Code   180  inv_mpu.o(i.mpu_load_firmware)
    mpu_lp_accel_mode                        0x080036f1   Thumb Code   218  inv_mpu.o(i.mpu_lp_accel_mode)
    mpu_read_fifo_stream                     0x080037d1   Thumb Code   186  inv_mpu.o(i.mpu_read_fifo_stream)
    mpu_read_mem                             0x08003891   Thumb Code   122  inv_mpu.o(i.mpu_read_mem)
    mpu_reset_fifo                           0x08003911   Thumb Code   438  inv_mpu.o(i.mpu_reset_fifo)
    mpu_run_self_test                        0x08003acd   Thumb Code   278  inv_mpu.o(i.mpu_run_self_test)
    mpu_set_accel_fsr                        0x08003be9   Thumb Code   126  inv_mpu.o(i.mpu_set_accel_fsr)
    mpu_set_bypass                           0x08003c6d   Thumb Code   328  inv_mpu.o(i.mpu_set_bypass)
    mpu_set_dmp_state                        0x08003db9   Thumb Code   138  inv_mpu.o(i.mpu_set_dmp_state)
    mpu_set_gyro_fsr                         0x08003e49   Thumb Code   132  inv_mpu.o(i.mpu_set_gyro_fsr)
    mpu_set_int_latched                      0x08003ed1   Thumb Code   102  inv_mpu.o(i.mpu_set_int_latched)
    mpu_set_lpf                              0x08003f3d   Thumb Code   126  inv_mpu.o(i.mpu_set_lpf)
    mpu_set_sample_rate                      0x08003fc1   Thumb Code   152  inv_mpu.o(i.mpu_set_sample_rate)
    mpu_set_sensors                          0x0800405d   Thumb Code   202  inv_mpu.o(i.mpu_set_sensors)
    mpu_write_mem                            0x0800412d   Thumb Code   122  inv_mpu.o(i.mpu_write_mem)
    myget_ms                                 0x080041ad   Thumb Code     2  inv_mpu.o(i.myget_ms)
    sqrt                                     0x080042d1   Thumb Code    76  sqrt.o(i.sqrt)
    usart1_niming_report                     0x0800431d   Thumb Code   140  serial.o(i.usart1_niming_report)
    usart1_report_imu_V7_1                   0x080043a9   Thumb Code    66  serial.o(i.usart1_report_imu_V7_1)
    usart1_send_char                         0x080043ed   Thumb Code    28  serial.o(i.usart1_send_char)
    __aeabi_d2f                              0x0800440d   Thumb Code     0  d2f.o(x$fpl$d2f)
    _d2f                                     0x0800440d   Thumb Code    98  d2f.o(x$fpl$d2f)
    __aeabi_dadd                             0x08004471   Thumb Code     0  daddsub_clz.o(x$fpl$dadd)
    _dadd                                    0x08004471   Thumb Code   332  daddsub_clz.o(x$fpl$dadd)
    __fpl_dcheck_NaN1                        0x080045c1   Thumb Code    10  dcheck1.o(x$fpl$dcheck1)
    __fpl_dcmp_Inf                           0x080045d1   Thumb Code    24  dcmpi.o(x$fpl$dcmpinf)
    __aeabi_ddiv                             0x080045e9   Thumb Code     0  ddiv.o(x$fpl$ddiv)
    _ddiv                                    0x080045e9   Thumb Code   552  ddiv.o(x$fpl$ddiv)
    __aeabi_cdcmpeq                          0x08004899   Thumb Code     0  deqf.o(x$fpl$deqf)
    _dcmpeq                                  0x08004899   Thumb Code   120  deqf.o(x$fpl$deqf)
    __aeabi_dmul                             0x08004911   Thumb Code     0  dmul.o(x$fpl$dmul)
    _dmul                                    0x08004911   Thumb Code   332  dmul.o(x$fpl$dmul)
    __fpl_dnaninf                            0x08004a65   Thumb Code   156  dnaninf.o(x$fpl$dnaninf)
    __fpl_dretinf                            0x08004b01   Thumb Code    12  dretinf.o(x$fpl$dretinf)
    __aeabi_drsub                            0x08004b0d   Thumb Code     0  daddsub_clz.o(x$fpl$drsb)
    _drsb                                    0x08004b0d   Thumb Code    22  daddsub_clz.o(x$fpl$drsb)
    _dsqrt                                   0x08004b25   Thumb Code   456  dsqrt_noumaal.o(x$fpl$dsqrt)
    __aeabi_dsub                             0x08004cf1   Thumb Code     0  daddsub_clz.o(x$fpl$dsub)
    _dsub                                    0x08004cf1   Thumb Code   464  daddsub_clz.o(x$fpl$dsub)
    __aeabi_f2d                              0x08004ec5   Thumb Code     0  f2d.o(x$fpl$f2d)
    _f2d                                     0x08004ec5   Thumb Code    86  f2d.o(x$fpl$f2d)
    __aeabi_fadd                             0x08004f1d   Thumb Code     0  faddsub_clz.o(x$fpl$fadd)
    _fadd                                    0x08004f1d   Thumb Code   196  faddsub_clz.o(x$fpl$fadd)
    __fpl_fcmp_Inf                           0x08004fe1   Thumb Code    24  fcmpi.o(x$fpl$fcmpinf)
    __aeabi_fdiv                             0x08004ff9   Thumb Code     0  fdiv.o(x$fpl$fdiv)
    _fdiv                                    0x08004ff9   Thumb Code   384  fdiv.o(x$fpl$fdiv)
    __aeabi_cfcmpeq                          0x0800517d   Thumb Code     0  feqf.o(x$fpl$feqf)
    _fcmpeq                                  0x0800517d   Thumb Code   104  feqf.o(x$fpl$feqf)
    __aeabi_f2iz                             0x080051e5   Thumb Code     0  ffix.o(x$fpl$ffix)
    _ffix                                    0x080051e5   Thumb Code    54  ffix.o(x$fpl$ffix)
    __aeabi_f2uiz                            0x0800521d   Thumb Code     0  ffixu.o(x$fpl$ffixu)
    _ffixu                                   0x0800521d   Thumb Code    62  ffixu.o(x$fpl$ffixu)
    __aeabi_i2f                              0x0800525d   Thumb Code     0  fflt_clz.o(x$fpl$fflt)
    _fflt                                    0x0800525d   Thumb Code    48  fflt_clz.o(x$fpl$fflt)
    __aeabi_ui2f                             0x0800528d   Thumb Code     0  fflt_clz.o(x$fpl$ffltu)
    _ffltu                                   0x0800528d   Thumb Code    38  fflt_clz.o(x$fpl$ffltu)
    __aeabi_cfcmple                          0x080052b5   Thumb Code     0  fleqf.o(x$fpl$fleqf)
    _fcmple                                  0x080052b5   Thumb Code   104  fleqf.o(x$fpl$fleqf)
    __fpl_fcmple_InfNaN                      0x08005307   Thumb Code     0  fleqf.o(x$fpl$fleqf)
    __aeabi_fmul                             0x0800531d   Thumb Code     0  fmul.o(x$fpl$fmul)
    _fmul                                    0x0800531d   Thumb Code   258  fmul.o(x$fpl$fmul)
    __fpl_fnaninf                            0x0800541f   Thumb Code   140  fnaninf.o(x$fpl$fnaninf)
    __fpl_fretinf                            0x080054ab   Thumb Code    10  fretinf.o(x$fpl$fretinf)
    __aeabi_cfrcmple                         0x080054b5   Thumb Code     0  frleqf.o(x$fpl$frleqf)
    _frcmple                                 0x080054b5   Thumb Code    98  frleqf.o(x$fpl$frleqf)
    __aeabi_fsub                             0x08005519   Thumb Code     0  faddsub_clz.o(x$fpl$fsub)
    _fsub                                    0x08005519   Thumb Code   234  faddsub_clz.o(x$fpl$fsub)
    __fpl_return_NaN                         0x08005603   Thumb Code   100  retnan.o(x$fpl$retnan)
    __ARM_scalbn                             0x08005667   Thumb Code    92  scalbn.o(x$fpl$scalbn)
    __fpl_cmpreturn                          0x080056c3   Thumb Code    48  trapv.o(x$fpl$trapveneer)
    __I$use$fp                               0x080056f2   Number         0  usenofp.o(x$fpl$usenofp)
    hw                                       0x080056f4   Data          12  inv_mpu.o(.constdata)
    reg                                      0x08005700   Data          27  inv_mpu.o(.constdata)
    test                                     0x0800571c   Data          40  inv_mpu.o(.constdata)
    __mathlib_zero                           0x08006428   Data           8  qnan.o(.constdata)
    Region$$Table$$Base                      0x08006430   Number         0  anon$$obj.o(Region$$Table)
    Region$$Table$$Limit                     0x08006450   Number         0  anon$$obj.o(Region$$Table)
    SystemCoreClock                          0x20000000   Data           4  system_stm32f10x.o(.data)
    AHBPrescTable                            0x20000004   Data          16  system_stm32f10x.o(.data)
    gyro                                     0x20000058   Data           6  mpu6050.o(.data)
    accel                                    0x2000005e   Data           6  mpu6050.o(.data)
    sensors                                  0x20000064   Data           2  mpu6050.o(.data)
    Pitch                                    0x20000068   Data           4  mpu6050.o(.data)
    Roll                                     0x2000006c   Data           4  mpu6050.o(.data)
    Yaw                                      0x20000070   Data           4  mpu6050.o(.data)
    q0                                       0x20000074   Data           4  mpu6050.o(.data)
    q1                                       0x20000078   Data           4  mpu6050.o(.data)
    q2                                       0x2000007c   Data           4  mpu6050.o(.data)
    q3                                       0x20000080   Data           4  mpu6050.o(.data)
    ack                                      0x20000090   Data           4  mpu6050.o(.data)
    Gx_offset                                0x20000094   Data           2  mpu6050.o(.data)
    Gy_offset                                0x20000096   Data           2  mpu6050.o(.data)
    Gz_offset                                0x20000098   Data           2  mpu6050.o(.data)
    gx                                       0x2000009c   Data           2  main.o(.data)
    gy                                       0x2000009e   Data           2  main.o(.data)
    gz                                       0x200000a0   Data           2  main.o(.data)
    ax                                       0x200000a2   Data           2  main.o(.data)
    ay                                       0x200000a4   Data           2  main.o(.data)
    az                                       0x200000a6   Data           2  main.o(.data)
    yaw                                      0x200000a8   Data           4  main.o(.data)
    yaw_acc_error                            0x200000ac   Data           4  main.o(.data)
    roll                                     0x200000b0   Data           4  main.o(.data)
    pitch                                    0x200000b4   Data           4  main.o(.data)
    addr                                     0x200000b8   Data           1  main.o(.data)
    buffer                                   0x200000cc   Data          14  mpu6050.o(.bss)
    MPU6050_FIFO                             0x200000da   Data         132  mpu6050.o(.bss)
    __libspace_start                         0x20000160   Data          96  libspace.o(.bss)
    __temporary_stack_top$libspace           0x200001c0   Data           0  libspace.o(.bss)



==============================================================================

Memory Map of the image

  Image Entry point : 0x08000131

  Load Region LR_IROM1 (Base: 0x08000000, Size: 0x0000650c, Max: 0x00040000, ABSOLUTE)

    Execution Region ER_IROM1 (Exec base: 0x08000000, Load base: 0x08000000, Size: 0x00006450, Max: 0x00040000, ABSOLUTE)

    Exec Addr    Load Addr    Size         Type   Attr      Idx    E Section Name        Object

    0x08000000   0x08000000   0x00000130   Data   RO          132    RESET               startup_stm32f10x_hd.o
    0x08000130   0x08000130   0x00000008   Code   RO         4194  * !!!main             c_w.l(__main.o)
    0x08000138   0x08000138   0x00000034   Code   RO         4506    !!!scatter          c_w.l(__scatter.o)
    0x0800016c   0x0800016c   0x0000001a   Code   RO         4508    !!handler_copy      c_w.l(__scatter_copy.o)
    0x08000186   0x08000186   0x00000002   PAD
    0x08000188   0x08000188   0x0000001c   Code   RO         4510    !!handler_zi        c_w.l(__scatter_zi.o)
    0x080001a4   0x080001a4   0x00000002   Code   RO         4369    .ARM.Collect$$libinit$$00000000  c_w.l(libinit.o)
    0x080001a6   0x080001a6   0x00000000   Code   RO         4379    .ARM.Collect$$libinit$$00000002  c_w.l(libinit2.o)
    0x080001a6   0x080001a6   0x00000000   Code   RO         4381    .ARM.Collect$$libinit$$00000004  c_w.l(libinit2.o)
    0x080001a6   0x080001a6   0x00000000   Code   RO         4384    .ARM.Collect$$libinit$$0000000A  c_w.l(libinit2.o)
    0x080001a6   0x080001a6   0x00000000   Code   RO         4386    .ARM.Collect$$libinit$$0000000C  c_w.l(libinit2.o)
    0x080001a6   0x080001a6   0x00000000   Code   RO         4388    .ARM.Collect$$libinit$$0000000E  c_w.l(libinit2.o)
    0x080001a6   0x080001a6   0x00000000   Code   RO         4391    .ARM.Collect$$libinit$$00000011  c_w.l(libinit2.o)
    0x080001a6   0x080001a6   0x00000000   Code   RO         4393    .ARM.Collect$$libinit$$00000013  c_w.l(libinit2.o)
    0x080001a6   0x080001a6   0x00000000   Code   RO         4395    .ARM.Collect$$libinit$$00000015  c_w.l(libinit2.o)
    0x080001a6   0x080001a6   0x00000000   Code   RO         4397    .ARM.Collect$$libinit$$00000017  c_w.l(libinit2.o)
    0x080001a6   0x080001a6   0x00000000   Code   RO         4399    .ARM.Collect$$libinit$$00000019  c_w.l(libinit2.o)
    0x080001a6   0x080001a6   0x00000000   Code   RO         4401    .ARM.Collect$$libinit$$0000001B  c_w.l(libinit2.o)
    0x080001a6   0x080001a6   0x00000000   Code   RO         4403    .ARM.Collect$$libinit$$0000001D  c_w.l(libinit2.o)
    0x080001a6   0x080001a6   0x00000000   Code   RO         4405    .ARM.Collect$$libinit$$0000001F  c_w.l(libinit2.o)
    0x080001a6   0x080001a6   0x00000000   Code   RO         4407    .ARM.Collect$$libinit$$00000021  c_w.l(libinit2.o)
    0x080001a6   0x080001a6   0x00000000   Code   RO         4409    .ARM.Collect$$libinit$$00000023  c_w.l(libinit2.o)
    0x080001a6   0x080001a6   0x00000000   Code   RO         4411    .ARM.Collect$$libinit$$00000025  c_w.l(libinit2.o)
    0x080001a6   0x080001a6   0x00000000   Code   RO         4415    .ARM.Collect$$libinit$$0000002C  c_w.l(libinit2.o)
    0x080001a6   0x080001a6   0x00000000   Code   RO         4417    .ARM.Collect$$libinit$$0000002E  c_w.l(libinit2.o)
    0x080001a6   0x080001a6   0x00000000   Code   RO         4419    .ARM.Collect$$libinit$$00000030  c_w.l(libinit2.o)
    0x080001a6   0x080001a6   0x00000000   Code   RO         4421    .ARM.Collect$$libinit$$00000032  c_w.l(libinit2.o)
    0x080001a6   0x080001a6   0x00000002   Code   RO         4422    .ARM.Collect$$libinit$$00000033  c_w.l(libinit2.o)
    0x080001a8   0x080001a8   0x00000002   Code   RO         4454    .ARM.Collect$$libshutdown$$00000000  c_w.l(libshutdown.o)
    0x080001aa   0x080001aa   0x00000000   Code   RO         4471    .ARM.Collect$$libshutdown$$00000002  c_w.l(libshutdown2.o)
    0x080001aa   0x080001aa   0x00000000   Code   RO         4473    .ARM.Collect$$libshutdown$$00000004  c_w.l(libshutdown2.o)
    0x080001aa   0x080001aa   0x00000000   Code   RO         4475    .ARM.Collect$$libshutdown$$00000006  c_w.l(libshutdown2.o)
    0x080001aa   0x080001aa   0x00000000   Code   RO         4478    .ARM.Collect$$libshutdown$$00000009  c_w.l(libshutdown2.o)
    0x080001aa   0x080001aa   0x00000000   Code   RO         4481    .ARM.Collect$$libshutdown$$0000000C  c_w.l(libshutdown2.o)
    0x080001aa   0x080001aa   0x00000000   Code   RO         4483    .ARM.Collect$$libshutdown$$0000000E  c_w.l(libshutdown2.o)
    0x080001aa   0x080001aa   0x00000000   Code   RO         4486    .ARM.Collect$$libshutdown$$00000011  c_w.l(libshutdown2.o)
    0x080001aa   0x080001aa   0x00000002   Code   RO         4487    .ARM.Collect$$libshutdown$$00000012  c_w.l(libshutdown2.o)
    0x080001ac   0x080001ac   0x00000000   Code   RO         4258    .ARM.Collect$$rtentry$$00000000  c_w.l(__rtentry.o)
    0x080001ac   0x080001ac   0x00000000   Code   RO         4322    .ARM.Collect$$rtentry$$00000002  c_w.l(__rtentry2.o)
    0x080001ac   0x080001ac   0x00000006   Code   RO         4334    .ARM.Collect$$rtentry$$00000004  c_w.l(__rtentry4.o)
    0x080001b2   0x080001b2   0x00000000   Code   RO         4324    .ARM.Collect$$rtentry$$00000009  c_w.l(__rtentry2.o)
    0x080001b2   0x080001b2   0x00000004   Code   RO         4325    .ARM.Collect$$rtentry$$0000000A  c_w.l(__rtentry2.o)
    0x080001b6   0x080001b6   0x00000000   Code   RO         4327    .ARM.Collect$$rtentry$$0000000C  c_w.l(__rtentry2.o)
    0x080001b6   0x080001b6   0x00000008   Code   RO         4328    .ARM.Collect$$rtentry$$0000000D  c_w.l(__rtentry2.o)
    0x080001be   0x080001be   0x00000002   Code   RO         4372    .ARM.Collect$$rtexit$$00000000  c_w.l(rtexit.o)
    0x080001c0   0x080001c0   0x00000000   Code   RO         4426    .ARM.Collect$$rtexit$$00000002  c_w.l(rtexit2.o)
    0x080001c0   0x080001c0   0x00000004   Code   RO         4427    .ARM.Collect$$rtexit$$00000003  c_w.l(rtexit2.o)
    0x080001c4   0x080001c4   0x00000006   Code   RO         4428    .ARM.Collect$$rtexit$$00000004  c_w.l(rtexit2.o)
    0x080001ca   0x080001ca   0x00000002   PAD
    0x080001cc   0x080001cc   0x00000040   Code   RO          133    .text               startup_stm32f10x_hd.o
    0x0800020c   0x0800020c   0x00000048   Code   RO         4186    .text               c_w.l(llsdiv.o)
    0x08000254   0x08000254   0x00000058   Code   RO         4188    .text               c_w.l(memcmp.o)
    0x080002ac   0x080002ac   0x00000010   Code   RO         4190    .text               c_w.l(aeabi_memset.o)
    0x080002bc   0x080002bc   0x00000006   Code   RO         4192    .text               c_w.l(heapauxi.o)
    0x080002c2   0x080002c2   0x000000ee   Code   RO         4259    .text               c_w.l(lludivv7m.o)
    0x080003b0   0x080003b0   0x00000016   Code   RO         4261    .text               c_w.l(_rserrno.o)
    0x080003c6   0x080003c6   0x00000044   Code   RO         4263    .text               c_w.l(rt_memclr.o)
    0x0800040a   0x0800040a   0x00000002   PAD
    0x0800040c   0x0800040c   0x00000008   Code   RO         4343    .text               c_w.l(rt_errno_addr_intlibspace.o)
    0x08000414   0x08000414   0x0000004e   Code   RO         4345    .text               c_w.l(rt_memclr_w.o)
    0x08000462   0x08000462   0x00000002   PAD
    0x08000464   0x08000464   0x00000008   Code   RO         4355    .text               c_w.l(libspace.o)
    0x0800046c   0x0800046c   0x0000004a   Code   RO         4358    .text               c_w.l(sys_stackheap_outer.o)
    0x080004b6   0x080004b6   0x00000012   Code   RO         4362    .text               c_w.l(exit.o)
    0x080004c8   0x080004c8   0x0000000c   Code   RO         4442    .text               c_w.l(sys_exit.o)
    0x080004d4   0x080004d4   0x00000002   Code   RO         4459    .text               c_w.l(use_no_semi.o)
    0x080004d6   0x080004d6   0x00000000   Code   RO         4461    .text               c_w.l(indicate_semi.o)
    0x080004d6   0x080004d6   0x00000004   Code   RO         4121    i.BusFault_Handler  stm32f10x_it.o
    0x080004da   0x080004da   0x00000002   PAD
    0x080004dc   0x080004dc   0x00000090   Code   RO         3907    i.DMP_Init          mpu6050.o
    0x0800056c   0x0800056c   0x00000002   Code   RO         4122    i.DebugMon_Handler  stm32f10x_it.o
    0x0800056e   0x0800056e   0x00000002   PAD
    0x08000570   0x08000570   0x00000044   Code   RO         3196    i.Delay_init        delay.o
    0x080005b4   0x080005b4   0x0000004c   Code   RO         3197    i.Delay_ms          delay.o
    0x08000600   0x08000600   0x0000004c   Code   RO         3198    i.Delay_us          delay.o
    0x0800064c   0x0800064c   0x00000038   Code   RO         4087    i.EXTI3_IRQHandler  main.o
    0x08000684   0x08000684   0x0000000c   Code   RO          985    i.EXTI_ClearITPendingBit  stm32f10x_exti.o
    0x08000690   0x08000690   0x00000094   Code   RO          990    i.EXTI_Init         stm32f10x_exti.o
    0x08000724   0x08000724   0x00000040   Code   RO         1344    i.GPIO_EXTILineConfig  stm32f10x_gpio.o
    0x08000764   0x08000764   0x00000116   Code   RO         1347    i.GPIO_Init         stm32f10x_gpio.o
    0x0800087a   0x0800087a   0x00000004   Code   RO         4123    i.HardFault_Handler  stm32f10x_it.o
    0x0800087e   0x0800087e   0x00000046   Code   RO         3796    i.I2C_ReadOneByte   ioi2c.o
    0x080008c4   0x080008c4   0x0000004c   Code   RO         3797    i.IIC_Ack           ioi2c.o
    0x08000910   0x08000910   0x0000002c   Code   RO         3798    i.IIC_Init          ioi2c.o
    0x0800093c   0x0800093c   0x0000004c   Code   RO         3799    i.IIC_NAck          ioi2c.o
    0x08000988   0x08000988   0x00000070   Code   RO         3800    i.IIC_Read_Byte     ioi2c.o
    0x080009f8   0x080009f8   0x00000064   Code   RO         3801    i.IIC_Send_Byte     ioi2c.o
    0x08000a5c   0x08000a5c   0x00000068   Code   RO         3802    i.IIC_Start         ioi2c.o
    0x08000ac4   0x08000ac4   0x00000048   Code   RO         3803    i.IIC_Stop          ioi2c.o
    0x08000b0c   0x08000b0c   0x00000068   Code   RO         3804    i.IIC_Wait_Ack      ioi2c.o
    0x08000b74   0x08000b74   0x00000016   Code   RO         3805    i.IICreadByte       ioi2c.o
    0x08000b8a   0x08000b8a   0x00000002   PAD
    0x08000b8c   0x08000b8c   0x00000074   Code   RO         3806    i.IICreadBytes      ioi2c.o
    0x08000c00   0x08000c00   0x00000040   Code   RO         3807    i.IICwriteBit       ioi2c.o
    0x08000c40   0x08000c40   0x0000006a   Code   RO         3808    i.IICwriteBits      ioi2c.o
    0x08000caa   0x08000caa   0x00000014   Code   RO         3809    i.IICwriteByte      ioi2c.o
    0x08000cbe   0x08000cbe   0x00000046   Code   RO         3810    i.IICwriteBytes     ioi2c.o
    0x08000d04   0x08000d04   0x0000006c   Code   RO         3781    i.MBOT_EXTI_Init    myexti.o
    0x08000d70   0x08000d70   0x00000018   Code   RO         3908    i.MPU6050_getDeviceID  mpu6050.o
    0x08000d88   0x08000d88   0x00000028   Code   RO         3909    i.MPU6050_initialize  mpu6050.o
    0x08000db0   0x08000db0   0x00000014   Code   RO         3911    i.MPU6050_setClockSource  mpu6050.o
    0x08000dc4   0x08000dc4   0x00000014   Code   RO         3912    i.MPU6050_setFullScaleAccelRange  mpu6050.o
    0x08000dd8   0x08000dd8   0x00000014   Code   RO         3913    i.MPU6050_setFullScaleGyroRange  mpu6050.o
    0x08000dec   0x08000dec   0x00000012   Code   RO         3914    i.MPU6050_setI2CBypassEnabled  mpu6050.o
    0x08000dfe   0x08000dfe   0x00000012   Code   RO         3915    i.MPU6050_setI2CMasterModeEnabled  mpu6050.o
    0x08000e10   0x08000e10   0x00000012   Code   RO         3916    i.MPU6050_setSleepEnabled  mpu6050.o
    0x08000e22   0x08000e22   0x00000012   Code   RO         3917    i.MPU6050_testConnection  mpu6050.o
    0x08000e34   0x08000e34   0x00000046   Code   RO         3918    i.MPU_Get_Accelerometer  mpu6050.o
    0x08000e7a   0x08000e7a   0x00000046   Code   RO         3919    i.MPU_Get_Gyroscope  mpu6050.o
    0x08000ec0   0x08000ec0   0x00000004   Code   RO         4124    i.MemManage_Handler  stm32f10x_it.o
    0x08000ec4   0x08000ec4   0x00000002   Code   RO         4125    i.NMI_Handler       stm32f10x_it.o
    0x08000ec6   0x08000ec6   0x00000002   PAD
    0x08000ec8   0x08000ec8   0x00000070   Code   RO          137    i.NVIC_Init         misc.o
    0x08000f38   0x08000f38   0x00000002   Code   RO         4126    i.PendSV_Handler    stm32f10x_it.o
    0x08000f3a   0x08000f3a   0x00000002   PAD
    0x08000f3c   0x08000f3c   0x00000020   Code   RO         1777    i.RCC_APB2PeriphClockCmd  stm32f10x_rcc.o
    0x08000f5c   0x08000f5c   0x000000d4   Code   RO         1785    i.RCC_GetClocksFreq  stm32f10x_rcc.o
    0x08001030   0x08001030   0x0000025c   Code   RO         3920    i.Read_DMP          mpu6050.o
    0x0800128c   0x0800128c   0x00000002   Code   RO         4127    i.SVC_Handler       stm32f10x_it.o
    0x0800128e   0x0800128e   0x00000002   PAD
    0x08001290   0x08001290   0x0000006c   Code   RO         4051    i.Serial_Init       serial.o
    0x080012fc   0x080012fc   0x00000008   Code   RO           17    i.SetSysClock       system_stm32f10x.o
    0x08001304   0x08001304   0x000000e0   Code   RO           18    i.SetSysClockTo72   system_stm32f10x.o
    0x080013e4   0x080013e4   0x00000028   Code   RO          141    i.SysTick_CLKSourceConfig  misc.o
    0x0800140c   0x0800140c   0x00000002   Code   RO         4128    i.SysTick_Handler   stm32f10x_it.o
    0x0800140e   0x0800140e   0x00000002   PAD
    0x08001410   0x08001410   0x00000060   Code   RO           20    i.SystemInit        system_stm32f10x.o
    0x08001470   0x08001470   0x00000018   Code   RO         3225    i.TIM2_IRQHandler   timer.o
    0x08001488   0x08001488   0x00000006   Code   RO         2416    i.TIM_ClearITPendingBit  stm32f10x_tim.o
    0x0800148e   0x0800148e   0x00000022   Code   RO         2442    i.TIM_GetITStatus   stm32f10x_tim.o
    0x080014b0   0x080014b0   0x00000018   Code   RO         2960    i.USART_Cmd         stm32f10x_usart.o
    0x080014c8   0x080014c8   0x0000001a   Code   RO         2963    i.USART_GetFlagStatus  stm32f10x_usart.o
    0x080014e2   0x080014e2   0x00000002   PAD
    0x080014e4   0x080014e4   0x000000d8   Code   RO         2967    i.USART_Init        stm32f10x_usart.o
    0x080015bc   0x080015bc   0x00000008   Code   RO         2977    i.USART_SendData    stm32f10x_usart.o
    0x080015c4   0x080015c4   0x00000004   Code   RO         4129    i.UsageFault_Handler  stm32f10x_it.o
    0x080015c8   0x080015c8   0x00000028   Code   RO         4308    i.__ARM_fpclassify  m_ws.l(fpclassify.o)
    0x080015f0   0x080015f0   0x000000aa   Code   RO         4310    i.__kernel_poly     m_ws.l(poly.o)
    0x0800169a   0x0800169a   0x00000006   Code   RO         4295    i.__mathlib_dbl_infnan  m_ws.l(dunder.o)
    0x080016a0   0x080016a0   0x00000004   Code   RO         4296    i.__mathlib_dbl_infnan2  m_ws.l(dunder.o)
    0x080016a4   0x080016a4   0x0000000c   Code   RO         4297    i.__mathlib_dbl_invalid  m_ws.l(dunder.o)
    0x080016b0   0x080016b0   0x00000010   Code   RO         4300    i.__mathlib_dbl_underflow  m_ws.l(dunder.o)
    0x080016c0   0x080016c0   0x000000a8   Code   RO         3288    i.accel_self_test   inv_mpu.o
    0x08001768   0x08001768   0x00000270   Code   RO         4241    i.asin              m_ws.l(asin.o)
    0x080019d8   0x080019d8   0x00000220   Code   RO         4285    i.atan              m_ws.l(atan.o)
    0x08001bf8   0x08001bf8   0x0000019c   Code   RO         4251    i.atan2             m_ws.l(atan2.o)
    0x08001d94   0x08001d94   0x00000064   Code   RO         3592    i.decode_gesture    inv_mpu_dmp_motion_driver.o
    0x08001df8   0x08001df8   0x0000003c   Code   RO         3593    i.dmp_enable_6x_lp_quat  inv_mpu_dmp_motion_driver.o
    0x08001e34   0x08001e34   0x0000021c   Code   RO         3594    i.dmp_enable_feature  inv_mpu_dmp_motion_driver.o
    0x08002050   0x08002050   0x00000058   Code   RO         3595    i.dmp_enable_gyro_cal  inv_mpu_dmp_motion_driver.o
    0x080020a8   0x080020a8   0x0000003c   Code   RO         3596    i.dmp_enable_lp_quat  inv_mpu_dmp_motion_driver.o
    0x080020e4   0x080020e4   0x00000018   Code   RO         3601    i.dmp_load_motion_driver_firmware  inv_mpu_dmp_motion_driver.o
    0x080020fc   0x080020fc   0x000001cc   Code   RO         3602    i.dmp_read_fifo     inv_mpu_dmp_motion_driver.o
    0x080022c8   0x080022c8   0x00000130   Code   RO         3605    i.dmp_set_accel_bias  inv_mpu_dmp_motion_driver.o
    0x080023f8   0x080023f8   0x00000070   Code   RO         3606    i.dmp_set_fifo_rate  inv_mpu_dmp_motion_driver.o
    0x08002468   0x08002468   0x00000130   Code   RO         3607    i.dmp_set_gyro_bias  inv_mpu_dmp_motion_driver.o
    0x08002598   0x08002598   0x00000138   Code   RO         3609    i.dmp_set_orientation  inv_mpu_dmp_motion_driver.o
    0x080026d0   0x080026d0   0x00000038   Code   RO         3612    i.dmp_set_shake_reject_thresh  inv_mpu_dmp_motion_driver.o
    0x08002708   0x08002708   0x00000026   Code   RO         3613    i.dmp_set_shake_reject_time  inv_mpu_dmp_motion_driver.o
    0x0800272e   0x0800272e   0x00000026   Code   RO         3614    i.dmp_set_shake_reject_timeout  inv_mpu_dmp_motion_driver.o
    0x08002754   0x08002754   0x00000046   Code   RO         3615    i.dmp_set_tap_axes  inv_mpu_dmp_motion_driver.o
    0x0800279a   0x0800279a   0x00000026   Code   RO         3616    i.dmp_set_tap_count  inv_mpu_dmp_motion_driver.o
    0x080027c0   0x080027c0   0x000001a0   Code   RO         3617    i.dmp_set_tap_thresh  inv_mpu_dmp_motion_driver.o
    0x08002960   0x08002960   0x00000026   Code   RO         3618    i.dmp_set_tap_time  inv_mpu_dmp_motion_driver.o
    0x08002986   0x08002986   0x00000026   Code   RO         3619    i.dmp_set_tap_time_multi  inv_mpu_dmp_motion_driver.o
    0x080029ac   0x080029ac   0x00000054   Code   RO         3922    i.getAngle          mpu6050.o
    0x08002a00   0x08002a00   0x000000b4   Code   RO         3289    i.get_accel_prod_shift  inv_mpu.o
    0x08002ab4   0x08002ab4   0x0000046c   Code   RO         3290    i.get_st_biases     inv_mpu.o
    0x08002f20   0x08002f20   0x00000110   Code   RO         3291    i.gyro_self_test    inv_mpu.o
    0x08003030   0x08003030   0x00000076   Code   RO         3811    i.i2cRead           ioi2c.o
    0x080030a6   0x080030a6   0x00000060   Code   RO         3812    i.i2cWrite          ioi2c.o
    0x08003106   0x08003106   0x00000028   Code   RO         3923    i.inv_orientation_matrix_to_scalar  mpu6050.o
    0x0800312e   0x0800312e   0x0000004e   Code   RO         3924    i.inv_row_2_scale   mpu6050.o
    0x0800317c   0x0800317c   0x00000108   Code   RO         4088    i.main              main.o
    0x08003284   0x08003284   0x00000070   Code   RO         3292    i.mpu_configure_fifo  inv_mpu.o
    0x080032f4   0x080032f4   0x0000004c   Code   RO         3293    i.mpu_get_accel_fsr  inv_mpu.o
    0x08003340   0x08003340   0x00000054   Code   RO         3295    i.mpu_get_accel_sens  inv_mpu.o
    0x08003394   0x08003394   0x00000010   Code   RO         3300    i.mpu_get_fifo_config  inv_mpu.o
    0x080033a4   0x080033a4   0x00000044   Code   RO         3301    i.mpu_get_gyro_fsr  inv_mpu.o
    0x080033e8   0x080033e8   0x00000050   Code   RO         3303    i.mpu_get_gyro_sens  inv_mpu.o
    0x08003438   0x08003438   0x00000050   Code   RO         3305    i.mpu_get_lpf       inv_mpu.o
    0x08003488   0x08003488   0x00000020   Code   RO         3307    i.mpu_get_sample_rate  inv_mpu.o
    0x080034a8   0x080034a8   0x00000190   Code   RO         3309    i.mpu_init          inv_mpu.o
    0x08003638   0x08003638   0x000000b8   Code   RO         3310    i.mpu_load_firmware  inv_mpu.o
    0x080036f0   0x080036f0   0x000000e0   Code   RO         3311    i.mpu_lp_accel_mode  inv_mpu.o
    0x080037d0   0x080037d0   0x000000c0   Code   RO         3314    i.mpu_read_fifo_stream  inv_mpu.o
    0x08003890   0x08003890   0x00000080   Code   RO         3315    i.mpu_read_mem      inv_mpu.o
    0x08003910   0x08003910   0x000001bc   Code   RO         3318    i.mpu_reset_fifo    inv_mpu.o
    0x08003acc   0x08003acc   0x0000011c   Code   RO         3319    i.mpu_run_self_test  inv_mpu.o
    0x08003be8   0x08003be8   0x00000084   Code   RO         3321    i.mpu_set_accel_fsr  inv_mpu.o
    0x08003c6c   0x08003c6c   0x0000014c   Code   RO         3322    i.mpu_set_bypass    inv_mpu.o
    0x08003db8   0x08003db8   0x00000090   Code   RO         3324    i.mpu_set_dmp_state  inv_mpu.o
    0x08003e48   0x08003e48   0x00000088   Code   RO         3325    i.mpu_set_gyro_fsr  inv_mpu.o
    0x08003ed0   0x08003ed0   0x0000006c   Code   RO         3326    i.mpu_set_int_latched  inv_mpu.o
    0x08003f3c   0x08003f3c   0x00000084   Code   RO         3328    i.mpu_set_lpf       inv_mpu.o
    0x08003fc0   0x08003fc0   0x0000009c   Code   RO         3329    i.mpu_set_sample_rate  inv_mpu.o
    0x0800405c   0x0800405c   0x000000d0   Code   RO         3330    i.mpu_set_sensors   inv_mpu.o
    0x0800412c   0x0800412c   0x00000080   Code   RO         3331    i.mpu_write_mem     inv_mpu.o
    0x080041ac   0x080041ac   0x00000002   Code   RO         3332    i.myget_ms          inv_mpu.o
    0x080041ae   0x080041ae   0x00000090   Code   RO         3925    i.run_self_test     mpu6050.o
    0x0800423e   0x0800423e   0x00000002   PAD
    0x08004240   0x08004240   0x00000090   Code   RO         3333    i.set_int_enable    inv_mpu.o
    0x080042d0   0x080042d0   0x0000004c   Code   RO         4314    i.sqrt              m_ws.l(sqrt.o)
    0x0800431c   0x0800431c   0x0000008c   Code   RO         4053    i.usart1_niming_report  serial.o
    0x080043a8   0x080043a8   0x00000042   Code   RO         4054    i.usart1_report_imu_V7_1  serial.o
    0x080043ea   0x080043ea   0x00000002   PAD
    0x080043ec   0x080043ec   0x00000020   Code   RO         4055    i.usart1_send_char  serial.o
    0x0800440c   0x0800440c   0x00000062   Code   RO         4196    x$fpl$d2f           fz_ws.l(d2f.o)
    0x0800446e   0x0800446e   0x00000002   PAD
    0x08004470   0x08004470   0x00000150   Code   RO         4198    x$fpl$dadd          fz_ws.l(daddsub_clz.o)
    0x080045c0   0x080045c0   0x00000010   Code   RO         4347    x$fpl$dcheck1       fz_ws.l(dcheck1.o)
    0x080045d0   0x080045d0   0x00000018   Code   RO         4349    x$fpl$dcmpinf       fz_ws.l(dcmpi.o)
    0x080045e8   0x080045e8   0x000002b0   Code   RO         4266    x$fpl$ddiv          fz_ws.l(ddiv.o)
    0x08004898   0x08004898   0x00000078   Code   RO         4269    x$fpl$deqf          fz_ws.l(deqf.o)
    0x08004910   0x08004910   0x00000154   Code   RO         4204    x$fpl$dmul          fz_ws.l(dmul.o)
    0x08004a64   0x08004a64   0x0000009c   Code   RO         4271    x$fpl$dnaninf       fz_ws.l(dnaninf.o)
    0x08004b00   0x08004b00   0x0000000c   Code   RO         4273    x$fpl$dretinf       fz_ws.l(dretinf.o)
    0x08004b0c   0x08004b0c   0x00000016   Code   RO         4199    x$fpl$drsb          fz_ws.l(daddsub_clz.o)
    0x08004b22   0x08004b22   0x00000002   PAD
    0x08004b24   0x08004b24   0x000001cc   Code   RO         4353    x$fpl$dsqrt         fz_ws.l(dsqrt_noumaal.o)
    0x08004cf0   0x08004cf0   0x000001d4   Code   RO         4200    x$fpl$dsub          fz_ws.l(daddsub_clz.o)
    0x08004ec4   0x08004ec4   0x00000056   Code   RO         4206    x$fpl$f2d           fz_ws.l(f2d.o)
    0x08004f1a   0x08004f1a   0x00000002   PAD
    0x08004f1c   0x08004f1c   0x000000c4   Code   RO         4208    x$fpl$fadd          fz_ws.l(faddsub_clz.o)
    0x08004fe0   0x08004fe0   0x00000018   Code   RO         4275    x$fpl$fcmpinf       fz_ws.l(fcmpi.o)
    0x08004ff8   0x08004ff8   0x00000184   Code   RO         4215    x$fpl$fdiv          fz_ws.l(fdiv.o)
    0x0800517c   0x0800517c   0x00000068   Code   RO         4218    x$fpl$feqf          fz_ws.l(feqf.o)
    0x080051e4   0x080051e4   0x00000036   Code   RO         4220    x$fpl$ffix          fz_ws.l(ffix.o)
    0x0800521a   0x0800521a   0x00000002   PAD
    0x0800521c   0x0800521c   0x0000003e   Code   RO         4224    x$fpl$ffixu         fz_ws.l(ffixu.o)
    0x0800525a   0x0800525a   0x00000002   PAD
    0x0800525c   0x0800525c   0x00000030   Code   RO         4229    x$fpl$fflt          fz_ws.l(fflt_clz.o)
    0x0800528c   0x0800528c   0x00000026   Code   RO         4228    x$fpl$ffltu         fz_ws.l(fflt_clz.o)
    0x080052b2   0x080052b2   0x00000002   PAD
    0x080052b4   0x080052b4   0x00000068   Code   RO         4234    x$fpl$fleqf         fz_ws.l(fleqf.o)
    0x0800531c   0x0800531c   0x00000102   Code   RO         4236    x$fpl$fmul          fz_ws.l(fmul.o)
    0x0800541e   0x0800541e   0x0000008c   Code   RO         4277    x$fpl$fnaninf       fz_ws.l(fnaninf.o)
    0x080054aa   0x080054aa   0x0000000a   Code   RO         4279    x$fpl$fretinf       fz_ws.l(fretinf.o)
    0x080054b4   0x080054b4   0x00000062   Code   RO         4238    x$fpl$frleqf        fz_ws.l(frleqf.o)
    0x08005516   0x08005516   0x00000002   PAD
    0x08005518   0x08005518   0x000000ea   Code   RO         4210    x$fpl$fsub          fz_ws.l(faddsub_clz.o)
    0x08005602   0x08005602   0x00000064   Code   RO         4370    x$fpl$retnan        fz_ws.l(retnan.o)
    0x08005666   0x08005666   0x0000005c   Code   RO         4281    x$fpl$scalbn        fz_ws.l(scalbn.o)
    0x080056c2   0x080056c2   0x00000030   Code   RO         4423    x$fpl$trapveneer    fz_ws.l(trapv.o)
    0x080056f2   0x080056f2   0x00000000   Code   RO         4283    x$fpl$usenofp       fz_ws.l(usenofp.o)
    0x080056f2   0x080056f2   0x00000002   PAD
    0x080056f4   0x080056f4   0x00000050   Data   RO         3334    .constdata          inv_mpu.o
    0x08005744   0x08005744   0x00000bf6   Data   RO         3621    .constdata          inv_mpu_dmp_motion_driver.o
    0x0800633a   0x0800633a   0x00000006   PAD
    0x08006340   0x08006340   0x00000050   Data   RO         4242    .constdata          m_ws.l(asin.o)
    0x08006390   0x08006390   0x00000098   Data   RO         4286    .constdata          m_ws.l(atan.o)
    0x08006428   0x08006428   0x00000008   Data   RO         4312    .constdata          m_ws.l(qnan.o)
    0x08006430   0x08006430   0x00000020   Data   RO         4504    Region$$Table       anon$$obj.o


    Execution Region RW_IRAM1 (Exec base: 0x20000000, Load base: 0x08006450, Size: 0x000007c0, Max: 0x0000c000, ABSOLUTE)

    Exec Addr    Load Addr    Size         Type   Attr      Idx    E Section Name        Object

    0x20000000   0x08006450   0x00000014   Data   RW           21    .data               system_stm32f10x.o
    0x20000014   0x08006464   0x00000014   Data   RW         1805    .data               stm32f10x_rcc.o
    0x20000028   0x08006478   0x00000004   Data   RW         3199    .data               delay.o
    0x2000002c   0x0800647c   0x0000002c   Data   RW         3335    .data               inv_mpu.o
    0x20000058   0x080064a8   0x00000042   Data   RW         3927    .data               mpu6050.o
    0x2000009a   0x080064ea   0x00000002   PAD
    0x2000009c   0x080064ec   0x0000001d   Data   RW         4089    .data               main.o
    0x200000b9   0x08006509   0x00000003   PAD
    0x200000bc        -       0x00000010   Zero   RW         3620    .bss                inv_mpu_dmp_motion_driver.o
    0x200000cc        -       0x00000092   Zero   RW         3926    .bss                mpu6050.o
    0x2000015e   0x08006509   0x00000002   PAD
    0x20000160        -       0x00000060   Zero   RW         4356    .bss                c_w.l(libspace.o)
    0x200001c0        -       0x00000200   Zero   RW          131    HEAP                startup_stm32f10x_hd.o
    0x200003c0        -       0x00000400   Zero   RW          130    STACK               startup_stm32f10x_hd.o


==============================================================================

Image component sizes


      Code (inc. data)   RO Data    RW Data    ZI Data      Debug   Object Name

         0          0          0          0          0       4540   core_cm3.o
       220         26          0          4          0       1467   delay.o
      5778        202         80         44          0      24794   inv_mpu.o
      3096        122       3062          0         16      19110   inv_mpu_dmp_motion_driver.o
      1370         98          0          0          0      10210   ioi2c.o
       320         70          0         29          0       1268   main.o
       152         12          0          0          0     208074   misc.o
      1430         76          0         66        146      25346   mpu6050.o
       108          4          0          0          0        553   myexti.o
       346         12          0          0          0       2741   serial.o
        64         26        304          0       1536        756   startup_stm32f10x_hd.o
         0          0          0          0          0       1620   stm32f10x_adc.o
       160         12          0          0          0       3369   stm32f10x_exti.o
       342          4          0          0          0      10638   stm32f10x_gpio.o
        26          0          0          0          0       3398   stm32f10x_it.o
       244         26          0         20          0      12237   stm32f10x_rcc.o
        40          0          0          0          0      21794   stm32f10x_tim.o
       274          6          0          0          0       9604   stm32f10x_usart.o
       328         28          0         20          0      24877   system_stm32f10x.o
        24          0          0          0          0        398   timer.o

    ----------------------------------------------------------------------
     14342        724       3484        188       1700     386794   Object Totals
         0          0         32          0          0          0   (incl. Generated)
        20          0          6          5          2          0   (incl. Padding)

    ----------------------------------------------------------------------

      Code (inc. data)   RO Data    RW Data    ZI Data      Debug   Library Member Name

         8          0          0          0          0         68   __main.o
         0          0          0          0          0          0   __rtentry.o
        12          0          0          0          0          0   __rtentry2.o
         6          0          0          0          0          0   __rtentry4.o
        52          8          0          0          0          0   __scatter.o
        26          0          0          0          0          0   __scatter_copy.o
        28          0          0          0          0          0   __scatter_zi.o
        22          0          0          0          0        100   _rserrno.o
        16          0          0          0          0         68   aeabi_memset.o
        18          0          0          0          0         80   exit.o
         6          0          0          0          0        152   heapauxi.o
         0          0          0          0          0          0   indicate_semi.o
         2          0          0          0          0          0   libinit.o
         2          0          0          0          0          0   libinit2.o
         2          0          0          0          0          0   libshutdown.o
         2          0          0          0          0          0   libshutdown2.o
         8          4          0          0         96         68   libspace.o
        72          0          0          0          0         76   llsdiv.o
       238          0          0          0          0        100   lludivv7m.o
        88          0          0          0          0         76   memcmp.o
         8          4          0          0          0         68   rt_errno_addr_intlibspace.o
        68          0          0          0          0         68   rt_memclr.o
        78          0          0          0          0         80   rt_memclr_w.o
         2          0          0          0          0          0   rtexit.o
        10          0          0          0          0          0   rtexit2.o
        12          4          0          0          0         68   sys_exit.o
        74          0          0          0          0         80   sys_stackheap_outer.o
         2          0          0          0          0         68   use_no_semi.o
        98          4          0          0          0         92   d2f.o
       826         16          0          0          0        348   daddsub_clz.o
        16          4          0          0          0         68   dcheck1.o
        24          0          0          0          0         68   dcmpi.o
       688        140          0          0          0        208   ddiv.o
       120          4          0          0          0         92   deqf.o
       340         12          0          0          0        104   dmul.o
       156          4          0          0          0         92   dnaninf.o
        12          0          0          0          0         68   dretinf.o
       460         56          0          0          0        120   dsqrt_noumaal.o
        86          4          0          0          0         84   f2d.o
       430          8          0          0          0        168   faddsub_clz.o
        24          0          0          0          0         68   fcmpi.o
       388         76          0          0          0         96   fdiv.o
       104          4          0          0          0         84   feqf.o
        54          4          0          0          0         84   ffix.o
        62          4          0          0          0         84   ffixu.o
        86          0          0          0          0        136   fflt_clz.o
       104          4          0          0          0         84   fleqf.o
       258          4          0          0          0         84   fmul.o
       140          4          0          0          0         84   fnaninf.o
        10          0          0          0          0         68   fretinf.o
        98          0          0          0          0         68   frleqf.o
       100          0          0          0          0         68   retnan.o
        92          0          0          0          0         68   scalbn.o
        48          0          0          0          0         68   trapv.o
         0          0          0          0          0          0   usenofp.o
       624         52         80          0          0        168   asin.o
       544         70        152          0          0        124   atan.o
       412         38          0          0          0        144   atan2.o
        38          6          0          0          0        272   dunder.o
        40          0          0          0          0         68   fpclassify.o
       170          0          0          0          0         96   poly.o
         0          0          8          0          0          0   qnan.o
        76          0          0          0          0         84   sqrt.o

    ----------------------------------------------------------------------
      7614        538        240          0         96       4832   Library Totals
        24          0          0          0          0          0   (incl. Padding)

    ----------------------------------------------------------------------

      Code (inc. data)   RO Data    RW Data    ZI Data      Debug   Library Name

       862         20          0          0         96       1220   c_w.l
      4824        352          0          0          0       2656   fz_ws.l
      1904        166        240          0          0        956   m_ws.l

    ----------------------------------------------------------------------
      7614        538        240          0         96       4832   Library Totals

    ----------------------------------------------------------------------

==============================================================================


      Code (inc. data)   RO Data    RW Data    ZI Data      Debug   

     21956       1262       3724        188       1796     382990   Grand Totals
     21956       1262       3724        188       1796     382990   ELF Image Totals
     21956       1262       3724        188          0          0   ROM Totals

==============================================================================

    Total RO  Size (Code + RO Data)                25680 (  25.08kB)
    Total RW  Size (RW Data + ZI Data)              1984 (   1.94kB)
    Total ROM Size (Code + RO Data + RW Data)      25868 (  25.26kB)

==============================================================================

